Microsoft Windows [Versión 10.0.26100.6584]
(c) Microsoft Corporation. Todos los derechos reservados.

C:\Users\raulr>mysqlsh
MySQL Shell 8.0.42

Copyright (c) 2016, 2025, Oracle and/or its affiliates.
Oracle is a registered trademark of Oracle Corporation and/or its affiliates.
Other names may be trademarks of their respective owners.

Type '\help' or '\?' for help; '\quit' to exit.
 MySQL  JS > \sql
Switching to SQL mode... Commands end with ;
 MySQL  SQL > \connect --mc root@localhost
Creating a Classic session to 'root@localhost'
Fetching global names for auto-completion... Press ^C to stop.
Your MySQL connection id is 36
Server version: 8.0.42 MySQL Community Server - GPL
No default schema selected; type \use <schema> to set one.
 MySQL  localhost:3306 ssl  SQL > use tbd1;
Default schema set to `tbd1`.
Fetching global names, object names from `tbd1` for auto-completion... Press ^C to stop.
 MySQL  localhost:3306 ssl  tbd1  SQL > show databases;
+--------------------+
| Database           |
+--------------------+
| hr                 |
| information_schema |
| mysql              |
| performance_schema |
| prueba             |
| sakila             |
| sys                |
| tbd1               |
| world              |
+--------------------+
9 rows in set (0.0009 sec)
 MySQL  localhost:3306 ssl  tbd1  SQL > create database tbd2;
Query OK, 1 row affected (0.0091 sec)   create table cliente(idcliente int not null auto_increment key, nombre varchar(50)
                                     -> ;reate table cliente(idcliente int not null auto_increment key, nombre varchar(50)
ERROR: 1064 (42000): You have an error in your SQL syntax; check the manual that corresponds to your MySQL server version for the right syntax to use near '' at line 1obal names, object names fromcreate table cliente(idcliente int not null auto_increment key, nombre varchar(50)
 MySQL  localhost:3306 ssl  tbd2  SQL > create table cliente(idcliente int not null auto_increment key, nombre varchar(50
 MySQL  localhost:3306 ssl  tbd2  SQL > create table cliente(idcliente int not null auto_increment key, nombre varchar(50) not null, varchar(13) not null);
ERROR: 1064 (42000): You have an error in your SQL syntax; check the manual that corresponds to your MySQL server version for the right syntax to use near 'varchar(13) not null)' at line 1
 MySQL  localhost:3306 ssl  tbd2  SQL > create table cliente(idcliente int not null auto_increment key, nombre varchar(50) not null,rfc varchar(13) not null);
Query OK, 0 rows affected (0.0187 sec)
 MySQL  localhost:3306 ssl  tbd2  SQL > insert into cliente (nombre , rfc) values ("Juan", "asdadsfd"),("pepe","sdfghth"),("pedro","4574tfg");
Query OK, 3 rows affected (0.0060 sec)

Records: 3  Duplicates: 0  Warnings: 0
 MySQL  localhost:3306 ssl  tbd2  SQL > desc cliente;
+-----------+-------------+------+-----+---------+----------------+
| Field     | Type        | Null | Key | Default | Extra          |
+-----------+-------------+------+-----+---------+----------------+
| idcliente | int         | NO   | PRI | NULL    | auto_increment |
| nombre    | varchar(50) | NO   |     | NULL    |                |
| rfc       | varchar(13) | NO   |     | NULL    |                |
+-----------+-------------+------+-----+---------+----------------+
3 rows in set (0.0034 sec)
 MySQL  localhost:3306 ssl  tbd2  SQL > select * from cliente;
+-----------+--------+----------+
| idcliente | nombre | rfc      |
+-----------+--------+----------+
|         1 | Juan   | asdadsfd |
|         2 | pepe   | sdfghth  |
|         3 | pedro  | 4574tfg  |
+-----------+--------+----------+
3 rows in set (0.0008 sec)
 MySQL  localhost:3306 ssl  tbd2  SQL > create table venta (idventa int not null auto_increment key, fecha date not null, idcliente int not null, foreign key (idcliente) references cliente(idcliente));
Query OK, 0 rows affected (0.0403 sec)
 MySQL  localhost:3306 ssl  tbd2  SQL > desc ventana;
ERROR: 1146 (42S02): Table 'tbd2.ventana' doesn't exist
 MySQL  localhost:3306 ssl  tbd2  SQL > desc venta;
+-----------+------+------+-----+---------+----------------+
| Field     | Type | Null | Key | Default | Extra          |
+-----------+------+------+-----+---------+----------------+
| idventa   | int  | NO   | PRI | NULL    | auto_increment |
| fecha     | date | NO   |     | NULL    |                |
| idcliente | int  | NO   | MUL | NULL    |                |
+-----------+------+------+-----+---------+----------------+
3 rows in set (0.0017 sec)
 MySQL  localhost:3306 ssl  tbd2  SQL > show create table venta;
+-------+----------------------------------------------------------------------------------------------------------------------------------------------------------------------------------------------------------------------------------------------------------------------------------------------------------------------------------------------+
| Table | Create Table                                                                                                                                                                                                                                                                                                                                 |
+-------+----------------------------------------------------------------------------------------------------------------------------------------------------------------------------------------------------------------------------------------------------------------------------------------------------------------------------------------------+
| venta | CREATE TABLE `venta` (
  `idventa` int NOT NULL AUTO_INCREMENT,
  `fecha` date NOT NULL,
  `idcliente` int NOT NULL,
  PRIMARY KEY (`idventa`),
  KEY `idcliente` (`idcliente`),
  CONSTRAINT `venta_ibfk_1` FOREIGN KEY (`idcliente`) REFERENCES `cliente` (`idcliente`)
) ENGINE=InnoDB DEFAULT CHARSET=utf8mb4 COLLATE=utf8mb4_0900_ai_ci |
+-------+----------------------------------------------------------------------------------------------------------------------------------------------------------------------------------------------------------------------------------------------------------------------------------------------------------------------------------------------+
1 row in set (0.0011 sec)
 MySQL  localhost:3306 ssl  tbd2  SQL > select * from cliente;
+-----------+--------+----------+
| idcliente | nombre | rfc      |
+-----------+--------+----------+
|         1 | Juan   | asdadsfd |
|         2 | pepe   | sdfghth  |
|         3 | pedro  | 4574tfg  |
+-----------+--------+----------+
3 rows in set (0.0018 sec)
 MySQL  localhost:3306 ssl  tbd2  SQL > insert into venta (fecha, idcliente) value ("2025-09-17",5);
ERROR: 1452 (23000): Cannot add or update a child row: a foreign key constraint fails (`tbd2`.`venta`, CONSTRAINT `venta_ibfk_1` FOREIGN KEY (`idcliente`) REFERENCES `cliente` (`idcliente`))
 MySQL  localhost:3306 ssl  tbd2  SQL > insert into venta (fecha, idcliente) value ("2025-09-17",3);
Query OK, 1 row affected (0.0042 sec)
 MySQL  localhost:3306 ssl  tbd2  SQL > insert into venta (fecha, idcliente) value ("2025-09-17",2);
Query OK, 1 row affected (0.0026 sec)
 MySQL  localhost:3306 ssl  tbd2  SQL > insert into venta (fecha, idcliente) value ("2025-09-17",1);
Query OK, 1 row affected (0.0040 sec)
 MySQL  localhost:3306 ssl  tbd2  SQL > select * from venta;
+---------+------------+-----------+
| idventa | fecha      | idcliente |
+---------+------------+-----------+
|       2 | 2025-09-17 |         3 |
|       3 | 2025-09-17 |         2 |
|       4 | 2025-09-17 |         1 |
+---------+------------+-----------+
3 rows in set (0.0005 sec)
 MySQL  localhost:3306 ssl  tbd2  SQL > delete from cliente where idcliente = 1;
ERROR: 1451 (23000): Cannot delete or update a parent row: a foreign key constraint fails (`tbd2`.`venta`, CONSTRAINT `venta_ibfk_1` FOREIGN KEY (`idcliente`) REFERENCES `cliente` (`idcliente`))
 MySQL  localhost:3306 ssl  tbd2  SQL > delete from venta where idcliente = 1;
Query OK, 1 row affected (0.0041 sec)
 MySQL  localhost:3306 ssl  tbd2  SQL > delete from cliente where idcliente = 1;
Query OK, 1 row affected (0.0039 sec)
 MySQL  localhost:3306 ssl  tbd2  SQL > show create table venta;
+-------+---------------------------------------------------------------------------------------------------------------------------------------------------------------------------------------------------------------------------------------------------------------------------------------------------------------------------------------------------------------+
| Table | Create Table                                                                                                                                                                                                                                                                                                                                                  |
+-------+---------------------------------------------------------------------------------------------------------------------------------------------------------------------------------------------------------------------------------------------------------------------------------------------------------------------------------------------------------------+
| venta | CREATE TABLE `venta` (
  `idventa` int NOT NULL AUTO_INCREMENT,
  `fecha` date NOT NULL,
  `idcliente` int NOT NULL,
  PRIMARY KEY (`idventa`),
  KEY `idcliente` (`idcliente`),
  CONSTRAINT `venta_ibfk_1` FOREIGN KEY (`idcliente`) REFERENCES `cliente` (`idcliente`)
) ENGINE=InnoDB AUTO_INCREMENT=5 DEFAULT CHARSET=utf8mb4 COLLATE=utf8mb4_0900_ai_ci |
+-------+---------------------------------------------------------------------------------------------------------------------------------------------------------------------------------------------------------------------------------------------------------------------------------------------------------------------------------------------------------------+
1 row in set (0.0013 sec)
 MySQL  localhost:3306 ssl  tbd2  SQL > alter table venta drop constraint 'venta_ibfk_1';
ERROR: 1064 (42000): You have an error in your SQL syntax; check the manual that corresponds to your MySQL server version for the right syntax to use near ''venta_ibfk_1'' at line 1
 MySQL  localhost:3306 ssl  tbd2  SQL > alter table venta drop constraint venta_ibfk_1;
Query OK, 0 rows affected (0.0120 sec)

Records: 0  Duplicates: 0  Warnings: 0
 MySQL  localhost:3306 ssl  tbd2  SQL > show create table venta;
+-------+---------------------------------------------------------------------------------------------------------------------------------------------------------------------------------------------------------------------------------------------------------------------+
| Table | Create Table                                                                                                                                                                                                                                                        |
+-------+---------------------------------------------------------------------------------------------------------------------------------------------------------------------------------------------------------------------------------------------------------------------+
| venta | CREATE TABLE `venta` (
  `idventa` int NOT NULL AUTO_INCREMENT,
  `fecha` date NOT NULL,
  `idcliente` int NOT NULL,
  PRIMARY KEY (`idventa`),
  KEY `idcliente` (`idcliente`)
) ENGINE=InnoDB AUTO_INCREMENT=5 DEFAULT CHARSET=utf8mb4 COLLATE=utf8mb4_0900_ai_ci |
+-------+---------------------------------------------------------------------------------------------------------------------------------------------------------------------------------------------------------------------------------------------------------------------+
1 row in set (0.0005 sec)
 MySQL  localhost:3306 ssl  tbd2  SQL > alter table venta add constraint foreign key (idcliente) references cliente(idcliente);
Query OK, 2 rows affected (0.0532 sec)

Records: 2  Duplicates: 0  Warnings: 0
 MySQL  localhost:3306 ssl  tbd2  SQL > shoe create table venta;
ERROR: 1064 (42000): You have an error in your SQL syntax; check the manual that corresponds to your MySQL server version for the right syntax to use near 'shoe create table venta' at line 1
 MySQL  localhost:3306 ssl  tbd2  SQL > show create table venta;
+-------+---------------------------------------------------------------------------------------------------------------------------------------------------------------------------------------------------------------------------------------------------------------------------------------------------------------------------------------------------------------+
| Table | Create Table                                                                                                                                                                                                                                                                                                                                                  |
+-------+---------------------------------------------------------------------------------------------------------------------------------------------------------------------------------------------------------------------------------------------------------------------------------------------------------------------------------------------------------------+
| venta | CREATE TABLE `venta` (
  `idventa` int NOT NULL AUTO_INCREMENT,
  `fecha` date NOT NULL,
  `idcliente` int NOT NULL,
  PRIMARY KEY (`idventa`),
  KEY `idcliente` (`idcliente`),
  CONSTRAINT `venta_ibfk_1` FOREIGN KEY (`idcliente`) REFERENCES `cliente` (`idcliente`)
) ENGINE=InnoDB AUTO_INCREMENT=5 DEFAULT CHARSET=utf8mb4 COLLATE=utf8mb4_0900_ai_ci |
+-------+---------------------------------------------------------------------------------------------------------------------------------------------------------------------------------------------------------------------------------------------------------------------------------------------------------------------------------------------------------------+
1 row in set (0.0006 sec)
 MySQL  localhost:3306 ssl  tbd2  SQL > create table producto( idproducto int not null auto_increment key, nombre varchar(50) not null, precio decimal(8,2) not null);
Query OK, 0 rows affected (0.0176 sec)
 MySQL  localhost:3306 ssl  tbd2  SQL > insert into producto(nombre, precio) values ("Celular", 1000.00),("TV",15234.44),("Laptop",32425.12);
Query OK, 3 rows affected (0.0062 sec)

Records: 3  Duplicates: 0  Warnings: 0
 MySQL  localhost:3306 ssl  tbd2  SQL > select * from productop;
ERROR: 1146 (42S02): Table 'tbd2.productop' doesn't exist
 MySQL  localhost:3306 ssl  tbd2  SQL > select * from producto;
+------------+---------+----------+
| idproducto | nombre  | precio   |
+------------+---------+----------+
|          1 | Celular |  1000.00 |
|          2 | TV      | 15234.44 |
|          3 | Laptop  | 32425.12 |
+------------+---------+----------+
3 rows in set (0.0007 sec)
 MySQL  localhost:3306 ssl  tbd2  SQL > create table ventadetalle(idventadetalle int not null auto_increment key, idventa int not null, idproducto int not null, cantidad int, foreign key(idventa) references venta(idventa), foreign key (idproducto) references producto(idproducto));
Query OK, 0 rows affected (0.0377 sec)
 MySQL  localhost:3306 ssl  tbd2  SQL > desc table ventadetalle;
+----+-------------+--------------+------------+------+---------------+------+---------+------+------+----------+-------+
| id | select_type | table        | partitions | type | possible_keys | key  | key_len | ref  | rows | filtered | Extra |
+----+-------------+--------------+------------+------+---------------+------+---------+------+------+----------+-------+
|  1 | SIMPLE      | ventadetalle | NULL       | ALL  | NULL          | NULL | NULL    | NULL |    1 |      100 | NULL  |
+----+-------------+--------------+------------+------+---------------+------+---------+------+------+----------+-------+
1 row in set, 1 warning (0.0048 sec)
Note (code 1003): /* select#1 */ select `tbd2`.`ventadetalle`.`idventadetalle` AS `idventadetalle`,`tbd2`.`ventadetalle`.`idventa` AS `idventa`,`tbd2`.`ventadetalle`.`idproducto` AS `idproducto`,`tbd2`.`ventadetalle`.`cantidad` AS `cantidad` from `tbd2`.`ventadetalle`
 MySQL  localhost:3306 ssl  tbd2  SQL > shoe create ventadetalle;
ERROR: 1064 (42000): You have an error in your SQL syntax; check the manual that corresponds to your MySQL server version for the right syntax to use near 'shoe create ventadetalle' at line 1
 MySQL  localhost:3306 ssl  tbd2  SQL > show create ventadetalle;
ERROR: 1064 (42000): You have an error in your SQL syntax; check the manual that corresponds to your MySQL server version for the right syntax to use near 'ventadetalle' at line 1
 MySQL  localhost:3306 ssl  tbd2  SQL > show create table ventadetalle;
+--------------+----------------------------------------------------------------------------------------------------------------------------------------------------------------------------------------------------------------------------------------------------------------------------------------------------------------------------------------------------------------------------------------------------------------------------------------------------------------------------------------------------------------------------------------+
| Table        | Create Table                                                                                                                                                                                                                                                                                                                                                                                                                                                                                                                           |
+--------------+----------------------------------------------------------------------------------------------------------------------------------------------------------------------------------------------------------------------------------------------------------------------------------------------------------------------------------------------------------------------------------------------------------------------------------------------------------------------------------------------------------------------------------------+
| ventadetalle | CREATE TABLE `ventadetalle` (
  `idventadetalle` int NOT NULL AUTO_INCREMENT,
  `idventa` int NOT NULL,
  `idproducto` int NOT NULL,
  `cantidad` int DEFAULT NULL,
  PRIMARY KEY (`idventadetalle`),
  KEY `idventa` (`idventa`),
  KEY `idproducto` (`idproducto`),
  CONSTRAINT `ventadetalle_ibfk_1` FOREIGN KEY (`idventa`) REFERENCES `venta` (`idventa`),
  CONSTRAINT `ventadetalle_ibfk_2` FOREIGN KEY (`idproducto`) REFERENCES `producto` (`idproducto`)
) ENGINE=InnoDB DEFAULT CHARSET=utf8mb4 COLLATE=utf8mb4_0900_ai_ci |
+--------------+----------------------------------------------------------------------------------------------------------------------------------------------------------------------------------------------------------------------------------------------------------------------------------------------------------------------------------------------------------------------------------------------------------------------------------------------------------------------------------------------------------------------------------------+
1 row in set (0.0008 sec)
 MySQL  localhost:3306 ssl  tbd2  SQL > select * from venta;
+---------+------------+-----------+
| idventa | fecha      | idcliente |
+---------+------------+-----------+
|       2 | 2025-09-17 |         3 |
|       3 | 2025-09-17 |         2 |
+---------+------------+-----------+
2 rows in set (0.0021 sec)
 MySQL  localhost:3306 ssl  tbd2  SQL > select * from producto;
+------------+---------+----------+
| idproducto | nombre  | precio   |
+------------+---------+----------+
|          1 | Celular |  1000.00 |
|          2 | TV      | 15234.44 |
|          3 | Laptop  | 32425.12 |
+------------+---------+----------+
3 rows in set (0.0021 sec)
 MySQL  localhost:3306 ssl  tbd2  SQL > insert into ventadetalle(idventa, idproducto, cantidad) values (2,1,5),(3,2,1),(2,3,3);
Query OK, 3 rows affected (0.0046 sec)

Records: 3  Duplicates: 0  Warnings: 0
 MySQL  localhost:3306 ssl  tbd2  SQL > select * from ventadetalle;
+----------------+---------+------------+----------+
| idventadetalle | idventa | idproducto | cantidad |
+----------------+---------+------------+----------+
|              1 |       2 |          1 |        5 |
|              2 |       3 |          2 |        1 |
|              3 |       2 |          3 |        3 |
+----------------+---------+------------+----------+
3 rows in set (0.0005 sec)
 MySQL  localhost:3306 ssl  tbd2  SQL >