Microsoft Windows [Versión 10.0.26100.6725]
(c) Microsoft Corporation. Todos los derechos reservados.

C:\Users\raulr>mysqlsh
MySQL Shell 8.0.42

Copyright (c) 2016, 2025, Oracle and/or its affiliates.
Oracle is a registered trademark of Oracle Corporation and/or its affiliates.
Other names may be trademarks of their respective owners.

Type '\help' or '\?' for help; '\quit' to exit.
 MySQL  JS > \sql
Switching to SQL mode... Commands end with ;
 MySQL  SQL > \connect --mc root@localhost
Creating a Classic session to 'root@localhost'
Fetching global names for auto-completion... Press ^C to stop.
Your MySQL connection id is 9
Server version: 8.0.42 MySQL Community Server - GPL
No default schema selected; type \use <schema> to set one.
 MySQL  localhost:3306 ssl  SQL > use sakila;
Default schema set to `sakila`.
Fetching global names, object names from `sakila` for auto-completion... Press ^C to stop.
 MySQL  localhost:3306 ssl  sakila  SQL > show tables;
+----------------------------+
| Tables_in_sakila           |
+----------------------------+
| actor                      |
| actor_info                 |
| address                    |
| category                   |
| city                       |
| country                    |
| customer                   |
| customer_list              |
| film                       |
| film_actor                 |
| film_category              |
| film_list                  |
| film_text                  |
| inventory                  |
| language                   |
| nicer_but_slower_film_list |
| payment                    |
| rental                     |
| sales_by_film_category     |
| sales_by_store             |
| staff                      |
| staff_list                 |
| store                      |
+----------------------------+
23 rows in set (0.0253 sec)
 MySQL  localhost:3306 ssl  sakila  SQL > desc film;
+----------------------+---------------------------------------------------------------------+------+-----+-------------------+-----------------------------------------------+
| Field                | Type                                                                | Null | Key | Default           | Extra                                         |
+----------------------+---------------------------------------------------------------------+------+-----+-------------------+-----------------------------------------------+
| film_id              | smallint unsigned                                                   | NO   | PRI | NULL              | auto_increment                                |
| title                | varchar(128)                                                        | NO   | MUL | NULL              |                                               |
| description          | text                                                                | YES  |     | NULL              |                                               |
| release_year         | year                                                                | YES  |     | NULL              |                                               |
| language_id          | tinyint unsigned                                                    | NO   | MUL | NULL              |                                               |
| original_language_id | tinyint unsigned                                                    | YES  | MUL | NULL              |                                               |
| rental_duration      | tinyint unsigned                                                    | NO   |     | 3                 |                                               |
| rental_rate          | decimal(4,2)                                                        | NO   |     | 4.99              |                                               |
| length               | smallint unsigned                                                   | YES  |     | NULL              |                                               |
| replacement_cost     | decimal(5,2)                                                        | NO   |     | 19.99             |                                               |
| rating               | enum('G','PG','PG-13','R','NC-17')                                  | YES  |     | G                 |                                               |
| special_features     | set('Trailers','Commentaries','Deleted Scenes','Behind the Scenes') | YES  |     | NULL              |                                               |
| last_update          | timestamp                                                           | NO   |     | CURRENT_TIMESTAMP | DEFAULT_GENERATED on update CURRENT_TIMESTAMP |
+----------------------+---------------------------------------------------------------------+------+-----+-------------------+-----------------------------------------------+
13 rows in set (0.0269 sec)
 MySQL  localhost:3306 ssl  sakila  SQL > desc film_category;
+-------------+-------------------+------+-----+-------------------+-----------------------------------------------+
| Field       | Type              | Null | Key | Default           | Extra                                         |
+-------------+-------------------+------+-----+-------------------+-----------------------------------------------+
| film_id     | smallint unsigned | NO   | PRI | NULL              |                                               |
| category_id | tinyint unsigned  | NO   | PRI | NULL              |                                               |
| last_update | timestamp         | NO   |     | CURRENT_TIMESTAMP | DEFAULT_GENERATED on update CURRENT_TIMESTAMP |
+-------------+-------------------+------+-----+-------------------+-----------------------------------------------+
3 rows in set (0.0020 sec)
 MySQL  localhost:3306 ssl  sakila  SQL > desc category;
+-------------+------------------+------+-----+-------------------+-----------------------------------------------+
| Field       | Type             | Null | Key | Default           | Extra                                         |
+-------------+------------------+------+-----+-------------------+-----------------------------------------------+
| category_id | tinyint unsigned | NO   | PRI | NULL              | auto_increment                                |
| name        | varchar(25)      | NO   |     | NULL              |                                               |
| last_update | timestamp        | NO   |     | CURRENT_TIMESTAMP | DEFAULT_GENERATED on update CURRENT_TIMESTAMP |
+-------------+------------------+------+-----+-------------------+-----------------------------------------------+
3 rows in set (0.0331 sec)
 MySQL  localhost:3306 ssl  sakila  SQL > select a.title, b.name from film a inner join film_category c on a.film_id = c.film_id inner join category b on c.category_id = b.category_id limit 100;
+-------------------------+-----------+
| title                   | name      |
+-------------------------+-----------+
| AMADEUS HOLY            | Action    |
| AMERICAN CIRCUS         | Action    |
| ANTITRUST TOMATOES      | Action    |
| ARK RIDGEMONT           | Action    |
| BAREFOOT MANCHURIAN     | Action    |
| BERETS AGENT            | Action    |
| BRIDE INTRIGUE          | Action    |
| BULL SHAWSHANK          | Action    |
| CADDYSHACK JEDI         | Action    |
| CAMPUS REMEMBER         | Action    |
| CASUALTIES ENCINO       | Action    |
| CELEBRITY HORN          | Action    |
| CLUELESS BUCKET         | Action    |
| CROW GREASE             | Action    |
| DANCES NONE             | Action    |
| DARKO DORADO            | Action    |
| DARN FORRESTER          | Action    |
| DEVIL DESIRE            | Action    |
| DRAGON SQUAD            | Action    |
| DREAM PICKUP            | Action    |
| DRIFTER COMMANDMENTS    | Action    |
| EASY GLADIATOR          | Action    |
| ENTRAPMENT SATISFACTION | Action    |
| EXCITEMENT EVE          | Action    |
| FANTASY TROOPERS        | Action    |
| FIREHOUSE VIETNAM       | Action    |
| FOOL MOCKINGBIRD        | Action    |
| FORREST SONS            | Action    |
| GLASS DYING             | Action    |
| GOSFORD DONNIE          | Action    |
| GRAIL FRANKENSTEIN      | Action    |
| HANDICAP BOONDOCK       | Action    |
| HILLS NEIGHBORS         | Action    |
| KISSING DOLLS           | Action    |
| LAWRENCE LOVE           | Action    |
| LORD ARIZONA            | Action    |
| LUST LOCK               | Action    |
| MAGNOLIA FORRESTER      | Action    |
| MIDNIGHT WESTWARD       | Action    |
| MINDS TRUMAN            | Action    |
| MOCKINGBIRD HOLLYWOOD   | Action    |
| MONTEZUMA COMMAND       | Action    |
| PARK CITIZEN            | Action    |
| PATRIOT ROMAN           | Action    |
| PRIMARY GLASS           | Action    |
| QUEST MUSSOLINI         | Action    |
| REAR TRADING            | Action    |
| RINGS HEARTBREAKERS     | Action    |
| RUGRATS SHAKESPEARE     | Action    |
| SHRUNK DIVINE           | Action    |
| SIDE ARK                | Action    |
| SKY MIRACLE             | Action    |
| SOUTH WAIT              | Action    |
| SPEAKEASY DATE          | Action    |
| STAGECOACH ARMAGEDDON   | Action    |
| STORY SIDE              | Action    |
| SUSPECTS QUILLS         | Action    |
| TRIP NEWTON             | Action    |
| TRUMAN CRAZY            | Action    |
| UPRISING UPTOWN         | Action    |
| WATERFRONT DELIVERANCE  | Action    |
| WEREWOLF LOLA           | Action    |
| WOMEN DORADO            | Action    |
| WORST BANGER            | Action    |
| ALTER VICTORY           | Animation |
| ANACONDA CONFESSIONS    | Animation |
| ARGONAUTS TOWN          | Animation |
| BIKINI BORROWERS        | Animation |
| BLACKOUT PRIVATE        | Animation |
| BORROWERS BEDAZZLED     | Animation |
| CANYON STOCK            | Animation |
| CAROL TEXAS             | Animation |
| CHAMPION FLATLINERS     | Animation |
| CLASH FREDDY            | Animation |
| CLUB GRAFFITI           | Animation |
| CROSSROADS CASUALTIES   | Animation |
| DARES PLUTO             | Animation |
| DESIRE ALIEN            | Animation |
| DOGMA FAMILY            | Animation |
| DONNIE ALLEY            | Animation |
| DOORS PRESIDENT         | Animation |
| DOUBLE WRATH            | Animation |
| DUCK RACER              | Animation |
| EARLY HOME              | Animation |
| FALCON VOLUME           | Animation |
| FIGHT JAWBREAKER        | Animation |
| FLOATS GARDEN           | Animation |
| FLYING HOOK             | Animation |
| FORRESTER COMANCHEROS   | Animation |
| GANGS PRIDE             | Animation |
| GHOSTBUSTERS ELF        | Animation |
| HARPER DYING            | Animation |
| HOOK CHARIOTS           | Animation |
| HORN WORKING            | Animation |
| INCH JET                | Animation |
| INSECTS STONE           | Animation |
| INTENTIONS EMPIRE       | Animation |
| ISHTAR ROCKETEER        | Animation |
| JUGGLER HARDLY          | Animation |
| LAWLESS VISION          | Animation |
+-------------------------+-----------+
100 rows in set (0.0786 sec)
 MySQL  localhost:3306 ssl  sakila  SQL > desc customer;
+-------------+-------------------+------+-----+-------------------+-----------------------------------------------+
| Field       | Type              | Null | Key | Default           | Extra                                         |
+-------------+-------------------+------+-----+-------------------+-----------------------------------------------+
| customer_id | smallint unsigned | NO   | PRI | NULL              | auto_increment                                |
| store_id    | tinyint unsigned  | NO   | MUL | NULL              |                                               |
| first_name  | varchar(45)       | NO   |     | NULL              |                                               |
| last_name   | varchar(45)       | NO   | MUL | NULL              |                                               |
| email       | varchar(50)       | YES  |     | NULL              |                                               |
| address_id  | smallint unsigned | NO   | MUL | NULL              |                                               |
| active      | tinyint(1)        | NO   |     | 1                 |                                               |
| create_date | datetime          | NO   |     | NULL              |                                               |
| last_update | timestamp         | YES  |     | CURRENT_TIMESTAMP | DEFAULT_GENERATED on update CURRENT_TIMESTAMP |
+-------------+-------------------+------+-----+-------------------+-----------------------------------------------+
9 rows in set (0.0037 sec)
 MySQL  localhost:3306 ssl  sakila  SQL > desc rental;
+--------------+--------------------+------+-----+-------------------+-----------------------------------------------+
| Field        | Type               | Null | Key | Default           | Extra                                         |
+--------------+--------------------+------+-----+-------------------+-----------------------------------------------+
| rental_id    | int                | NO   | PRI | NULL              | auto_increment                                |
| rental_date  | datetime           | NO   | MUL | NULL              |                                               |
| inventory_id | mediumint unsigned | NO   | MUL | NULL              |                                               |
| customer_id  | smallint unsigned  | NO   | MUL | NULL              |                                               |
| return_date  | datetime           | YES  |     | NULL              |                                               |
| staff_id     | tinyint unsigned   | NO   | MUL | NULL              |                                               |
| last_update  | timestamp          | NO   |     | CURRENT_TIMESTAMP | DEFAULT_GENERATED on update CURRENT_TIMESTAMP |
+--------------+--------------------+------+-----+-------------------+-----------------------------------------------+
7 rows in set (0.0023 sec)
 MySQL  localhost:3306 ssl  sakila  SQL > desc inventory;
+--------------+--------------------+------+-----+-------------------+-----------------------------------------------+
| Field        | Type               | Null | Key | Default           | Extra                                         |
+--------------+--------------------+------+-----+-------------------+-----------------------------------------------+
| inventory_id | mediumint unsigned | NO   | PRI | NULL              | auto_increment                                |
| film_id      | smallint unsigned  | NO   | MUL | NULL              |                                               |
| store_id     | tinyint unsigned   | NO   | MUL | NULL              |                                               |
| last_update  | timestamp          | NO   |     | CURRENT_TIMESTAMP | DEFAULT_GENERATED on update CURRENT_TIMESTAMP |
+--------------+--------------------+------+-----+-------------------+-----------------------------------------------+
4 rows in set (0.0025 sec)
 MySQL  localhost:3306 ssl  sakila  SQL > select a.first_name, a.last_name, sum(b.rental_id) from customer a inner join rental b on a.customer_id = b.customer_id limit 100;
ERROR: 1140 (42000): In aggregated query without GROUP BY, expression #1 of SELECT list contains nonaggregated column 'sakila.a.first_name'; this is incompatible with sql_mode=only_full_group_by
 MySQL  localhost:3306 ssl  sakila  SQL > select a.first_name, a.last_name, count(b.rental_id) from customer a inner join rental b on a.customer_id = b.customer_id limit 100;
ERROR: 1140 (42000): In aggregated query without GROUP BY, expression #1 of SELECT list contains nonaggregated column 'sakila.a.first_name'; this is incompatible with sql_mode=only_full_group_by
 MySQL  localhost:3306 ssl  sakila  SQL > select a.first_name, a.last_name, sum(b.rental_id) from customer a inner join rental b on a.customer_id = b.customer_id group by first_name limit 100;
ERROR: 1055 (42000): Expression #2 of SELECT list is not in GROUP BY clause and contains nonaggregated column 'sakila.a.last_name' which is not functionally dependent on columns in GROUP BY clause; this is incompatible with sql_mode=only_full_group_by
 MySQL  localhost:3306 ssl  sakila  SQL > select a.first_name, a.last_name, sum(b.rental_id) from customer a inner join rental b on a.customer_id = b.customer_id group by first_name, last_name limit 100;
+------------+------------+------------------+
| first_name | last_name  | sum(b.rental_id) |
+------------+------------+------------------+
| MARY       | SMITH      |           241137 |
| PATRICIA   | JOHNSON    |           257716 |
| LINDA      | WILLIAMS   |           206151 |
| BARBARA    | JONES      |           197174 |
| ELIZABETH  | BROWN      |           300857 |
| JENNIFER   | DAVIS      |           217958 |
| MARIA      | MILLER     |           225975 |
| SUSAN      | WILSON     |           186934 |
| MARGARET   | MOORE      |           176359 |
| DOROTHY    | TAYLOR     |           180640 |
| LISA       | ANDERSON   |           202815 |
| NANCY      | THOMAS     |           202219 |
| KAREN      | JACKSON    |           244847 |
| BETTY      | WHITE      |           216907 |
| HELEN      | HARRIS     |           335599 |
| SANDRA     | MARTIN     |           202220 |
| DONNA      | THOMPSON   |           165936 |
| CAROL      | GARCIA     |           141073 |
| RUTH       | MARTINEZ   |           179713 |
| SHARON     | ROBINSON   |           249924 |
| MICHELLE   | CLARK      |           317404 |
| LAURA      | RODRIGUEZ  |           207303 |
| SARAH      | LEWIS      |           230455 |
| KIMBERLY   | LEE        |           187918 |
| DEBORAH    | WALKER     |           219618 |
| JESSICA    | HALL       |           248517 |
| SHIRLEY    | ALLEN      |           226738 |
| CYNTHIA    | YOUNG      |           256602 |
| ANGELA     | HERNANDEZ  |           317884 |
| MELISSA    | KING       |           292445 |
| BRENDA     | WRIGHT     |           150627 |
| AMY        | LOPEZ      |           199034 |
| ANNA       | HILL       |           194904 |
| REBECCA    | SCOTT      |           211989 |
| VIRGINIA   | GREEN      |           221638 |
| KATHLEEN   | ADAMS      |           233829 |
| PAMELA     | BAKER      |           209205 |
| MARTHA     | GONZALEZ   |           281539 |
| DEBRA      | NELSON     |           217382 |
| AMANDA     | CARTER     |           240986 |
| STEPHANIE  | MITCHELL   |           220181 |
| CAROLYN    | PEREZ      |           241948 |
| CHRISTINE  | ROBERTS    |           212557 |
| MARIE      | TURNER     |           167058 |
| JANET      | PHILLIPS   |           220324 |
| CATHERINE  | CAMPBELL   |           284660 |
| FRANCES    | PARKER     |           151747 |
| ANN        | EVANS      |           115311 |
| JOYCE      | EDWARDS    |           177390 |
| DIANE      | COLLINS    |           263318 |
| ALICE      | STEWART    |           291722 |
| JULIE      | SANCHEZ    |           250919 |
| HEATHER    | MORRIS     |           224325 |
| TERESA     | ROGERS     |           238210 |
| DORIS      | REED       |           163716 |
| GLORIA     | COOK       |           231497 |
| EVELYN     | MORGAN     |           208733 |
| JEAN       | BELL       |           233452 |
| CHERYL     | MURPHY     |           219234 |
| MILDRED    | BAILEY     |           222861 |
| KATHERINE  | RIVERA     |           141657 |
| JOAN       | COOPER     |           173206 |
| ASHLEY     | RICHARDSON |           239377 |
| JUDITH     | COX        |           243921 |
| ROSE       | HOWARD     |           177437 |
| JANICE     | WARD       |           262342 |
| KELLY      | TORRES     |           174342 |
| NICOLE     | PETERSON   |           174317 |
| JUDY       | GRAY       |           214765 |
| CHRISTINA  | RAMIREZ    |           170434 |
| KATHY      | JAMES      |           238224 |
| THERESA    | WATSON     |           276057 |
| BEVERLY    | BROOKS     |           202349 |
| DENISE     | KELLY      |           249005 |
| TAMMY      | SANDERS    |           329814 |
| IRENE      | PRICE      |           166435 |
| JANE       | BENNETT    |           201131 |
| LORI       | WOOD       |           280713 |
| RACHEL     | BARNES     |           141766 |
| MARILYN    | ROSS       |           273064 |
| ANDREA     | HENDERSON  |           217912 |
| KATHRYN    | COLEMAN    |           198090 |
| LOUISE     | JENKINS    |           184079 |
| SARA       | PERRY      |           243697 |
| ANNE       | POWELL     |           158994 |
| JACQUELINE | LONG       |           262982 |
| WANDA      | PATTERSON  |           253677 |
| BONNIE     | HUGHES     |           156675 |
| JULIA      | FLORES     |           223586 |
| RUBY       | WASHINGTON |           258501 |
| LOIS       | BUTLER     |           289775 |
| TINA       | SIMMONS    |           205639 |
| PHYLLIS    | FOSTER     |           215662 |
| NORMA      | GONZALES   |           157732 |
| PAULA      | BRYANT     |           126105 |
| DIANA      | ALEXANDER  |           206642 |
| ANNIE      | RUSSELL    |           120083 |
| LILLIAN    | GRIFFIN    |           188580 |
| EMILY      | DIAZ       |           162651 |
| ROBIN      | HAYES      |           169169 |
+------------+------------+------------------+
100 rows in set (0.0528 sec)
 MySQL  localhost:3306 ssl  sakila  SQL > select a.first_name, a.last_name, count(b.rental_id) from customer a inner join rental b on a.customer_id = b.customer_id group by first_name, last_name limit 100;
+------------+------------+--------------------+
| first_name | last_name  | count(b.rental_id) |
+------------+------------+--------------------+
| MARY       | SMITH      |                 32 |
| PATRICIA   | JOHNSON    |                 27 |
| LINDA      | WILLIAMS   |                 26 |
| BARBARA    | JONES      |                 22 |
| ELIZABETH  | BROWN      |                 38 |
| JENNIFER   | DAVIS      |                 28 |
| MARIA      | MILLER     |                 33 |
| SUSAN      | WILSON     |                 24 |
| MARGARET   | MOORE      |                 23 |
| DOROTHY    | TAYLOR     |                 25 |
| LISA       | ANDERSON   |                 24 |
| NANCY      | THOMAS     |                 28 |
| KAREN      | JACKSON    |                 27 |
| BETTY      | WHITE      |                 28 |
| HELEN      | HARRIS     |                 32 |
| SANDRA     | MARTIN     |                 28 |
| DONNA      | THOMPSON   |                 21 |
| CAROL      | GARCIA     |                 22 |
| RUTH       | MARTINEZ   |                 24 |
| SHARON     | ROBINSON   |                 30 |
| MICHELLE   | CLARK      |                 35 |
| LAURA      | RODRIGUEZ  |                 22 |
| SARAH      | LEWIS      |                 30 |
| KIMBERLY   | LEE        |                 25 |
| DEBORAH    | WALKER     |                 29 |
| JESSICA    | HALL       |                 34 |
| SHIRLEY    | ALLEN      |                 31 |
| CYNTHIA    | YOUNG      |                 32 |
| ANGELA     | HERNANDEZ  |                 36 |
| MELISSA    | KING       |                 34 |
| BRENDA     | WRIGHT     |                 26 |
| AMY        | LOPEZ      |                 29 |
| ANNA       | HILL       |                 21 |
| REBECCA    | SCOTT      |                 24 |
| VIRGINIA   | GREEN      |                 32 |
| KATHLEEN   | ADAMS      |                 27 |
| PAMELA     | BAKER      |                 23 |
| MARTHA     | GONZALEZ   |                 34 |
| DEBRA      | NELSON     |                 29 |
| AMANDA     | CARTER     |                 27 |
| STEPHANIE  | MITCHELL   |                 25 |
| CAROLYN    | PEREZ      |                 30 |
| CHRISTINE  | ROBERTS    |                 24 |
| MARIE      | TURNER     |                 26 |
| JANET      | PHILLIPS   |                 27 |
| CATHERINE  | CAMPBELL   |                 34 |
| FRANCES    | PARKER     |                 22 |
| ANN        | EVANS      |                 17 |
| JOYCE      | EDWARDS    |                 28 |
| DIANE      | COLLINS    |                 35 |
| ALICE      | STEWART    |                 33 |
| JULIE      | SANCHEZ    |                 29 |
| HEATHER    | MORRIS     |                 30 |
| TERESA     | ROGERS     |                 29 |
| DORIS      | REED       |                 22 |
| GLORIA     | COOK       |                 30 |
| EVELYN     | MORGAN     |                 28 |
| JEAN       | BELL       |                 27 |
| CHERYL     | MURPHY     |                 27 |
| MILDRED    | BAILEY     |                 25 |
| KATHERINE  | RIVERA     |                 14 |
| JOAN       | COOPER     |                 23 |
| ASHLEY     | RICHARDSON |                 25 |
| JUDITH     | COX        |                 33 |
| ROSE       | HOWARD     |                 22 |
| JANICE     | WARD       |                 34 |
| KELLY      | TORRES     |                 22 |
| NICOLE     | PETERSON   |                 22 |
| JUDY       | GRAY       |                 25 |
| CHRISTINA  | RAMIREZ    |                 18 |
| KATHY      | JAMES      |                 30 |
| THERESA    | WATSON     |                 30 |
| BEVERLY    | BROOKS     |                 24 |
| DENISE     | KELLY      |                 27 |
| TAMMY      | SANDERS    |                 41 |
| IRENE      | PRICE      |                 23 |
| JANE       | BENNETT    |                 28 |
| LORI       | WOOD       |                 31 |
| RACHEL     | BARNES     |                 22 |
| MARILYN    | ROSS       |                 30 |
| ANDREA     | HENDERSON  |                 22 |
| KATHRYN    | COLEMAN    |                 26 |
| LOUISE     | JENKINS    |                 25 |
| SARA       | PERRY      |                 33 |
| ANNE       | POWELL     |                 23 |
| JACQUELINE | LONG       |                 33 |
| WANDA      | PATTERSON  |                 30 |
| BONNIE     | HUGHES     |                 21 |
| JULIA      | FLORES     |                 32 |
| RUBY       | WASHINGTON |                 28 |
| LOIS       | BUTLER     |                 35 |
| TINA       | SIMMONS    |                 28 |
| PHYLLIS    | FOSTER     |                 23 |
| NORMA      | GONZALES   |                 21 |
| PAULA      | BRYANT     |                 18 |
| DIANA      | ALEXANDER  |                 27 |
| ANNIE      | RUSSELL    |                 18 |
| LILLIAN    | GRIFFIN    |                 25 |
| EMILY      | DIAZ       |                 24 |
| ROBIN      | HAYES      |                 24 |
+------------+------------+--------------------+
100 rows in set (0.0227 sec)
 MySQL  localhost:3306 ssl  sakila  SQL > select a.first_name, a.last_name, count(b.rental_id) as total from customer a inner join rental b on a.customer_id = b.customer_id group by first_name, last_name limit 100;
+------------+------------+-------+
| first_name | last_name  | total |
+------------+------------+-------+
| MARY       | SMITH      |    32 |
| PATRICIA   | JOHNSON    |    27 |
| LINDA      | WILLIAMS   |    26 |
| BARBARA    | JONES      |    22 |
| ELIZABETH  | BROWN      |    38 |
| JENNIFER   | DAVIS      |    28 |
| MARIA      | MILLER     |    33 |
| SUSAN      | WILSON     |    24 |
| MARGARET   | MOORE      |    23 |
| DOROTHY    | TAYLOR     |    25 |
| LISA       | ANDERSON   |    24 |
| NANCY      | THOMAS     |    28 |
| KAREN      | JACKSON    |    27 |
| BETTY      | WHITE      |    28 |
| HELEN      | HARRIS     |    32 |
| SANDRA     | MARTIN     |    28 |
| DONNA      | THOMPSON   |    21 |
| CAROL      | GARCIA     |    22 |
| RUTH       | MARTINEZ   |    24 |
| SHARON     | ROBINSON   |    30 |
| MICHELLE   | CLARK      |    35 |
| LAURA      | RODRIGUEZ  |    22 |
| SARAH      | LEWIS      |    30 |
| KIMBERLY   | LEE        |    25 |
| DEBORAH    | WALKER     |    29 |
| JESSICA    | HALL       |    34 |
| SHIRLEY    | ALLEN      |    31 |
| CYNTHIA    | YOUNG      |    32 |
| ANGELA     | HERNANDEZ  |    36 |
| MELISSA    | KING       |    34 |
| BRENDA     | WRIGHT     |    26 |
| AMY        | LOPEZ      |    29 |
| ANNA       | HILL       |    21 |
| REBECCA    | SCOTT      |    24 |
| VIRGINIA   | GREEN      |    32 |
| KATHLEEN   | ADAMS      |    27 |
| PAMELA     | BAKER      |    23 |
| MARTHA     | GONZALEZ   |    34 |
| DEBRA      | NELSON     |    29 |
| AMANDA     | CARTER     |    27 |
| STEPHANIE  | MITCHELL   |    25 |
| CAROLYN    | PEREZ      |    30 |
| CHRISTINE  | ROBERTS    |    24 |
| MARIE      | TURNER     |    26 |
| JANET      | PHILLIPS   |    27 |
| CATHERINE  | CAMPBELL   |    34 |
| FRANCES    | PARKER     |    22 |
| ANN        | EVANS      |    17 |
| JOYCE      | EDWARDS    |    28 |
| DIANE      | COLLINS    |    35 |
| ALICE      | STEWART    |    33 |
| JULIE      | SANCHEZ    |    29 |
| HEATHER    | MORRIS     |    30 |
| TERESA     | ROGERS     |    29 |
| DORIS      | REED       |    22 |
| GLORIA     | COOK       |    30 |
| EVELYN     | MORGAN     |    28 |
| JEAN       | BELL       |    27 |
| CHERYL     | MURPHY     |    27 |
| MILDRED    | BAILEY     |    25 |
| KATHERINE  | RIVERA     |    14 |
| JOAN       | COOPER     |    23 |
| ASHLEY     | RICHARDSON |    25 |
| JUDITH     | COX        |    33 |
| ROSE       | HOWARD     |    22 |
| JANICE     | WARD       |    34 |
| KELLY      | TORRES     |    22 |
| NICOLE     | PETERSON   |    22 |
| JUDY       | GRAY       |    25 |
| CHRISTINA  | RAMIREZ    |    18 |
| KATHY      | JAMES      |    30 |
| THERESA    | WATSON     |    30 |
| BEVERLY    | BROOKS     |    24 |
| DENISE     | KELLY      |    27 |
| TAMMY      | SANDERS    |    41 |
| IRENE      | PRICE      |    23 |
| JANE       | BENNETT    |    28 |
| LORI       | WOOD       |    31 |
| RACHEL     | BARNES     |    22 |
| MARILYN    | ROSS       |    30 |
| ANDREA     | HENDERSON  |    22 |
| KATHRYN    | COLEMAN    |    26 |
| LOUISE     | JENKINS    |    25 |
| SARA       | PERRY      |    33 |
| ANNE       | POWELL     |    23 |
| JACQUELINE | LONG       |    33 |
| WANDA      | PATTERSON  |    30 |
| BONNIE     | HUGHES     |    21 |
| JULIA      | FLORES     |    32 |
| RUBY       | WASHINGTON |    28 |
| LOIS       | BUTLER     |    35 |
| TINA       | SIMMONS    |    28 |
| PHYLLIS    | FOSTER     |    23 |
| NORMA      | GONZALES   |    21 |
| PAULA      | BRYANT     |    18 |
| DIANA      | ALEXANDER  |    27 |
| ANNIE      | RUSSELL    |    18 |
| LILLIAN    | GRIFFIN    |    25 |
| EMILY      | DIAZ       |    24 |
| ROBIN      | HAYES      |    24 |
+------------+------------+-------+
100 rows in set (0.0209 sec)
 MySQL  localhost:3306 ssl  sakila  SQL > select a.first_name, a.last_name, b.title from customer a inner join rental c on a.customer_id = c.customer_id inner join inventory d on c.inventory_id= d.inventory_id group by first_name, last_name limit 100;
ERROR: 1054 (42S22): Unknown column 'b.title' in 'field list'
 MySQL  localhost:3306 ssl  sakila  SQL > select a.first_name, a.last_name, b.title from customer a inner join rental c on a.customer_id = c.customer_id inner join inventory d on c.inventory_id= d.inventory_id inner join film b on b.film_id= d.film_id group by first_name, last_name limit 100;
ERROR: 1055 (42000): Expression #3 of SELECT list is not in GROUP BY clause and contains nonaggregated column 'sakila.b.title' which is not functionally dependent on columns in GROUP BY clause; this is incompatible with sql_mode=only_full_group_by
 MySQL  localhost:3306 ssl  sakila  SQL > select a.first_name, a.last_name, b.title from customer a inner join rental c on a.customer_id = c.customer_id inner join inventory d on c.inventory_id= d.inventory_id inner join film b on b.film_id= d.film_id group by first_name, last_name, title limit 100;
+------------+-------------+------------------+
| first_name | last_name   | title            |
+------------+-------------+------------------+
| JOEL       | FRANCISCO   | ACADEMY DINOSAUR |
| GABRIEL    | HARDER      | ACADEMY DINOSAUR |
| DIANNE     | SHELTON     | ACADEMY DINOSAUR |
| NORMAN     | CURRIER     | ACADEMY DINOSAUR |
| BEATRICE   | ARNOLD      | ACADEMY DINOSAUR |
| GERALDINE  | PERKINS     | ACADEMY DINOSAUR |
| VIRGIL     | WOFFORD     | ACADEMY DINOSAUR |
| WILLIE     | MARKHAM     | ACADEMY DINOSAUR |
| DEBRA      | NELSON      | ACADEMY DINOSAUR |
| DARREN     | WINDHAM     | ACADEMY DINOSAUR |
| ROBERT     | BAUGHMAN    | ACADEMY DINOSAUR |
| HENRY      | BILLINGSLEY | ACADEMY DINOSAUR |
| SERGIO     | STANFIELD   | ACADEMY DINOSAUR |
| FREDDIE    | DUGGAN      | ACADEMY DINOSAUR |
| MARIE      | TURNER      | ACADEMY DINOSAUR |
| MATTIE     | HOFFMAN     | ACADEMY DINOSAUR |
| DWAYNE     | OLVERA      | ACADEMY DINOSAUR |
| CARL       | ARTIS       | ACADEMY DINOSAUR |
| NATHAN     | RUNYON      | ACADEMY DINOSAUR |
| HECTOR     | POINDEXTER  | ACADEMY DINOSAUR |
| TINA       | SIMMONS     | ACADEMY DINOSAUR |
| SUSAN      | WILSON      | ACADEMY DINOSAUR |
| REBECCA    | SCOTT       | ACADEMY DINOSAUR |
| PENNY      | NEAL        | ACE GOLDFINGER   |
| BRANDON    | HUEY        | ACE GOLDFINGER   |
| LUCILLE    | HOLMES      | ACE GOLDFINGER   |
| KATHRYN    | COLEMAN     | ACE GOLDFINGER   |
| AMBER      | DIXON       | ACE GOLDFINGER   |
| STACY      | CUNNINGHAM  | ACE GOLDFINGER   |
| JESSIE     | MILAM       | ACE GOLDFINGER   |
| PEARL      | GARZA       | ADAPTATION HOLES |
| TRAVIS     | ESTEP       | ADAPTATION HOLES |
| STELLA     | MORENO      | ADAPTATION HOLES |
| CASSANDRA  | WALTERS     | ADAPTATION HOLES |
| DEBORAH    | WALKER      | ADAPTATION HOLES |
| ROBIN      | HAYES       | ADAPTATION HOLES |
| OLGA       | JIMENEZ     | ADAPTATION HOLES |
| MARY       | SMITH       | ADAPTATION HOLES |
| ROSE       | HOWARD      | ADAPTATION HOLES |
| JOANNE     | ROBERTSON   | ADAPTATION HOLES |
| STEVEN     | CURLEY      | ADAPTATION HOLES |
| MARION     | SNYDER      | ADAPTATION HOLES |
| VIVIAN     | RUIZ        | AFFAIR PREJUDICE |
| NINA       | SOTO        | AFFAIR PREJUDICE |
| JORDAN     | ARCHULETA   | AFFAIR PREJUDICE |
| DANIELLE   | DANIELS     | AFFAIR PREJUDICE |
| SUE        | PETERS      | AFFAIR PREJUDICE |
| MICHAEL    | SILVERMAN   | AFFAIR PREJUDICE |
| JEFF       | EAST        | AFFAIR PREJUDICE |
| MEGAN      | PALMER      | AFFAIR PREJUDICE |
| ELEANOR    | HUNT        | AFFAIR PREJUDICE |
| NATALIE    | MEYER       | AFFAIR PREJUDICE |
| TOMMY      | COLLAZO     | AFFAIR PREJUDICE |
| MINNIE     | ROMERO      | AFFAIR PREJUDICE |
| CARMEN     | OWENS       | AFFAIR PREJUDICE |
| DEANNA     | BYRD        | AFFAIR PREJUDICE |
| KIMBERLY   | LEE         | AFFAIR PREJUDICE |
| BEVERLY    | BROOKS      | AFFAIR PREJUDICE |
| JIMMY      | SCHRADER    | AFFAIR PREJUDICE |
| JANICE     | WARD        | AFFAIR PREJUDICE |
| RUBEN      | GEARY       | AFFAIR PREJUDICE |
| WALLACE    | SLONE       | AFFAIR PREJUDICE |
| OSCAR      | AQUINO      | AFFAIR PREJUDICE |
| JEROME     | KENYON      | AFFAIR PREJUDICE |
| CONNIE     | WALLACE     | AFRICAN EGG      |
| RICARDO    | MEADOR      | AFRICAN EGG      |
| BARRY      | LOVELACE    | AFRICAN EGG      |
| CASEY      | MENA        | AFRICAN EGG      |
| JOSHUA     | MARK        | AFRICAN EGG      |
| CURTIS     | IRBY        | AFRICAN EGG      |
| NORA       | HERRERA     | AFRICAN EGG      |
| AMY        | LOPEZ       | AFRICAN EGG      |
| ELAINE     | STEVENS     | AFRICAN EGG      |
| GILBERT    | SLEDGE      | AFRICAN EGG      |
| JOYCE      | EDWARDS     | AFRICAN EGG      |
| SETH       | HANNON      | AFRICAN EGG      |
| CLARENCE   | GAMEZ       | AGENT TRUMAN     |
| JANET      | PHILLIPS    | AGENT TRUMAN     |
| LESLIE     | SEWARD      | AGENT TRUMAN     |
| PERRY      | SWAFFORD    | AGENT TRUMAN     |
| IDA        | ANDREWS     | AGENT TRUMAN     |
| CATHERINE  | CAMPBELL    | AGENT TRUMAN     |
| TERRY      | GRISSOM     | AGENT TRUMAN     |
| BETTY      | WHITE       | AGENT TRUMAN     |
| ALAN       | KAHN        | AGENT TRUMAN     |
| ELIZABETH  | BROWN       | AGENT TRUMAN     |
| TONYA      | CHAPMAN     | AGENT TRUMAN     |
| TRACY      | COLE        | AGENT TRUMAN     |
| DIANE      | COLLINS     | AGENT TRUMAN     |
| CORY       | MEEHAN      | AGENT TRUMAN     |
| MAURICE    | CRAWLEY     | AGENT TRUMAN     |
| GINA       | WILLIAMSON  | AGENT TRUMAN     |
| ANTHONY    | SCHWAB      | AGENT TRUMAN     |
| CLINTON    | BUFORD      | AGENT TRUMAN     |
| KRISTIN    | JOHNSTON    | AGENT TRUMAN     |
| ROSEMARY   | SCHMIDT     | AGENT TRUMAN     |
| MARTHA     | GONZALEZ    | AGENT TRUMAN     |
| FRED       | WHEAT       | AIRPLANE SIERRA  |
| DEAN       | SAUER       | AIRPLANE SIERRA  |
| CRAIG      | MORRELL     | AIRPLANE SIERRA  |
+------------+-------------+------------------+
100 rows in set (0.1336 sec)
 MySQL  localhost:3306 ssl  sakila  SQL > select a.first_name, a.last_name, sum(b.title) from customer a inner join rental c on a.customer_id = c.customer_id inner join inventory d on c.inventory_id= d.inventory_id inner join film b on b.film_id= d.film_id group by first_name, last_name, title limit 100;
+------------+-------------+--------------+
| first_name | last_name   | sum(b.title) |
+------------+-------------+--------------+
| JOEL       | FRANCISCO   |            0 |
| GABRIEL    | HARDER      |            0 |
| DIANNE     | SHELTON     |            0 |
| NORMAN     | CURRIER     |            0 |
| BEATRICE   | ARNOLD      |            0 |
| GERALDINE  | PERKINS     |            0 |
| VIRGIL     | WOFFORD     |            0 |
| WILLIE     | MARKHAM     |            0 |
| DEBRA      | NELSON      |            0 |
| DARREN     | WINDHAM     |            0 |
| ROBERT     | BAUGHMAN    |            0 |
| HENRY      | BILLINGSLEY |            0 |
| SERGIO     | STANFIELD   |            0 |
| FREDDIE    | DUGGAN      |            0 |
| MARIE      | TURNER      |            0 |
| MATTIE     | HOFFMAN     |            0 |
| DWAYNE     | OLVERA      |            0 |
| CARL       | ARTIS       |            0 |
| NATHAN     | RUNYON      |            0 |
| HECTOR     | POINDEXTER  |            0 |
| TINA       | SIMMONS     |            0 |
| SUSAN      | WILSON      |            0 |
| REBECCA    | SCOTT       |            0 |
| PENNY      | NEAL        |            0 |
| BRANDON    | HUEY        |            0 |
| LUCILLE    | HOLMES      |            0 |
| KATHRYN    | COLEMAN     |            0 |
| AMBER      | DIXON       |            0 |
| STACY      | CUNNINGHAM  |            0 |
| JESSIE     | MILAM       |            0 |
| PEARL      | GARZA       |            0 |
| TRAVIS     | ESTEP       |            0 |
| STELLA     | MORENO      |            0 |
| CASSANDRA  | WALTERS     |            0 |
| DEBORAH    | WALKER      |            0 |
| ROBIN      | HAYES       |            0 |
| OLGA       | JIMENEZ     |            0 |
| MARY       | SMITH       |            0 |
| ROSE       | HOWARD      |            0 |
| JOANNE     | ROBERTSON   |            0 |
| STEVEN     | CURLEY      |            0 |
| MARION     | SNYDER      |            0 |
| VIVIAN     | RUIZ        |            0 |
| NINA       | SOTO        |            0 |
| JORDAN     | ARCHULETA   |            0 |
| DANIELLE   | DANIELS     |            0 |
| SUE        | PETERS      |            0 |
| MICHAEL    | SILVERMAN   |            0 |
| JEFF       | EAST        |            0 |
| MEGAN      | PALMER      |            0 |
| ELEANOR    | HUNT        |            0 |
| NATALIE    | MEYER       |            0 |
| TOMMY      | COLLAZO     |            0 |
| MINNIE     | ROMERO      |            0 |
| CARMEN     | OWENS       |            0 |
| DEANNA     | BYRD        |            0 |
| KIMBERLY   | LEE         |            0 |
| BEVERLY    | BROOKS      |            0 |
| JIMMY      | SCHRADER    |            0 |
| JANICE     | WARD        |            0 |
| RUBEN      | GEARY       |            0 |
| WALLACE    | SLONE       |            0 |
| OSCAR      | AQUINO      |            0 |
| JEROME     | KENYON      |            0 |
| CONNIE     | WALLACE     |            0 |
| RICARDO    | MEADOR      |            0 |
| BARRY      | LOVELACE    |            0 |
| CASEY      | MENA        |            0 |
| JOSHUA     | MARK        |            0 |
| CURTIS     | IRBY        |            0 |
| NORA       | HERRERA     |            0 |
| AMY        | LOPEZ       |            0 |
| ELAINE     | STEVENS     |            0 |
| GILBERT    | SLEDGE      |            0 |
| JOYCE      | EDWARDS     |            0 |
| SETH       | HANNON      |            0 |
| CLARENCE   | GAMEZ       |            0 |
| JANET      | PHILLIPS    |            0 |
| LESLIE     | SEWARD      |            0 |
| PERRY      | SWAFFORD    |            0 |
| IDA        | ANDREWS     |            0 |
| CATHERINE  | CAMPBELL    |            0 |
| TERRY      | GRISSOM     |            0 |
| BETTY      | WHITE       |            0 |
| ALAN       | KAHN        |            0 |
| ELIZABETH  | BROWN       |            0 |
| TONYA      | CHAPMAN     |            0 |
| TRACY      | COLE        |            0 |
| DIANE      | COLLINS     |            0 |
| CORY       | MEEHAN      |            0 |
| MAURICE    | CRAWLEY     |            0 |
| GINA       | WILLIAMSON  |            0 |
| ANTHONY    | SCHWAB      |            0 |
| CLINTON    | BUFORD      |            0 |
| KRISTIN    | JOHNSTON    |            0 |
| ROSEMARY   | SCHMIDT     |            0 |
| MARTHA     | GONZALEZ    |            0 |
| FRED       | WHEAT       |            0 |
| DEAN       | SAUER       |            0 |
| CRAIG      | MORRELL     |            0 |
+------------+-------------+--------------+
100 rows in set, 16044 warnings (0.1577 sec)
Warning (code 1292): Truncated incorrect DOUBLE value: 'ACADEMY DINOSAUR'
Warning (code 1292): Truncated incorrect DOUBLE value: 'ACADEMY DINOSAUR'
Warning (code 1292): Truncated incorrect DOUBLE value: 'ACADEMY DINOSAUR'
Warning (code 1292): Truncated incorrect DOUBLE value: 'ACADEMY DINOSAUR'
Warning (code 1292): Truncated incorrect DOUBLE value: 'ACADEMY DINOSAUR'
Warning (code 1292): Truncated incorrect DOUBLE value: 'ACADEMY DINOSAUR'
Warning (code 1292): Truncated incorrect DOUBLE value: 'ACADEMY DINOSAUR'
Warning (code 1292): Truncated incorrect DOUBLE value: 'ACADEMY DINOSAUR'
Warning (code 1292): Truncated incorrect DOUBLE value: 'ACADEMY DINOSAUR'
Warning (code 1292): Truncated incorrect DOUBLE value: 'ACADEMY DINOSAUR'
Warning (code 1292): Truncated incorrect DOUBLE value: 'ACADEMY DINOSAUR'
Warning (code 1292): Truncated incorrect DOUBLE value: 'ACADEMY DINOSAUR'
Warning (code 1292): Truncated incorrect DOUBLE value: 'ACADEMY DINOSAUR'
Warning (code 1292): Truncated incorrect DOUBLE value: 'ACADEMY DINOSAUR'
Warning (code 1292): Truncated incorrect DOUBLE value: 'ACADEMY DINOSAUR'
Warning (code 1292): Truncated incorrect DOUBLE value: 'ACADEMY DINOSAUR'
Warning (code 1292): Truncated incorrect DOUBLE value: 'ACADEMY DINOSAUR'
Warning (code 1292): Truncated incorrect DOUBLE value: 'ACADEMY DINOSAUR'
Warning (code 1292): Truncated incorrect DOUBLE value: 'ACADEMY DINOSAUR'
Warning (code 1292): Truncated incorrect DOUBLE value: 'ACADEMY DINOSAUR'
Warning (code 1292): Truncated incorrect DOUBLE value: 'ACADEMY DINOSAUR'
Warning (code 1292): Truncated incorrect DOUBLE value: 'ACADEMY DINOSAUR'
Warning (code 1292): Truncated incorrect DOUBLE value: 'ACADEMY DINOSAUR'
Warning (code 1292): Truncated incorrect DOUBLE value: 'ACE GOLDFINGER'
Warning (code 1292): Truncated incorrect DOUBLE value: 'ACE GOLDFINGER'
Warning (code 1292): Truncated incorrect DOUBLE value: 'ACE GOLDFINGER'
Warning (code 1292): Truncated incorrect DOUBLE value: 'ACE GOLDFINGER'
Warning (code 1292): Truncated incorrect DOUBLE value: 'ACE GOLDFINGER'
Warning (code 1292): Truncated incorrect DOUBLE value: 'ACE GOLDFINGER'
Warning (code 1292): Truncated incorrect DOUBLE value: 'ACE GOLDFINGER'
Warning (code 1292): Truncated incorrect DOUBLE value: 'ADAPTATION HOLES'
Warning (code 1292): Truncated incorrect DOUBLE value: 'ADAPTATION HOLES'
Warning (code 1292): Truncated incorrect DOUBLE value: 'ADAPTATION HOLES'
Warning (code 1292): Truncated incorrect DOUBLE value: 'ADAPTATION HOLES'
Warning (code 1292): Truncated incorrect DOUBLE value: 'ADAPTATION HOLES'
Warning (code 1292): Truncated incorrect DOUBLE value: 'ADAPTATION HOLES'
Warning (code 1292): Truncated incorrect DOUBLE value: 'ADAPTATION HOLES'
Warning (code 1292): Truncated incorrect DOUBLE value: 'ADAPTATION HOLES'
Warning (code 1292): Truncated incorrect DOUBLE value: 'ADAPTATION HOLES'
Warning (code 1292): Truncated incorrect DOUBLE value: 'ADAPTATION HOLES'
Warning (code 1292): Truncated incorrect DOUBLE value: 'ADAPTATION HOLES'
Warning (code 1292): Truncated incorrect DOUBLE value: 'ADAPTATION HOLES'
Warning (code 1292): Truncated incorrect DOUBLE value: 'AFFAIR PREJUDICE'
Warning (code 1292): Truncated incorrect DOUBLE value: 'AFFAIR PREJUDICE'
Warning (code 1292): Truncated incorrect DOUBLE value: 'AFFAIR PREJUDICE'
Warning (code 1292): Truncated incorrect DOUBLE value: 'AFFAIR PREJUDICE'
Warning (code 1292): Truncated incorrect DOUBLE value: 'AFFAIR PREJUDICE'
Warning (code 1292): Truncated incorrect DOUBLE value: 'AFFAIR PREJUDICE'
Warning (code 1292): Truncated incorrect DOUBLE value: 'AFFAIR PREJUDICE'
Warning (code 1292): Truncated incorrect DOUBLE value: 'AFFAIR PREJUDICE'
Warning (code 1292): Truncated incorrect DOUBLE value: 'AFFAIR PREJUDICE'
Warning (code 1292): Truncated incorrect DOUBLE value: 'AFFAIR PREJUDICE'
Warning (code 1292): Truncated incorrect DOUBLE value: 'AFFAIR PREJUDICE'
Warning (code 1292): Truncated incorrect DOUBLE value: 'AFFAIR PREJUDICE'
Warning (code 1292): Truncated incorrect DOUBLE value: 'AFFAIR PREJUDICE'
Warning (code 1292): Truncated incorrect DOUBLE value: 'AFFAIR PREJUDICE'
Warning (code 1292): Truncated incorrect DOUBLE value: 'AFFAIR PREJUDICE'
Warning (code 1292): Truncated incorrect DOUBLE value: 'AFFAIR PREJUDICE'
Warning (code 1292): Truncated incorrect DOUBLE value: 'AFFAIR PREJUDICE'
Warning (code 1292): Truncated incorrect DOUBLE value: 'AFFAIR PREJUDICE'
Warning (code 1292): Truncated incorrect DOUBLE value: 'AFFAIR PREJUDICE'
Warning (code 1292): Truncated incorrect DOUBLE value: 'AFFAIR PREJUDICE'
Warning (code 1292): Truncated incorrect DOUBLE value: 'AFFAIR PREJUDICE'
Warning (code 1292): Truncated incorrect DOUBLE value: 'AFFAIR PREJUDICE'
Warning (code 1292): Truncated incorrect DOUBLE value: 'AFFAIR PREJUDICE'
Warning (code 1292): Truncated incorrect DOUBLE value: 'AFRICAN EGG'
Warning (code 1292): Truncated incorrect DOUBLE value: 'AFRICAN EGG'
Warning (code 1292): Truncated incorrect DOUBLE value: 'AFRICAN EGG'
Warning (code 1292): Truncated incorrect DOUBLE value: 'AFRICAN EGG'
Warning (code 1292): Truncated incorrect DOUBLE value: 'AFRICAN EGG'
Warning (code 1292): Truncated incorrect DOUBLE value: 'AFRICAN EGG'
Warning (code 1292): Truncated incorrect DOUBLE value: 'AFRICAN EGG'
Warning (code 1292): Truncated incorrect DOUBLE value: 'AFRICAN EGG'
Warning (code 1292): Truncated incorrect DOUBLE value: 'AFRICAN EGG'
Warning (code 1292): Truncated incorrect DOUBLE value: 'AFRICAN EGG'
Warning (code 1292): Truncated incorrect DOUBLE value: 'AFRICAN EGG'
Warning (code 1292): Truncated incorrect DOUBLE value: 'AFRICAN EGG'
Warning (code 1292): Truncated incorrect DOUBLE value: 'AGENT TRUMAN'
Warning (code 1292): Truncated incorrect DOUBLE value: 'AGENT TRUMAN'
Warning (code 1292): Truncated incorrect DOUBLE value: 'AGENT TRUMAN'
Warning (code 1292): Truncated incorrect DOUBLE value: 'AGENT TRUMAN'
Warning (code 1292): Truncated incorrect DOUBLE value: 'AGENT TRUMAN'
Warning (code 1292): Truncated incorrect DOUBLE value: 'AGENT TRUMAN'
Warning (code 1292): Truncated incorrect DOUBLE value: 'AGENT TRUMAN'
Warning (code 1292): Truncated incorrect DOUBLE value: 'AGENT TRUMAN'
Warning (code 1292): Truncated incorrect DOUBLE value: 'AGENT TRUMAN'
Warning (code 1292): Truncated incorrect DOUBLE value: 'AGENT TRUMAN'
Warning (code 1292): Truncated incorrect DOUBLE value: 'AGENT TRUMAN'
Warning (code 1292): Truncated incorrect DOUBLE value: 'AGENT TRUMAN'
Warning (code 1292): Truncated incorrect DOUBLE value: 'AGENT TRUMAN'
Warning (code 1292): Truncated incorrect DOUBLE value: 'AGENT TRUMAN'
Warning (code 1292): Truncated incorrect DOUBLE value: 'AGENT TRUMAN'
Warning (code 1292): Truncated incorrect DOUBLE value: 'AGENT TRUMAN'
Warning (code 1292): Truncated incorrect DOUBLE value: 'AGENT TRUMAN'
Warning (code 1292): Truncated incorrect DOUBLE value: 'AGENT TRUMAN'
Warning (code 1292): Truncated incorrect DOUBLE value: 'AGENT TRUMAN'
Warning (code 1292): Truncated incorrect DOUBLE value: 'AGENT TRUMAN'
Warning (code 1292): Truncated incorrect DOUBLE value: 'AGENT TRUMAN'
Warning (code 1292): Truncated incorrect DOUBLE value: 'AIRPLANE SIERRA'
Warning (code 1292): Truncated incorrect DOUBLE value: 'AIRPLANE SIERRA'
Warning (code 1292): Truncated incorrect DOUBLE value: 'AIRPLANE SIERRA'
Warning (code 1292): Truncated incorrect DOUBLE value: 'AIRPLANE SIERRA'
Warning (code 1292): Truncated incorrect DOUBLE value: 'AIRPLANE SIERRA'
Warning (code 1292): Truncated incorrect DOUBLE value: 'AIRPLANE SIERRA'
Warning (code 1292): Truncated incorrect DOUBLE value: 'AIRPLANE SIERRA'
Warning (code 1292): Truncated incorrect DOUBLE value: 'AIRPLANE SIERRA'
Warning (code 1292): Truncated incorrect DOUBLE value: 'AIRPLANE SIERRA'
Warning (code 1292): Truncated incorrect DOUBLE value: 'AIRPLANE SIERRA'
Warning (code 1292): Truncated incorrect DOUBLE value: 'AIRPLANE SIERRA'
Warning (code 1292): Truncated incorrect DOUBLE value: 'AIRPLANE SIERRA'
Warning (code 1292): Truncated incorrect DOUBLE value: 'AIRPLANE SIERRA'
Warning (code 1292): Truncated incorrect DOUBLE value: 'AIRPLANE SIERRA'
Warning (code 1292): Truncated incorrect DOUBLE value: 'AIRPLANE SIERRA'
Warning (code 1292): Truncated incorrect DOUBLE value: 'AIRPORT POLLOCK'
Warning (code 1292): Truncated incorrect DOUBLE value: 'AIRPORT POLLOCK'
Warning (code 1292): Truncated incorrect DOUBLE value: 'AIRPORT POLLOCK'
Warning (code 1292): Truncated incorrect DOUBLE value: 'AIRPORT POLLOCK'
Warning (code 1292): Truncated incorrect DOUBLE value: 'AIRPORT POLLOCK'
Warning (code 1292): Truncated incorrect DOUBLE value: 'AIRPORT POLLOCK'
Warning (code 1292): Truncated incorrect DOUBLE value: 'AIRPORT POLLOCK'
Warning (code 1292): Truncated incorrect DOUBLE value: 'AIRPORT POLLOCK'
Warning (code 1292): Truncated incorrect DOUBLE value: 'AIRPORT POLLOCK'
Warning (code 1292): Truncated incorrect DOUBLE value: 'AIRPORT POLLOCK'
Warning (code 1292): Truncated incorrect DOUBLE value: 'AIRPORT POLLOCK'
Warning (code 1292): Truncated incorrect DOUBLE value: 'AIRPORT POLLOCK'
Warning (code 1292): Truncated incorrect DOUBLE value: 'AIRPORT POLLOCK'
Warning (code 1292): Truncated incorrect DOUBLE value: 'AIRPORT POLLOCK'
Warning (code 1292): Truncated incorrect DOUBLE value: 'AIRPORT POLLOCK'
Warning (code 1292): Truncated incorrect DOUBLE value: 'AIRPORT POLLOCK'
Warning (code 1292): Truncated incorrect DOUBLE value: 'AIRPORT POLLOCK'
Warning (code 1292): Truncated incorrect DOUBLE value: 'AIRPORT POLLOCK'
Warning (code 1292): Truncated incorrect DOUBLE value: 'ALABAMA DEVIL'
Warning (code 1292): Truncated incorrect DOUBLE value: 'ALABAMA DEVIL'
Warning (code 1292): Truncated incorrect DOUBLE value: 'ALABAMA DEVIL'
Warning (code 1292): Truncated incorrect DOUBLE value: 'ALABAMA DEVIL'
Warning (code 1292): Truncated incorrect DOUBLE value: 'ALABAMA DEVIL'
Warning (code 1292): Truncated incorrect DOUBLE value: 'ALABAMA DEVIL'
Warning (code 1292): Truncated incorrect DOUBLE value: 'ALABAMA DEVIL'
Warning (code 1292): Truncated incorrect DOUBLE value: 'ALABAMA DEVIL'
Warning (code 1292): Truncated incorrect DOUBLE value: 'ALABAMA DEVIL'
Warning (code 1292): Truncated incorrect DOUBLE value: 'ALABAMA DEVIL'
Warning (code 1292): Truncated incorrect DOUBLE value: 'ALABAMA DEVIL'
Warning (code 1292): Truncated incorrect DOUBLE value: 'ALABAMA DEVIL'
Warning (code 1292): Truncated incorrect DOUBLE value: 'ALADDIN CALENDAR'
Warning (code 1292): Truncated incorrect DOUBLE value: 'ALADDIN CALENDAR'
Warning (code 1292): Truncated incorrect DOUBLE value: 'ALADDIN CALENDAR'
Warning (code 1292): Truncated incorrect DOUBLE value: 'ALADDIN CALENDAR'
Warning (code 1292): Truncated incorrect DOUBLE value: 'ALADDIN CALENDAR'
Warning (code 1292): Truncated incorrect DOUBLE value: 'ALADDIN CALENDAR'
Warning (code 1292): Truncated incorrect DOUBLE value: 'ALADDIN CALENDAR'
Warning (code 1292): Truncated incorrect DOUBLE value: 'ALADDIN CALENDAR'
Warning (code 1292): Truncated incorrect DOUBLE value: 'ALADDIN CALENDAR'
Warning (code 1292): Truncated incorrect DOUBLE value: 'ALADDIN CALENDAR'
Warning (code 1292): Truncated incorrect DOUBLE value: 'ALADDIN CALENDAR'
Warning (code 1292): Truncated incorrect DOUBLE value: 'ALADDIN CALENDAR'
Warning (code 1292): Truncated incorrect DOUBLE value: 'ALADDIN CALENDAR'
Warning (code 1292): Truncated incorrect DOUBLE value: 'ALADDIN CALENDAR'
Warning (code 1292): Truncated incorrect DOUBLE value: 'ALADDIN CALENDAR'
Warning (code 1292): Truncated incorrect DOUBLE value: 'ALADDIN CALENDAR'
Warning (code 1292): Truncated incorrect DOUBLE value: 'ALADDIN CALENDAR'
Warning (code 1292): Truncated incorrect DOUBLE value: 'ALADDIN CALENDAR'
Warning (code 1292): Truncated incorrect DOUBLE value: 'ALADDIN CALENDAR'
Warning (code 1292): Truncated incorrect DOUBLE value: 'ALADDIN CALENDAR'
Warning (code 1292): Truncated incorrect DOUBLE value: 'ALADDIN CALENDAR'
Warning (code 1292): Truncated incorrect DOUBLE value: 'ALADDIN CALENDAR'
Warning (code 1292): Truncated incorrect DOUBLE value: 'ALADDIN CALENDAR'
Warning (code 1292): Truncated incorrect DOUBLE value: 'ALAMO VIDEOTAPE'
Warning (code 1292): Truncated incorrect DOUBLE value: 'ALAMO VIDEOTAPE'
Warning (code 1292): Truncated incorrect DOUBLE value: 'ALAMO VIDEOTAPE'
Warning (code 1292): Truncated incorrect DOUBLE value: 'ALAMO VIDEOTAPE'
Warning (code 1292): Truncated incorrect DOUBLE value: 'ALAMO VIDEOTAPE'
Warning (code 1292): Truncated incorrect DOUBLE value: 'ALAMO VIDEOTAPE'
Warning (code 1292): Truncated incorrect DOUBLE value: 'ALAMO VIDEOTAPE'
Warning (code 1292): Truncated incorrect DOUBLE value: 'ALAMO VIDEOTAPE'
Warning (code 1292): Truncated incorrect DOUBLE value: 'ALAMO VIDEOTAPE'
Warning (code 1292): Truncated incorrect DOUBLE value: 'ALAMO VIDEOTAPE'
Warning (code 1292): Truncated incorrect DOUBLE value: 'ALAMO VIDEOTAPE'
Warning (code 1292): Truncated incorrect DOUBLE value: 'ALAMO VIDEOTAPE'
Warning (code 1292): Truncated incorrect DOUBLE value: 'ALAMO VIDEOTAPE'
Warning (code 1292): Truncated incorrect DOUBLE value: 'ALAMO VIDEOTAPE'
Warning (code 1292): Truncated incorrect DOUBLE value: 'ALAMO VIDEOTAPE'
Warning (code 1292): Truncated incorrect DOUBLE value: 'ALAMO VIDEOTAPE'
Warning (code 1292): Truncated incorrect DOUBLE value: 'ALAMO VIDEOTAPE'
Warning (code 1292): Truncated incorrect DOUBLE value: 'ALAMO VIDEOTAPE'
Warning (code 1292): Truncated incorrect DOUBLE value: 'ALAMO VIDEOTAPE'
Warning (code 1292): Truncated incorrect DOUBLE value: 'ALAMO VIDEOTAPE'
Warning (code 1292): Truncated incorrect DOUBLE value: 'ALAMO VIDEOTAPE'
Warning (code 1292): Truncated incorrect DOUBLE value: 'ALAMO VIDEOTAPE'
Warning (code 1292): Truncated incorrect DOUBLE value: 'ALAMO VIDEOTAPE'
Warning (code 1292): Truncated incorrect DOUBLE value: 'ALAMO VIDEOTAPE'
Warning (code 1292): Truncated incorrect DOUBLE value: 'ALASKA PHANTOM'
Warning (code 1292): Truncated incorrect DOUBLE value: 'ALASKA PHANTOM'
Warning (code 1292): Truncated incorrect DOUBLE value: 'ALASKA PHANTOM'
Warning (code 1292): Truncated incorrect DOUBLE value: 'ALASKA PHANTOM'
Warning (code 1292): Truncated incorrect DOUBLE value: 'ALASKA PHANTOM'
Warning (code 1292): Truncated incorrect DOUBLE value: 'ALASKA PHANTOM'
Warning (code 1292): Truncated incorrect DOUBLE value: 'ALASKA PHANTOM'
Warning (code 1292): Truncated incorrect DOUBLE value: 'ALASKA PHANTOM'
Warning (code 1292): Truncated incorrect DOUBLE value: 'ALASKA PHANTOM'
Warning (code 1292): Truncated incorrect DOUBLE value: 'ALASKA PHANTOM'
Warning (code 1292): Truncated incorrect DOUBLE value: 'ALASKA PHANTOM'
Warning (code 1292): Truncated incorrect DOUBLE value: 'ALASKA PHANTOM'
Warning (code 1292): Truncated incorrect DOUBLE value: 'ALASKA PHANTOM'
Warning (code 1292): Truncated incorrect DOUBLE value: 'ALASKA PHANTOM'
Warning (code 1292): Truncated incorrect DOUBLE value: 'ALASKA PHANTOM'
Warning (code 1292): Truncated incorrect DOUBLE value: 'ALASKA PHANTOM'
Warning (code 1292): Truncated incorrect DOUBLE value: 'ALASKA PHANTOM'
Warning (code 1292): Truncated incorrect DOUBLE value: 'ALASKA PHANTOM'
Warning (code 1292): Truncated incorrect DOUBLE value: 'ALASKA PHANTOM'
Warning (code 1292): Truncated incorrect DOUBLE value: 'ALASKA PHANTOM'
Warning (code 1292): Truncated incorrect DOUBLE value: 'ALASKA PHANTOM'
Warning (code 1292): Truncated incorrect DOUBLE value: 'ALASKA PHANTOM'
Warning (code 1292): Truncated incorrect DOUBLE value: 'ALASKA PHANTOM'
Warning (code 1292): Truncated incorrect DOUBLE value: 'ALASKA PHANTOM'
Warning (code 1292): Truncated incorrect DOUBLE value: 'ALASKA PHANTOM'
Warning (code 1292): Truncated incorrect DOUBLE value: 'ALASKA PHANTOM'
Warning (code 1292): Truncated incorrect DOUBLE value: 'ALI FOREVER'
Warning (code 1292): Truncated incorrect DOUBLE value: 'ALI FOREVER'
Warning (code 1292): Truncated incorrect DOUBLE value: 'ALI FOREVER'
Warning (code 1292): Truncated incorrect DOUBLE value: 'ALI FOREVER'
Warning (code 1292): Truncated incorrect DOUBLE value: 'ALI FOREVER'
Warning (code 1292): Truncated incorrect DOUBLE value: 'ALI FOREVER'
Warning (code 1292): Truncated incorrect DOUBLE value: 'ALI FOREVER'
Warning (code 1292): Truncated incorrect DOUBLE value: 'ALI FOREVER'
Warning (code 1292): Truncated incorrect DOUBLE value: 'ALI FOREVER'
Warning (code 1292): Truncated incorrect DOUBLE value: 'ALIEN CENTER'
Warning (code 1292): Truncated incorrect DOUBLE value: 'ALIEN CENTER'
Warning (code 1292): Truncated incorrect DOUBLE value: 'ALIEN CENTER'
Warning (code 1292): Truncated incorrect DOUBLE value: 'ALIEN CENTER'
Warning (code 1292): Truncated incorrect DOUBLE value: 'ALIEN CENTER'
Warning (code 1292): Truncated incorrect DOUBLE value: 'ALIEN CENTER'
Warning (code 1292): Truncated incorrect DOUBLE value: 'ALIEN CENTER'
Warning (code 1292): Truncated incorrect DOUBLE value: 'ALIEN CENTER'
Warning (code 1292): Truncated incorrect DOUBLE value: 'ALIEN CENTER'
Warning (code 1292): Truncated incorrect DOUBLE value: 'ALIEN CENTER'
Warning (code 1292): Truncated incorrect DOUBLE value: 'ALIEN CENTER'
Warning (code 1292): Truncated incorrect DOUBLE value: 'ALIEN CENTER'
Warning (code 1292): Truncated incorrect DOUBLE value: 'ALIEN CENTER'
Warning (code 1292): Truncated incorrect DOUBLE value: 'ALIEN CENTER'
Warning (code 1292): Truncated incorrect DOUBLE value: 'ALIEN CENTER'
Warning (code 1292): Truncated incorrect DOUBLE value: 'ALIEN CENTER'
Warning (code 1292): Truncated incorrect DOUBLE value: 'ALIEN CENTER'
Warning (code 1292): Truncated incorrect DOUBLE value: 'ALIEN CENTER'
Warning (code 1292): Truncated incorrect DOUBLE value: 'ALIEN CENTER'
Warning (code 1292): Truncated incorrect DOUBLE value: 'ALIEN CENTER'
Warning (code 1292): Truncated incorrect DOUBLE value: 'ALIEN CENTER'
Warning (code 1292): Truncated incorrect DOUBLE value: 'ALIEN CENTER'
Warning (code 1292): Truncated incorrect DOUBLE value: 'ALLEY EVOLUTION'
Warning (code 1292): Truncated incorrect DOUBLE value: 'ALLEY EVOLUTION'
Warning (code 1292): Truncated incorrect DOUBLE value: 'ALLEY EVOLUTION'
Warning (code 1292): Truncated incorrect DOUBLE value: 'ALLEY EVOLUTION'
Warning (code 1292): Truncated incorrect DOUBLE value: 'ALLEY EVOLUTION'
Warning (code 1292): Truncated incorrect DOUBLE value: 'ALLEY EVOLUTION'
Warning (code 1292): Truncated incorrect DOUBLE value: 'ALLEY EVOLUTION'
Warning (code 1292): Truncated incorrect DOUBLE value: 'ALLEY EVOLUTION'
Warning (code 1292): Truncated incorrect DOUBLE value: 'ALLEY EVOLUTION'
Warning (code 1292): Truncated incorrect DOUBLE value: 'ALLEY EVOLUTION'
Warning (code 1292): Truncated incorrect DOUBLE value: 'ALLEY EVOLUTION'
Warning (code 1292): Truncated incorrect DOUBLE value: 'ALLEY EVOLUTION'
Warning (code 1292): Truncated incorrect DOUBLE value: 'ALLEY EVOLUTION'
Warning (code 1292): Truncated incorrect DOUBLE value: 'ALLEY EVOLUTION'
Warning (code 1292): Truncated incorrect DOUBLE value: 'ALONE TRIP'
Warning (code 1292): Truncated incorrect DOUBLE value: 'ALONE TRIP'
Warning (code 1292): Truncated incorrect DOUBLE value: 'ALONE TRIP'
Warning (code 1292): Truncated incorrect DOUBLE value: 'ALONE TRIP'
Warning (code 1292): Truncated incorrect DOUBLE value: 'ALONE TRIP'
Warning (code 1292): Truncated incorrect DOUBLE value: 'ALONE TRIP'
Warning (code 1292): Truncated incorrect DOUBLE value: 'ALONE TRIP'
Warning (code 1292): Truncated incorrect DOUBLE value: 'ALONE TRIP'
Warning (code 1292): Truncated incorrect DOUBLE value: 'ALONE TRIP'
Warning (code 1292): Truncated incorrect DOUBLE value: 'ALONE TRIP'
Warning (code 1292): Truncated incorrect DOUBLE value: 'ALONE TRIP'
Warning (code 1292): Truncated incorrect DOUBLE value: 'ALONE TRIP'
Warning (code 1292): Truncated incorrect DOUBLE value: 'ALONE TRIP'
Warning (code 1292): Truncated incorrect DOUBLE value: 'ALONE TRIP'
Warning (code 1292): Truncated incorrect DOUBLE value: 'ALONE TRIP'
Warning (code 1292): Truncated incorrect DOUBLE value: 'ALONE TRIP'
Warning (code 1292): Truncated incorrect DOUBLE value: 'ALONE TRIP'
Warning (code 1292): Truncated incorrect DOUBLE value: 'ALONE TRIP'
Warning (code 1292): Truncated incorrect DOUBLE value: 'ALTER VICTORY'
Warning (code 1292): Truncated incorrect DOUBLE value: 'ALTER VICTORY'
Warning (code 1292): Truncated incorrect DOUBLE value: 'ALTER VICTORY'
Warning (code 1292): Truncated incorrect DOUBLE value: 'ALTER VICTORY'
Warning (code 1292): Truncated incorrect DOUBLE value: 'ALTER VICTORY'
Warning (code 1292): Truncated incorrect DOUBLE value: 'ALTER VICTORY'
Warning (code 1292): Truncated incorrect DOUBLE value: 'ALTER VICTORY'
Warning (code 1292): Truncated incorrect DOUBLE value: 'ALTER VICTORY'
Warning (code 1292): Truncated incorrect DOUBLE value: 'ALTER VICTORY'
Warning (code 1292): Truncated incorrect DOUBLE value: 'ALTER VICTORY'
Warning (code 1292): Truncated incorrect DOUBLE value: 'ALTER VICTORY'
Warning (code 1292): Truncated incorrect DOUBLE value: 'ALTER VICTORY'
Warning (code 1292): Truncated incorrect DOUBLE value: 'ALTER VICTORY'
Warning (code 1292): Truncated incorrect DOUBLE value: 'ALTER VICTORY'
Warning (code 1292): Truncated incorrect DOUBLE value: 'ALTER VICTORY'
Warning (code 1292): Truncated incorrect DOUBLE value: 'ALTER VICTORY'
Warning (code 1292): Truncated incorrect DOUBLE value: 'ALTER VICTORY'
Warning (code 1292): Truncated incorrect DOUBLE value: 'ALTER VICTORY'
Warning (code 1292): Truncated incorrect DOUBLE value: 'ALTER VICTORY'
Warning (code 1292): Truncated incorrect DOUBLE value: 'ALTER VICTORY'
Warning (code 1292): Truncated incorrect DOUBLE value: 'ALTER VICTORY'
Warning (code 1292): Truncated incorrect DOUBLE value: 'ALTER VICTORY'
Warning (code 1292): Truncated incorrect DOUBLE value: 'AMADEUS HOLY'
Warning (code 1292): Truncated incorrect DOUBLE value: 'AMADEUS HOLY'
Warning (code 1292): Truncated incorrect DOUBLE value: 'AMADEUS HOLY'
Warning (code 1292): Truncated incorrect DOUBLE value: 'AMADEUS HOLY'
Warning (code 1292): Truncated incorrect DOUBLE value: 'AMADEUS HOLY'
Warning (code 1292): Truncated incorrect DOUBLE value: 'AMADEUS HOLY'
Warning (code 1292): Truncated incorrect DOUBLE value: 'AMADEUS HOLY'
Warning (code 1292): Truncated incorrect DOUBLE value: 'AMADEUS HOLY'
Warning (code 1292): Truncated incorrect DOUBLE value: 'AMADEUS HOLY'
Warning (code 1292): Truncated incorrect DOUBLE value: 'AMADEUS HOLY'
Warning (code 1292): Truncated incorrect DOUBLE value: 'AMADEUS HOLY'
Warning (code 1292): Truncated incorrect DOUBLE value: 'AMADEUS HOLY'
Warning (code 1292): Truncated incorrect DOUBLE value: 'AMADEUS HOLY'
Warning (code 1292): Truncated incorrect DOUBLE value: 'AMADEUS HOLY'
Warning (code 1292): Truncated incorrect DOUBLE value: 'AMADEUS HOLY'
Warning (code 1292): Truncated incorrect DOUBLE value: 'AMADEUS HOLY'
Warning (code 1292): Truncated incorrect DOUBLE value: 'AMADEUS HOLY'
Warning (code 1292): Truncated incorrect DOUBLE value: 'AMADEUS HOLY'
Warning (code 1292): Truncated incorrect DOUBLE value: 'AMADEUS HOLY'
Warning (code 1292): Truncated incorrect DOUBLE value: 'AMADEUS HOLY'
Warning (code 1292): Truncated incorrect DOUBLE value: 'AMADEUS HOLY'
Warning (code 1292): Truncated incorrect DOUBLE value: 'AMELIE HELLFIGHTERS'
Warning (code 1292): Truncated incorrect DOUBLE value: 'AMELIE HELLFIGHTERS'
Warning (code 1292): Truncated incorrect DOUBLE value: 'AMELIE HELLFIGHTERS'
Warning (code 1292): Truncated incorrect DOUBLE value: 'AMELIE HELLFIGHTERS'
Warning (code 1292): Truncated incorrect DOUBLE value: 'AMELIE HELLFIGHTERS'
Warning (code 1292): Truncated incorrect DOUBLE value: 'AMELIE HELLFIGHTERS'
Warning (code 1292): Truncated incorrect DOUBLE value: 'AMELIE HELLFIGHTERS'
Warning (code 1292): Truncated incorrect DOUBLE value: 'AMELIE HELLFIGHTERS'
Warning (code 1292): Truncated incorrect DOUBLE value: 'AMELIE HELLFIGHTERS'
Warning (code 1292): Truncated incorrect DOUBLE value: 'AMELIE HELLFIGHTERS'
Warning (code 1292): Truncated incorrect DOUBLE value: 'AMERICAN CIRCUS'
Warning (code 1292): Truncated incorrect DOUBLE value: 'AMERICAN CIRCUS'
Warning (code 1292): Truncated incorrect DOUBLE value: 'AMERICAN CIRCUS'
Warning (code 1292): Truncated incorrect DOUBLE value: 'AMERICAN CIRCUS'
Warning (code 1292): Truncated incorrect DOUBLE value: 'AMERICAN CIRCUS'
Warning (code 1292): Truncated incorrect DOUBLE value: 'AMERICAN CIRCUS'
Warning (code 1292): Truncated incorrect DOUBLE value: 'AMERICAN CIRCUS'
Warning (code 1292): Truncated incorrect DOUBLE value: 'AMERICAN CIRCUS'
Warning (code 1292): Truncated incorrect DOUBLE value: 'AMERICAN CIRCUS'
Warning (code 1292): Truncated incorrect DOUBLE value: 'AMERICAN CIRCUS'
Warning (code 1292): Truncated incorrect DOUBLE value: 'AMERICAN CIRCUS'
Warning (code 1292): Truncated incorrect DOUBLE value: 'AMERICAN CIRCUS'
Warning (code 1292): Truncated incorrect DOUBLE value: 'AMERICAN CIRCUS'
Warning (code 1292): Truncated incorrect DOUBLE value: 'AMERICAN CIRCUS'
Warning (code 1292): Truncated incorrect DOUBLE value: 'AMERICAN CIRCUS'
Warning (code 1292): Truncated incorrect DOUBLE value: 'AMERICAN CIRCUS'
Warning (code 1292): Truncated incorrect DOUBLE value: 'AMERICAN CIRCUS'
Warning (code 1292): Truncated incorrect DOUBLE value: 'AMERICAN CIRCUS'
Warning (code 1292): Truncated incorrect DOUBLE value: 'AMERICAN CIRCUS'
Warning (code 1292): Truncated incorrect DOUBLE value: 'AMERICAN CIRCUS'
Warning (code 1292): Truncated incorrect DOUBLE value: 'AMERICAN CIRCUS'
Warning (code 1292): Truncated incorrect DOUBLE value: 'AMERICAN CIRCUS'
Warning (code 1292): Truncated incorrect DOUBLE value: 'AMISTAD MIDSUMMER'
Warning (code 1292): Truncated incorrect DOUBLE value: 'AMISTAD MIDSUMMER'
Warning (code 1292): Truncated incorrect DOUBLE value: 'AMISTAD MIDSUMMER'
Warning (code 1292): Truncated incorrect DOUBLE value: 'AMISTAD MIDSUMMER'
Warning (code 1292): Truncated incorrect DOUBLE value: 'AMISTAD MIDSUMMER'
Warning (code 1292): Truncated incorrect DOUBLE value: 'AMISTAD MIDSUMMER'
Warning (code 1292): Truncated incorrect DOUBLE value: 'AMISTAD MIDSUMMER'
Warning (code 1292): Truncated incorrect DOUBLE value: 'AMISTAD MIDSUMMER'
Warning (code 1292): Truncated incorrect DOUBLE value: 'AMISTAD MIDSUMMER'
Warning (code 1292): Truncated incorrect DOUBLE value: 'AMISTAD MIDSUMMER'
Warning (code 1292): Truncated incorrect DOUBLE value: 'AMISTAD MIDSUMMER'
Warning (code 1292): Truncated incorrect DOUBLE value: 'AMISTAD MIDSUMMER'
Warning (code 1292): Truncated incorrect DOUBLE value: 'AMISTAD MIDSUMMER'
Warning (code 1292): Truncated incorrect DOUBLE value: 'AMISTAD MIDSUMMER'
Warning (code 1292): Truncated incorrect DOUBLE value: 'AMISTAD MIDSUMMER'
Warning (code 1292): Truncated incorrect DOUBLE value: 'AMISTAD MIDSUMMER'
Warning (code 1292): Truncated incorrect DOUBLE value: 'AMISTAD MIDSUMMER'
Warning (code 1292): Truncated incorrect DOUBLE value: 'AMISTAD MIDSUMMER'
Warning (code 1292): Truncated incorrect DOUBLE value: 'AMISTAD MIDSUMMER'
Warning (code 1292): Truncated incorrect DOUBLE value: 'AMISTAD MIDSUMMER'
Warning (code 1292): Truncated incorrect DOUBLE value: 'AMISTAD MIDSUMMER'
Warning (code 1292): Truncated incorrect DOUBLE value: 'ANACONDA CONFESSIONS'
Warning (code 1292): Truncated incorrect DOUBLE value: 'ANACONDA CONFESSIONS'
Warning (code 1292): Truncated incorrect DOUBLE value: 'ANACONDA CONFESSIONS'
Warning (code 1292): Truncated incorrect DOUBLE value: 'ANACONDA CONFESSIONS'
Warning (code 1292): Truncated incorrect DOUBLE value: 'ANACONDA CONFESSIONS'
Warning (code 1292): Truncated incorrect DOUBLE value: 'ANACONDA CONFESSIONS'
Warning (code 1292): Truncated incorrect DOUBLE value: 'ANACONDA CONFESSIONS'
Warning (code 1292): Truncated incorrect DOUBLE value: 'ANACONDA CONFESSIONS'
Warning (code 1292): Truncated incorrect DOUBLE value: 'ANACONDA CONFESSIONS'
Warning (code 1292): Truncated incorrect DOUBLE value: 'ANACONDA CONFESSIONS'
Warning (code 1292): Truncated incorrect DOUBLE value: 'ANACONDA CONFESSIONS'
Warning (code 1292): Truncated incorrect DOUBLE value: 'ANACONDA CONFESSIONS'
Warning (code 1292): Truncated incorrect DOUBLE value: 'ANACONDA CONFESSIONS'
Warning (code 1292): Truncated incorrect DOUBLE value: 'ANACONDA CONFESSIONS'
Warning (code 1292): Truncated incorrect DOUBLE value: 'ANACONDA CONFESSIONS'
Warning (code 1292): Truncated incorrect DOUBLE value: 'ANACONDA CONFESSIONS'
Warning (code 1292): Truncated incorrect DOUBLE value: 'ANACONDA CONFESSIONS'
Warning (code 1292): Truncated incorrect DOUBLE value: 'ANACONDA CONFESSIONS'
Warning (code 1292): Truncated incorrect DOUBLE value: 'ANACONDA CONFESSIONS'
Warning (code 1292): Truncated incorrect DOUBLE value: 'ANACONDA CONFESSIONS'
Warning (code 1292): Truncated incorrect DOUBLE value: 'ANACONDA CONFESSIONS'
Warning (code 1292): Truncated incorrect DOUBLE value: 'ANALYZE HOOSIERS'
Warning (code 1292): Truncated incorrect DOUBLE value: 'ANALYZE HOOSIERS'
Warning (code 1292): Truncated incorrect DOUBLE value: 'ANALYZE HOOSIERS'
Warning (code 1292): Truncated incorrect DOUBLE value: 'ANALYZE HOOSIERS'
Warning (code 1292): Truncated incorrect DOUBLE value: 'ANALYZE HOOSIERS'
Warning (code 1292): Truncated incorrect DOUBLE value: 'ANALYZE HOOSIERS'
Warning (code 1292): Truncated incorrect DOUBLE value: 'ANALYZE HOOSIERS'
Warning (code 1292): Truncated incorrect DOUBLE value: 'ANALYZE HOOSIERS'
Warning (code 1292): Truncated incorrect DOUBLE value: 'ANALYZE HOOSIERS'
Warning (code 1292): Truncated incorrect DOUBLE value: 'ANALYZE HOOSIERS'
Warning (code 1292): Truncated incorrect DOUBLE value: 'ANALYZE HOOSIERS'
Warning (code 1292): Truncated incorrect DOUBLE value: 'ANALYZE HOOSIERS'
Warning (code 1292): Truncated incorrect DOUBLE value: 'ANALYZE HOOSIERS'
Warning (code 1292): Truncated incorrect DOUBLE value: 'ANALYZE HOOSIERS'
Warning (code 1292): Truncated incorrect DOUBLE value: 'ANGELS LIFE'
Warning (code 1292): Truncated incorrect DOUBLE value: 'ANGELS LIFE'
Warning (code 1292): Truncated incorrect DOUBLE value: 'ANGELS LIFE'
Warning (code 1292): Truncated incorrect DOUBLE value: 'ANGELS LIFE'
Warning (code 1292): Truncated incorrect DOUBLE value: 'ANGELS LIFE'
Warning (code 1292): Truncated incorrect DOUBLE value: 'ANGELS LIFE'
Warning (code 1292): Truncated incorrect DOUBLE value: 'ANGELS LIFE'
Warning (code 1292): Truncated incorrect DOUBLE value: 'ANGELS LIFE'
Warning (code 1292): Truncated incorrect DOUBLE value: 'ANGELS LIFE'
Warning (code 1292): Truncated incorrect DOUBLE value: 'ANGELS LIFE'
Warning (code 1292): Truncated incorrect DOUBLE value: 'ANGELS LIFE'
Warning (code 1292): Truncated incorrect DOUBLE value: 'ANGELS LIFE'
Warning (code 1292): Truncated incorrect DOUBLE value: 'ANGELS LIFE'
Warning (code 1292): Truncated incorrect DOUBLE value: 'ANGELS LIFE'
Warning (code 1292): Truncated incorrect DOUBLE value: 'ANGELS LIFE'
Warning (code 1292): Truncated incorrect DOUBLE value: 'ANGELS LIFE'
Warning (code 1292): Truncated incorrect DOUBLE value: 'ANGELS LIFE'
Warning (code 1292): Truncated incorrect DOUBLE value: 'ANGELS LIFE'
Warning (code 1292): Truncated incorrect DOUBLE value: 'ANGELS LIFE'
Warning (code 1292): Truncated incorrect DOUBLE value: 'ANGELS LIFE'
Warning (code 1292): Truncated incorrect DOUBLE value: 'ANGELS LIFE'
Warning (code 1292): Truncated incorrect DOUBLE value: 'ANGELS LIFE'
Warning (code 1292): Truncated incorrect DOUBLE value: 'ANNIE IDENTITY'
Warning (code 1292): Truncated incorrect DOUBLE value: 'ANNIE IDENTITY'
Warning (code 1292): Truncated incorrect DOUBLE value: 'ANNIE IDENTITY'
Warning (code 1292): Truncated incorrect DOUBLE value: 'ANNIE IDENTITY'
Warning (code 1292): Truncated incorrect DOUBLE value: 'ANNIE IDENTITY'
Warning (code 1292): Truncated incorrect DOUBLE value: 'ANNIE IDENTITY'
Warning (code 1292): Truncated incorrect DOUBLE value: 'ANNIE IDENTITY'
Warning (code 1292): Truncated incorrect DOUBLE value: 'ANNIE IDENTITY'
Warning (code 1292): Truncated incorrect DOUBLE value: 'ANNIE IDENTITY'
Warning (code 1292): Truncated incorrect DOUBLE value: 'ANNIE IDENTITY'
Warning (code 1292): Truncated incorrect DOUBLE value: 'ANNIE IDENTITY'
Warning (code 1292): Truncated incorrect DOUBLE value: 'ANNIE IDENTITY'
Warning (code 1292): Truncated incorrect DOUBLE value: 'ANNIE IDENTITY'
Warning (code 1292): Truncated incorrect DOUBLE value: 'ANNIE IDENTITY'
Warning (code 1292): Truncated incorrect DOUBLE value: 'ANNIE IDENTITY'
Warning (code 1292): Truncated incorrect DOUBLE value: 'ANNIE IDENTITY'
Warning (code 1292): Truncated incorrect DOUBLE value: 'ANNIE IDENTITY'
Warning (code 1292): Truncated incorrect DOUBLE value: 'ANNIE IDENTITY'
Warning (code 1292): Truncated incorrect DOUBLE value: 'ANNIE IDENTITY'
Warning (code 1292): Truncated incorrect DOUBLE value: 'ANNIE IDENTITY'
Warning (code 1292): Truncated incorrect DOUBLE value: 'ANNIE IDENTITY'
Warning (code 1292): Truncated incorrect DOUBLE value: 'ANNIE IDENTITY'
Warning (code 1292): Truncated incorrect DOUBLE value: 'ANONYMOUS HUMAN'
Warning (code 1292): Truncated incorrect DOUBLE value: 'ANONYMOUS HUMAN'
Warning (code 1292): Truncated incorrect DOUBLE value: 'ANONYMOUS HUMAN'
Warning (code 1292): Truncated incorrect DOUBLE value: 'ANONYMOUS HUMAN'
Warning (code 1292): Truncated incorrect DOUBLE value: 'ANONYMOUS HUMAN'
Warning (code 1292): Truncated incorrect DOUBLE value: 'ANONYMOUS HUMAN'
Warning (code 1292): Truncated incorrect DOUBLE value: 'ANONYMOUS HUMAN'
Warning (code 1292): Truncated incorrect DOUBLE value: 'ANONYMOUS HUMAN'
Warning (code 1292): Truncated incorrect DOUBLE value: 'ANONYMOUS HUMAN'
Warning (code 1292): Truncated incorrect DOUBLE value: 'ANONYMOUS HUMAN'
Warning (code 1292): Truncated incorrect DOUBLE value: 'ANONYMOUS HUMAN'
Warning (code 1292): Truncated incorrect DOUBLE value: 'ANONYMOUS HUMAN'
Warning (code 1292): Truncated incorrect DOUBLE value: 'ANONYMOUS HUMAN'
Warning (code 1292): Truncated incorrect DOUBLE value: 'ANTHEM LUKE'
Warning (code 1292): Truncated incorrect DOUBLE value: 'ANTHEM LUKE'
Warning (code 1292): Truncated incorrect DOUBLE value: 'ANTHEM LUKE'
Warning (code 1292): Truncated incorrect DOUBLE value: 'ANTHEM LUKE'
Warning (code 1292): Truncated incorrect DOUBLE value: 'ANTHEM LUKE'
Warning (code 1292): Truncated incorrect DOUBLE value: 'ANTHEM LUKE'
Warning (code 1292): Truncated incorrect DOUBLE value: 'ANTHEM LUKE'
Warning (code 1292): Truncated incorrect DOUBLE value: 'ANTHEM LUKE'
Warning (code 1292): Truncated incorrect DOUBLE value: 'ANTHEM LUKE'
Warning (code 1292): Truncated incorrect DOUBLE value: 'ANTHEM LUKE'
Warning (code 1292): Truncated incorrect DOUBLE value: 'ANTHEM LUKE'
Warning (code 1292): Truncated incorrect DOUBLE value: 'ANTHEM LUKE'
Warning (code 1292): Truncated incorrect DOUBLE value: 'ANTHEM LUKE'
Warning (code 1292): Truncated incorrect DOUBLE value: 'ANTHEM LUKE'
Warning (code 1292): Truncated incorrect DOUBLE value: 'ANTHEM LUKE'
Warning (code 1292): Truncated incorrect DOUBLE value: 'ANTITRUST TOMATOES'
Warning (code 1292): Truncated incorrect DOUBLE value: 'ANTITRUST TOMATOES'
Warning (code 1292): Truncated incorrect DOUBLE value: 'ANTITRUST TOMATOES'
Warning (code 1292): Truncated incorrect DOUBLE value: 'ANTITRUST TOMATOES'
Warning (code 1292): Truncated incorrect DOUBLE value: 'ANTITRUST TOMATOES'
Warning (code 1292): Truncated incorrect DOUBLE value: 'ANTITRUST TOMATOES'
Warning (code 1292): Truncated incorrect DOUBLE value: 'ANTITRUST TOMATOES'
Warning (code 1292): Truncated incorrect DOUBLE value: 'ANTITRUST TOMATOES'
Warning (code 1292): Truncated incorrect DOUBLE value: 'ANTITRUST TOMATOES'
Warning (code 1292): Truncated incorrect DOUBLE value: 'ANTITRUST TOMATOES'
Warning (code 1292): Truncated incorrect DOUBLE value: 'ANYTHING SAVANNAH'
Warning (code 1292): Truncated incorrect DOUBLE value: 'ANYTHING SAVANNAH'
Warning (code 1292): Truncated incorrect DOUBLE value: 'ANYTHING SAVANNAH'
Warning (code 1292): Truncated incorrect DOUBLE value: 'ANYTHING SAVANNAH'
Warning (code 1292): Truncated incorrect DOUBLE value: 'ANYTHING SAVANNAH'
Warning (code 1292): Truncated incorrect DOUBLE value: 'ANYTHING SAVANNAH'
Warning (code 1292): Truncated incorrect DOUBLE value: 'ANYTHING SAVANNAH'
Warning (code 1292): Truncated incorrect DOUBLE value: 'ANYTHING SAVANNAH'
Warning (code 1292): Truncated incorrect DOUBLE value: 'ANYTHING SAVANNAH'
Warning (code 1292): Truncated incorrect DOUBLE value: 'APACHE DIVINE'
Warning (code 1292): Truncated incorrect DOUBLE value: 'APACHE DIVINE'
Warning (code 1292): Truncated incorrect DOUBLE value: 'APACHE DIVINE'
Warning (code 1292): Truncated incorrect DOUBLE value: 'APACHE DIVINE'
Warning (code 1292): Truncated incorrect DOUBLE value: 'APACHE DIVINE'
Warning (code 1292): Truncated incorrect DOUBLE value: 'APACHE DIVINE'
Warning (code 1292): Truncated incorrect DOUBLE value: 'APACHE DIVINE'
Warning (code 1292): Truncated incorrect DOUBLE value: 'APACHE DIVINE'
Warning (code 1292): Truncated incorrect DOUBLE value: 'APACHE DIVINE'
Warning (code 1292): Truncated incorrect DOUBLE value: 'APACHE DIVINE'
Warning (code 1292): Truncated incorrect DOUBLE value: 'APACHE DIVINE'
Warning (code 1292): Truncated incorrect DOUBLE value: 'APACHE DIVINE'
Warning (code 1292): Truncated incorrect DOUBLE value: 'APACHE DIVINE'
Warning (code 1292): Truncated incorrect DOUBLE value: 'APACHE DIVINE'
Warning (code 1292): Truncated incorrect DOUBLE value: 'APACHE DIVINE'
Warning (code 1292): Truncated incorrect DOUBLE value: 'APACHE DIVINE'
Warning (code 1292): Truncated incorrect DOUBLE value: 'APACHE DIVINE'
Warning (code 1292): Truncated incorrect DOUBLE value: 'APACHE DIVINE'
Warning (code 1292): Truncated incorrect DOUBLE value: 'APACHE DIVINE'
Warning (code 1292): Truncated incorrect DOUBLE value: 'APACHE DIVINE'
Warning (code 1292): Truncated incorrect DOUBLE value: 'APACHE DIVINE'
Warning (code 1292): Truncated incorrect DOUBLE value: 'APACHE DIVINE'
Warning (code 1292): Truncated incorrect DOUBLE value: 'APACHE DIVINE'
Warning (code 1292): Truncated incorrect DOUBLE value: 'APACHE DIVINE'
Warning (code 1292): Truncated incorrect DOUBLE value: 'APACHE DIVINE'
Warning (code 1292): Truncated incorrect DOUBLE value: 'APACHE DIVINE'
Warning (code 1292): Truncated incorrect DOUBLE value: 'APACHE DIVINE'
Warning (code 1292): Truncated incorrect DOUBLE value: 'APACHE DIVINE'
Warning (code 1292): Truncated incorrect DOUBLE value: 'APACHE DIVINE'
Warning (code 1292): Truncated incorrect DOUBLE value: 'APACHE DIVINE'
Warning (code 1292): Truncated incorrect DOUBLE value: 'APACHE DIVINE'
Warning (code 1292): Truncated incorrect DOUBLE value: 'APOCALYPSE FLAMINGOS'
Warning (code 1292): Truncated incorrect DOUBLE value: 'APOCALYPSE FLAMINGOS'
Warning (code 1292): Truncated incorrect DOUBLE value: 'APOCALYPSE FLAMINGOS'
Warning (code 1292): Truncated incorrect DOUBLE value: 'APOCALYPSE FLAMINGOS'
Warning (code 1292): Truncated incorrect DOUBLE value: 'APOCALYPSE FLAMINGOS'
Warning (code 1292): Truncated incorrect DOUBLE value: 'APOCALYPSE FLAMINGOS'
Warning (code 1292): Truncated incorrect DOUBLE value: 'ARABIA DOGMA'
Warning (code 1292): Truncated incorrect DOUBLE value: 'ARABIA DOGMA'
Warning (code 1292): Truncated incorrect DOUBLE value: 'ARABIA DOGMA'
Warning (code 1292): Truncated incorrect DOUBLE value: 'ARABIA DOGMA'
Warning (code 1292): Truncated incorrect DOUBLE value: 'ARABIA DOGMA'
Warning (code 1292): Truncated incorrect DOUBLE value: 'ARABIA DOGMA'
Warning (code 1292): Truncated incorrect DOUBLE value: 'ARABIA DOGMA'
Warning (code 1292): Truncated incorrect DOUBLE value: 'ARABIA DOGMA'
Warning (code 1292): Truncated incorrect DOUBLE value: 'ARABIA DOGMA'
Warning (code 1292): Truncated incorrect DOUBLE value: 'ARABIA DOGMA'
Warning (code 1292): Truncated incorrect DOUBLE value: 'ARABIA DOGMA'
Warning (code 1292): Truncated incorrect DOUBLE value: 'ARABIA DOGMA'
Warning (code 1292): Truncated incorrect DOUBLE value: 'ARABIA DOGMA'
Warning (code 1292): Truncated incorrect DOUBLE value: 'ARACHNOPHOBIA ROLLERCOASTER'
Warning (code 1292): Truncated incorrect DOUBLE value: 'ARACHNOPHOBIA ROLLERCOASTER'
Warning (code 1292): Truncated incorrect DOUBLE value: 'ARACHNOPHOBIA ROLLERCOASTER'
Warning (code 1292): Truncated incorrect DOUBLE value: 'ARACHNOPHOBIA ROLLERCOASTER'
Warning (code 1292): Truncated incorrect DOUBLE value: 'ARACHNOPHOBIA ROLLERCOASTER'
Warning (code 1292): Truncated incorrect DOUBLE value: 'ARACHNOPHOBIA ROLLERCOASTER'
Warning (code 1292): Truncated incorrect DOUBLE value: 'ARACHNOPHOBIA ROLLERCOASTER'
Warning (code 1292): Truncated incorrect DOUBLE value: 'ARACHNOPHOBIA ROLLERCOASTER'
Warning (code 1292): Truncated incorrect DOUBLE value: 'ARACHNOPHOBIA ROLLERCOASTER'
Warning (code 1292): Truncated incorrect DOUBLE value: 'ARACHNOPHOBIA ROLLERCOASTER'
Warning (code 1292): Truncated incorrect DOUBLE value: 'ARACHNOPHOBIA ROLLERCOASTER'
Warning (code 1292): Truncated incorrect DOUBLE value: 'ARACHNOPHOBIA ROLLERCOASTER'
Warning (code 1292): Truncated incorrect DOUBLE value: 'ARACHNOPHOBIA ROLLERCOASTER'
Warning (code 1292): Truncated incorrect DOUBLE value: 'ARACHNOPHOBIA ROLLERCOASTER'
Warning (code 1292): Truncated incorrect DOUBLE value: 'ARACHNOPHOBIA ROLLERCOASTER'
Warning (code 1292): Truncated incorrect DOUBLE value: 'ARACHNOPHOBIA ROLLERCOASTER'
Warning (code 1292): Truncated incorrect DOUBLE value: 'ARACHNOPHOBIA ROLLERCOASTER'
Warning (code 1292): Truncated incorrect DOUBLE value: 'ARACHNOPHOBIA ROLLERCOASTER'
Warning (code 1292): Truncated incorrect DOUBLE value: 'ARACHNOPHOBIA ROLLERCOASTER'
Warning (code 1292): Truncated incorrect DOUBLE value: 'ARACHNOPHOBIA ROLLERCOASTER'
Warning (code 1292): Truncated incorrect DOUBLE value: 'ARACHNOPHOBIA ROLLERCOASTER'
Warning (code 1292): Truncated incorrect DOUBLE value: 'ARACHNOPHOBIA ROLLERCOASTER'
Warning (code 1292): Truncated incorrect DOUBLE value: 'ARACHNOPHOBIA ROLLERCOASTER'
Warning (code 1292): Truncated incorrect DOUBLE value: 'ARACHNOPHOBIA ROLLERCOASTER'
Warning (code 1292): Truncated incorrect DOUBLE value: 'ARIZONA BANG'
Warning (code 1292): Truncated incorrect DOUBLE value: 'ARIZONA BANG'
Warning (code 1292): Truncated incorrect DOUBLE value: 'ARIZONA BANG'
Warning (code 1292): Truncated incorrect DOUBLE value: 'ARIZONA BANG'
Warning (code 1292): Truncated incorrect DOUBLE value: 'ARIZONA BANG'
Warning (code 1292): Truncated incorrect DOUBLE value: 'ARIZONA BANG'
Warning (code 1292): Truncated incorrect DOUBLE value: 'ARIZONA BANG'
Warning (code 1292): Truncated incorrect DOUBLE value: 'ARIZONA BANG'
Warning (code 1292): Truncated incorrect DOUBLE value: 'ARIZONA BANG'
Warning (code 1292): Truncated incorrect DOUBLE value: 'ARIZONA BANG'
Warning (code 1292): Truncated incorrect DOUBLE value: 'ARIZONA BANG'
Warning (code 1292): Truncated incorrect DOUBLE value: 'ARIZONA BANG'
Warning (code 1292): Truncated incorrect DOUBLE value: 'ARIZONA BANG'
Warning (code 1292): Truncated incorrect DOUBLE value: 'ARIZONA BANG'
Warning (code 1292): Truncated incorrect DOUBLE value: 'ARIZONA BANG'
Warning (code 1292): Truncated incorrect DOUBLE value: 'ARIZONA BANG'
Warning (code 1292): Truncated incorrect DOUBLE value: 'ARIZONA BANG'
Warning (code 1292): Truncated incorrect DOUBLE value: 'ARIZONA BANG'
Warning (code 1292): Truncated incorrect DOUBLE value: 'ARIZONA BANG'
Warning (code 1292): Truncated incorrect DOUBLE value: 'ARIZONA BANG'
Warning (code 1292): Truncated incorrect DOUBLE value: 'ARIZONA BANG'
Warning (code 1292): Truncated incorrect DOUBLE value: 'ARMAGEDDON LOST'
Warning (code 1292): Truncated incorrect DOUBLE value: 'ARMAGEDDON LOST'
Warning (code 1292): Truncated incorrect DOUBLE value: 'ARMAGEDDON LOST'
Warning (code 1292): Truncated incorrect DOUBLE value: 'ARMAGEDDON LOST'
Warning (code 1292): Truncated incorrect DOUBLE value: 'ARMAGEDDON LOST'
Warning (code 1292): Truncated incorrect DOUBLE value: 'ARMAGEDDON LOST'
Warning (code 1292): Truncated incorrect DOUBLE value: 'ARMAGEDDON LOST'
Warning (code 1292): Truncated incorrect DOUBLE value: 'ARMAGEDDON LOST'
Warning (code 1292): Truncated incorrect DOUBLE value: 'ARMAGEDDON LOST'
Warning (code 1292): Truncated incorrect DOUBLE value: 'ARMAGEDDON LOST'
Warning (code 1292): Truncated incorrect DOUBLE value: 'ARMAGEDDON LOST'
Warning (code 1292): Truncated incorrect DOUBLE value: 'ARMAGEDDON LOST'
Warning (code 1292): Truncated incorrect DOUBLE value: 'ARMAGEDDON LOST'
Warning (code 1292): Truncated incorrect DOUBLE value: 'ARMAGEDDON LOST'
Warning (code 1292): Truncated incorrect DOUBLE value: 'ARMAGEDDON LOST'
Warning (code 1292): Truncated incorrect DOUBLE value: 'ARMAGEDDON LOST'
Warning (code 1292): Truncated incorrect DOUBLE value: 'ARMAGEDDON LOST'
Warning (code 1292): Truncated incorrect DOUBLE value: 'ARMAGEDDON LOST'
Warning (code 1292): Truncated incorrect DOUBLE value: 'ARMAGEDDON LOST'
Warning (code 1292): Truncated incorrect DOUBLE value: 'ARMAGEDDON LOST'
Warning (code 1292): Truncated incorrect DOUBLE value: 'ARMAGEDDON LOST'
Warning (code 1292): Truncated incorrect DOUBLE value: 'ARMY FLINTSTONES'
Warning (code 1292): Truncated incorrect DOUBLE value: 'ARMY FLINTSTONES'
Warning (code 1292): Truncated incorrect DOUBLE value: 'ARMY FLINTSTONES'
Warning (code 1292): Truncated incorrect DOUBLE value: 'ARMY FLINTSTONES'
Warning (code 1292): Truncated incorrect DOUBLE value: 'ARMY FLINTSTONES'
Warning (code 1292): Truncated incorrect DOUBLE value: 'ARMY FLINTSTONES'
Warning (code 1292): Truncated incorrect DOUBLE value: 'ARMY FLINTSTONES'
Warning (code 1292): Truncated incorrect DOUBLE value: 'ARMY FLINTSTONES'
Warning (code 1292): Truncated incorrect DOUBLE value: 'ARMY FLINTSTONES'
Warning (code 1292): Truncated incorrect DOUBLE value: 'ARMY FLINTSTONES'
Warning (code 1292): Truncated incorrect DOUBLE value: 'ARMY FLINTSTONES'
Warning (code 1292): Truncated incorrect DOUBLE value: 'ARMY FLINTSTONES'
Warning (code 1292): Truncated incorrect DOUBLE value: 'ARMY FLINTSTONES'
Warning (code 1292): Truncated incorrect DOUBLE value: 'ARMY FLINTSTONES'
Warning (code 1292): Truncated incorrect DOUBLE value: 'ARMY FLINTSTONES'
Warning (code 1292): Truncated incorrect DOUBLE value: 'ARMY FLINTSTONES'
Warning (code 1292): Truncated incorrect DOUBLE value: 'ARTIST COLDBLOODED'
Warning (code 1292): Truncated incorrect DOUBLE value: 'ARTIST COLDBLOODED'
Warning (code 1292): Truncated incorrect DOUBLE value: 'ARTIST COLDBLOODED'
Warning (code 1292): Truncated incorrect DOUBLE value: 'ARTIST COLDBLOODED'
Warning (code 1292): Truncated incorrect DOUBLE value: 'ARTIST COLDBLOODED'
Warning (code 1292): Truncated incorrect DOUBLE value: 'ARTIST COLDBLOODED'
Warning (code 1292): Truncated incorrect DOUBLE value: 'ARTIST COLDBLOODED'
Warning (code 1292): Truncated incorrect DOUBLE value: 'ARTIST COLDBLOODED'
Warning (code 1292): Truncated incorrect DOUBLE value: 'ARTIST COLDBLOODED'
Warning (code 1292): Truncated incorrect DOUBLE value: 'ARTIST COLDBLOODED'
Warning (code 1292): Truncated incorrect DOUBLE value: 'ARTIST COLDBLOODED'
Warning (code 1292): Truncated incorrect DOUBLE value: 'ARTIST COLDBLOODED'
Warning (code 1292): Truncated incorrect DOUBLE value: 'ARTIST COLDBLOODED'
Warning (code 1292): Truncated incorrect DOUBLE value: 'ARTIST COLDBLOODED'
Warning (code 1292): Truncated incorrect DOUBLE value: 'ARTIST COLDBLOODED'
Warning (code 1292): Truncated incorrect DOUBLE value: 'ARTIST COLDBLOODED'
Warning (code 1292): Truncated incorrect DOUBLE value: 'ATLANTIS CAUSE'
Warning (code 1292): Truncated incorrect DOUBLE value: 'ATLANTIS CAUSE'
Warning (code 1292): Truncated incorrect DOUBLE value: 'ATLANTIS CAUSE'
Warning (code 1292): Truncated incorrect DOUBLE value: 'ATLANTIS CAUSE'
Warning (code 1292): Truncated incorrect DOUBLE value: 'ATLANTIS CAUSE'
Warning (code 1292): Truncated incorrect DOUBLE value: 'ATLANTIS CAUSE'
Warning (code 1292): Truncated incorrect DOUBLE value: 'ATLANTIS CAUSE'
Warning (code 1292): Truncated incorrect DOUBLE value: 'ATLANTIS CAUSE'
Warning (code 1292): Truncated incorrect DOUBLE value: 'ATLANTIS CAUSE'
Warning (code 1292): Truncated incorrect DOUBLE value: 'ATLANTIS CAUSE'
Warning (code 1292): Truncated incorrect DOUBLE value: 'ATLANTIS CAUSE'
Warning (code 1292): Truncated incorrect DOUBLE value: 'ATLANTIS CAUSE'
Warning (code 1292): Truncated incorrect DOUBLE value: 'ATLANTIS CAUSE'
Warning (code 1292): Truncated incorrect DOUBLE value: 'ATLANTIS CAUSE'
Warning (code 1292): Truncated incorrect DOUBLE value: 'ATLANTIS CAUSE'
Warning (code 1292): Truncated incorrect DOUBLE value: 'ATLANTIS CAUSE'
Warning (code 1292): Truncated incorrect DOUBLE value: 'ATLANTIS CAUSE'
Warning (code 1292): Truncated incorrect DOUBLE value: 'ATLANTIS CAUSE'
Warning (code 1292): Truncated incorrect DOUBLE value: 'ATLANTIS CAUSE'
Warning (code 1292): Truncated incorrect DOUBLE value: 'ATLANTIS CAUSE'
Warning (code 1292): Truncated incorrect DOUBLE value: 'ATLANTIS CAUSE'
Warning (code 1292): Truncated incorrect DOUBLE value: 'ATLANTIS CAUSE'
Warning (code 1292): Truncated incorrect DOUBLE value: 'ATLANTIS CAUSE'
Warning (code 1292): Truncated incorrect DOUBLE value: 'ATLANTIS CAUSE'
Warning (code 1292): Truncated incorrect DOUBLE value: 'ATTACKS HATE'
Warning (code 1292): Truncated incorrect DOUBLE value: 'ATTACKS HATE'
Warning (code 1292): Truncated incorrect DOUBLE value: 'ATTACKS HATE'
Warning (code 1292): Truncated incorrect DOUBLE value: 'ATTACKS HATE'
Warning (code 1292): Truncated incorrect DOUBLE value: 'ATTACKS HATE'
Warning (code 1292): Truncated incorrect DOUBLE value: 'ATTACKS HATE'
Warning (code 1292): Truncated incorrect DOUBLE value: 'ATTACKS HATE'
Warning (code 1292): Truncated incorrect DOUBLE value: 'ATTACKS HATE'
Warning (code 1292): Truncated incorrect DOUBLE value: 'ATTACKS HATE'
Warning (code 1292): Truncated incorrect DOUBLE value: 'ATTACKS HATE'
Warning (code 1292): Truncated incorrect DOUBLE value: 'ATTACKS HATE'
Warning (code 1292): Truncated incorrect DOUBLE value: 'ATTACKS HATE'
Warning (code 1292): Truncated incorrect DOUBLE value: 'ATTACKS HATE'
Warning (code 1292): Truncated incorrect DOUBLE value: 'ATTACKS HATE'
Warning (code 1292): Truncated incorrect DOUBLE value: 'ATTACKS HATE'
Warning (code 1292): Truncated incorrect DOUBLE value: 'ATTACKS HATE'
Warning (code 1292): Truncated incorrect DOUBLE value: 'ATTRACTION NEWTON'
Warning (code 1292): Truncated incorrect DOUBLE value: 'ATTRACTION NEWTON'
Warning (code 1292): Truncated incorrect DOUBLE value: 'ATTRACTION NEWTON'
Warning (code 1292): Truncated incorrect DOUBLE value: 'ATTRACTION NEWTON'
Warning (code 1292): Truncated incorrect DOUBLE value: 'ATTRACTION NEWTON'
Warning (code 1292): Truncated incorrect DOUBLE value: 'ATTRACTION NEWTON'
Warning (code 1292): Truncated incorrect DOUBLE value: 'ATTRACTION NEWTON'
Warning (code 1292): Truncated incorrect DOUBLE value: 'ATTRACTION NEWTON'
Warning (code 1292): Truncated incorrect DOUBLE value: 'ATTRACTION NEWTON'
Warning (code 1292): Truncated incorrect DOUBLE value: 'ATTRACTION NEWTON'
Warning (code 1292): Truncated incorrect DOUBLE value: 'ATTRACTION NEWTON'
Warning (code 1292): Truncated incorrect DOUBLE value: 'ATTRACTION NEWTON'
Warning (code 1292): Truncated incorrect DOUBLE value: 'ATTRACTION NEWTON'
Warning (code 1292): Truncated incorrect DOUBLE value: 'ATTRACTION NEWTON'
Warning (code 1292): Truncated incorrect DOUBLE value: 'ATTRACTION NEWTON'
Warning (code 1292): Truncated incorrect DOUBLE value: 'ATTRACTION NEWTON'
Warning (code 1292): Truncated incorrect DOUBLE value: 'ATTRACTION NEWTON'
Warning (code 1292): Truncated incorrect DOUBLE value: 'ATTRACTION NEWTON'
Warning (code 1292): Truncated incorrect DOUBLE value: 'ATTRACTION NEWTON'
Warning (code 1292): Truncated incorrect DOUBLE value: 'ATTRACTION NEWTON'
Warning (code 1292): Truncated incorrect DOUBLE value: 'ATTRACTION NEWTON'
Warning (code 1292): Truncated incorrect DOUBLE value: 'ATTRACTION NEWTON'
Warning (code 1292): Truncated incorrect DOUBLE value: 'ATTRACTION NEWTON'
Warning (code 1292): Truncated incorrect DOUBLE value: 'ATTRACTION NEWTON'
Warning (code 1292): Truncated incorrect DOUBLE value: 'AUTUMN CROW'
Warning (code 1292): Truncated incorrect DOUBLE value: 'AUTUMN CROW'
Warning (code 1292): Truncated incorrect DOUBLE value: 'AUTUMN CROW'
Warning (code 1292): Truncated incorrect DOUBLE value: 'AUTUMN CROW'
Warning (code 1292): Truncated incorrect DOUBLE value: 'AUTUMN CROW'
Warning (code 1292): Truncated incorrect DOUBLE value: 'AUTUMN CROW'
Warning (code 1292): Truncated incorrect DOUBLE value: 'AUTUMN CROW'
Warning (code 1292): Truncated incorrect DOUBLE value: 'AUTUMN CROW'
Warning (code 1292): Truncated incorrect DOUBLE value: 'AUTUMN CROW'
Warning (code 1292): Truncated incorrect DOUBLE value: 'AUTUMN CROW'
Warning (code 1292): Truncated incorrect DOUBLE value: 'AUTUMN CROW'
Warning (code 1292): Truncated incorrect DOUBLE value: 'BABY HALL'
Warning (code 1292): Truncated incorrect DOUBLE value: 'BABY HALL'
Warning (code 1292): Truncated incorrect DOUBLE value: 'BABY HALL'
Warning (code 1292): Truncated incorrect DOUBLE value: 'BABY HALL'
Warning (code 1292): Truncated incorrect DOUBLE value: 'BABY HALL'
Warning (code 1292): Truncated incorrect DOUBLE value: 'BABY HALL'
Warning (code 1292): Truncated incorrect DOUBLE value: 'BABY HALL'
Warning (code 1292): Truncated incorrect DOUBLE value: 'BABY HALL'
Warning (code 1292): Truncated incorrect DOUBLE value: 'BACKLASH UNDEFEATED'
Warning (code 1292): Truncated incorrect DOUBLE value: 'BACKLASH UNDEFEATED'
Warning (code 1292): Truncated incorrect DOUBLE value: 'BACKLASH UNDEFEATED'
Warning (code 1292): Truncated incorrect DOUBLE value: 'BACKLASH UNDEFEATED'
Warning (code 1292): Truncated incorrect DOUBLE value: 'BACKLASH UNDEFEATED'
Warning (code 1292): Truncated incorrect DOUBLE value: 'BACKLASH UNDEFEATED'
Warning (code 1292): Truncated incorrect DOUBLE value: 'BACKLASH UNDEFEATED'
Warning (code 1292): Truncated incorrect DOUBLE value: 'BACKLASH UNDEFEATED'
Warning (code 1292): Truncated incorrect DOUBLE value: 'BACKLASH UNDEFEATED'
Warning (code 1292): Truncated incorrect DOUBLE value: 'BACKLASH UNDEFEATED'
Warning (code 1292): Truncated incorrect DOUBLE value: 'BACKLASH UNDEFEATED'
Warning (code 1292): Truncated incorrect DOUBLE value: 'BACKLASH UNDEFEATED'
Warning (code 1292): Truncated incorrect DOUBLE value: 'BACKLASH UNDEFEATED'
Warning (code 1292): Truncated incorrect DOUBLE value: 'BACKLASH UNDEFEATED'
Warning (code 1292): Truncated incorrect DOUBLE value: 'BACKLASH UNDEFEATED'
Warning (code 1292): Truncated incorrect DOUBLE value: 'BACKLASH UNDEFEATED'
Warning (code 1292): Truncated incorrect DOUBLE value: 'BACKLASH UNDEFEATED'
Warning (code 1292): Truncated incorrect DOUBLE value: 'BACKLASH UNDEFEATED'
Warning (code 1292): Truncated incorrect DOUBLE value: 'BACKLASH UNDEFEATED'
Warning (code 1292): Truncated incorrect DOUBLE value: 'BADMAN DAWN'
Warning (code 1292): Truncated incorrect DOUBLE value: 'BADMAN DAWN'
Warning (code 1292): Truncated incorrect DOUBLE value: 'BADMAN DAWN'
Warning (code 1292): Truncated incorrect DOUBLE value: 'BADMAN DAWN'
Warning (code 1292): Truncated incorrect DOUBLE value: 'BADMAN DAWN'
Warning (code 1292): Truncated incorrect DOUBLE value: 'BADMAN DAWN'
Warning (code 1292): Truncated incorrect DOUBLE value: 'BADMAN DAWN'
Warning (code 1292): Truncated incorrect DOUBLE value: 'BADMAN DAWN'
Warning (code 1292): Truncated incorrect DOUBLE value: 'BADMAN DAWN'
Warning (code 1292): Truncated incorrect DOUBLE value: 'BADMAN DAWN'
Warning (code 1292): Truncated incorrect DOUBLE value: 'BADMAN DAWN'
Warning (code 1292): Truncated incorrect DOUBLE value: 'BADMAN DAWN'
Warning (code 1292): Truncated incorrect DOUBLE value: 'BADMAN DAWN'
Warning (code 1292): Truncated incorrect DOUBLE value: 'BADMAN DAWN'
Warning (code 1292): Truncated incorrect DOUBLE value: 'BADMAN DAWN'
Warning (code 1292): Truncated incorrect DOUBLE value: 'BADMAN DAWN'
Warning (code 1292): Truncated incorrect DOUBLE value: 'BADMAN DAWN'
Warning (code 1292): Truncated incorrect DOUBLE value: 'BADMAN DAWN'
Warning (code 1292): Truncated incorrect DOUBLE value: 'BADMAN DAWN'
Warning (code 1292): Truncated incorrect DOUBLE value: 'BADMAN DAWN'
Warning (code 1292): Truncated incorrect DOUBLE value: 'BADMAN DAWN'
Warning (code 1292): Truncated incorrect DOUBLE value: 'BAKED CLEOPATRA'
Warning (code 1292): Truncated incorrect DOUBLE value: 'BAKED CLEOPATRA'
Warning (code 1292): Truncated incorrect DOUBLE value: 'BAKED CLEOPATRA'
Warning (code 1292): Truncated incorrect DOUBLE value: 'BAKED CLEOPATRA'
Warning (code 1292): Truncated incorrect DOUBLE value: 'BAKED CLEOPATRA'
Warning (code 1292): Truncated incorrect DOUBLE value: 'BAKED CLEOPATRA'
Warning (code 1292): Truncated incorrect DOUBLE value: 'BAKED CLEOPATRA'
Warning (code 1292): Truncated incorrect DOUBLE value: 'BAKED CLEOPATRA'
Warning (code 1292): Truncated incorrect DOUBLE value: 'BAKED CLEOPATRA'
Warning (code 1292): Truncated incorrect DOUBLE value: 'BAKED CLEOPATRA'
Warning (code 1292): Truncated incorrect DOUBLE value: 'BAKED CLEOPATRA'
Warning (code 1292): Truncated incorrect DOUBLE value: 'BAKED CLEOPATRA'
Warning (code 1292): Truncated incorrect DOUBLE value: 'BAKED CLEOPATRA'
Warning (code 1292): Truncated incorrect DOUBLE value: 'BAKED CLEOPATRA'
Warning (code 1292): Truncated incorrect DOUBLE value: 'BAKED CLEOPATRA'
Warning (code 1292): Truncated incorrect DOUBLE value: 'BAKED CLEOPATRA'
Warning (code 1292): Truncated incorrect DOUBLE value: 'BALLOON HOMEWARD'
Warning (code 1292): Truncated incorrect DOUBLE value: 'BALLOON HOMEWARD'
Warning (code 1292): Truncated incorrect DOUBLE value: 'BALLOON HOMEWARD'
Warning (code 1292): Truncated incorrect DOUBLE value: 'BALLOON HOMEWARD'
Warning (code 1292): Truncated incorrect DOUBLE value: 'BALLOON HOMEWARD'
Warning (code 1292): Truncated incorrect DOUBLE value: 'BALLOON HOMEWARD'
Warning (code 1292): Truncated incorrect DOUBLE value: 'BALLOON HOMEWARD'
Warning (code 1292): Truncated incorrect DOUBLE value: 'BALLOON HOMEWARD'
Warning (code 1292): Truncated incorrect DOUBLE value: 'BALLOON HOMEWARD'
Warning (code 1292): Truncated incorrect DOUBLE value: 'BALLOON HOMEWARD'
Warning (code 1292): Truncated incorrect DOUBLE value: 'BALLOON HOMEWARD'
Warning (code 1292): Truncated incorrect DOUBLE value: 'BALLOON HOMEWARD'
Warning (code 1292): Truncated incorrect DOUBLE value: 'BALLOON HOMEWARD'
Warning (code 1292): Truncated incorrect DOUBLE value: 'BALLOON HOMEWARD'
Warning (code 1292): Truncated incorrect DOUBLE value: 'BALLOON HOMEWARD'
Warning (code 1292): Truncated incorrect DOUBLE value: 'BALLOON HOMEWARD'
Warning (code 1292): Truncated incorrect DOUBLE value: 'BALLOON HOMEWARD'
Warning (code 1292): Truncated incorrect DOUBLE value: 'BALLOON HOMEWARD'
Warning (code 1292): Truncated incorrect DOUBLE value: 'BALLOON HOMEWARD'
Warning (code 1292): Truncated incorrect DOUBLE value: 'BALLOON HOMEWARD'
Warning (code 1292): Truncated incorrect DOUBLE value: 'BALLOON HOMEWARD'
Warning (code 1292): Truncated incorrect DOUBLE value: 'BALLOON HOMEWARD'
Warning (code 1292): Truncated incorrect DOUBLE value: 'BALLOON HOMEWARD'
Warning (code 1292): Truncated incorrect DOUBLE value: 'BALLROOM MOCKINGBIRD'
Warning (code 1292): Truncated incorrect DOUBLE value: 'BALLROOM MOCKINGBIRD'
Warning (code 1292): Truncated incorrect DOUBLE value: 'BALLROOM MOCKINGBIRD'
Warning (code 1292): Truncated incorrect DOUBLE value: 'BALLROOM MOCKINGBIRD'
Warning (code 1292): Truncated incorrect DOUBLE value: 'BALLROOM MOCKINGBIRD'
Warning (code 1292): Truncated incorrect DOUBLE value: 'BALLROOM MOCKINGBIRD'
Warning (code 1292): Truncated incorrect DOUBLE value: 'BALLROOM MOCKINGBIRD'
Warning (code 1292): Truncated incorrect DOUBLE value: 'BALLROOM MOCKINGBIRD'
Warning (code 1292): Truncated incorrect DOUBLE value: 'BANG KWAI'
Warning (code 1292): Truncated incorrect DOUBLE value: 'BANG KWAI'
Warning (code 1292): Truncated incorrect DOUBLE value: 'BANG KWAI'
Warning (code 1292): Truncated incorrect DOUBLE value: 'BANG KWAI'
Warning (code 1292): Truncated incorrect DOUBLE value: 'BANG KWAI'
Warning (code 1292): Truncated incorrect DOUBLE value: 'BANG KWAI'
Warning (code 1292): Truncated incorrect DOUBLE value: 'BANG KWAI'
Warning (code 1292): Truncated incorrect DOUBLE value: 'BANGER PINOCCHIO'
Warning (code 1292): Truncated incorrect DOUBLE value: 'BANGER PINOCCHIO'
Warning (code 1292): Truncated incorrect DOUBLE value: 'BANGER PINOCCHIO'
Warning (code 1292): Truncated incorrect DOUBLE value: 'BANGER PINOCCHIO'
Warning (code 1292): Truncated incorrect DOUBLE value: 'BANGER PINOCCHIO'
Warning (code 1292): Truncated incorrect DOUBLE value: 'BANGER PINOCCHIO'
Warning (code 1292): Truncated incorrect DOUBLE value: 'BANGER PINOCCHIO'
Warning (code 1292): Truncated incorrect DOUBLE value: 'BANGER PINOCCHIO'
Warning (code 1292): Truncated incorrect DOUBLE value: 'BANGER PINOCCHIO'
Warning (code 1292): Truncated incorrect DOUBLE value: 'BANGER PINOCCHIO'
Warning (code 1292): Truncated incorrect DOUBLE value: 'BANGER PINOCCHIO'
Warning (code 1292): Truncated incorrect DOUBLE value: 'BANGER PINOCCHIO'
Warning (code 1292): Truncated incorrect DOUBLE value: 'BANGER PINOCCHIO'
Warning (code 1292): Truncated incorrect DOUBLE value: 'BANGER PINOCCHIO'
Warning (code 1292): Truncated incorrect DOUBLE value: 'BANGER PINOCCHIO'
Warning (code 1292): Truncated incorrect DOUBLE value: 'BANGER PINOCCHIO'
Warning (code 1292): Truncated incorrect DOUBLE value: 'BANGER PINOCCHIO'
Warning (code 1292): Truncated incorrect DOUBLE value: 'BANGER PINOCCHIO'
Warning (code 1292): Truncated incorrect DOUBLE value: 'BANGER PINOCCHIO'
Warning (code 1292): Truncated incorrect DOUBLE value: 'BANGER PINOCCHIO'
Warning (code 1292): Truncated incorrect DOUBLE value: 'BANGER PINOCCHIO'
Warning (code 1292): Truncated incorrect DOUBLE value: 'BANGER PINOCCHIO'
Warning (code 1292): Truncated incorrect DOUBLE value: 'BARBARELLA STREETCAR'
Warning (code 1292): Truncated incorrect DOUBLE value: 'BARBARELLA STREETCAR'
Warning (code 1292): Truncated incorrect DOUBLE value: 'BARBARELLA STREETCAR'
Warning (code 1292): Truncated incorrect DOUBLE value: 'BARBARELLA STREETCAR'
Warning (code 1292): Truncated incorrect DOUBLE value: 'BARBARELLA STREETCAR'
Warning (code 1292): Truncated incorrect DOUBLE value: 'BARBARELLA STREETCAR'
Warning (code 1292): Truncated incorrect DOUBLE value: 'BARBARELLA STREETCAR'
Warning (code 1292): Truncated incorrect DOUBLE value: 'BARBARELLA STREETCAR'
Warning (code 1292): Truncated incorrect DOUBLE value: 'BARBARELLA STREETCAR'
Warning (code 1292): Truncated incorrect DOUBLE value: 'BARBARELLA STREETCAR'
Warning (code 1292): Truncated incorrect DOUBLE value: 'BARBARELLA STREETCAR'
Warning (code 1292): Truncated incorrect DOUBLE value: 'BARBARELLA STREETCAR'
Warning (code 1292): Truncated incorrect DOUBLE value: 'BARBARELLA STREETCAR'
Warning (code 1292): Truncated incorrect DOUBLE value: 'BARBARELLA STREETCAR'
Warning (code 1292): Truncated incorrect DOUBLE value: 'BARBARELLA STREETCAR'
Warning (code 1292): Truncated incorrect DOUBLE value: 'BARBARELLA STREETCAR'
Warning (code 1292): Truncated incorrect DOUBLE value: 'BARBARELLA STREETCAR'
Warning (code 1292): Truncated incorrect DOUBLE value: 'BARBARELLA STREETCAR'
Warning (code 1292): Truncated incorrect DOUBLE value: 'BARBARELLA STREETCAR'
Warning (code 1292): Truncated incorrect DOUBLE value: 'BARBARELLA STREETCAR'
Warning (code 1292): Truncated incorrect DOUBLE value: 'BARBARELLA STREETCAR'
Warning (code 1292): Truncated incorrect DOUBLE value: 'BARBARELLA STREETCAR'
Warning (code 1292): Truncated incorrect DOUBLE value: 'BARBARELLA STREETCAR'
Warning (code 1292): Truncated incorrect DOUBLE value: 'BARBARELLA STREETCAR'
Warning (code 1292): Truncated incorrect DOUBLE value: 'BARBARELLA STREETCAR'
Warning (code 1292): Truncated incorrect DOUBLE value: 'BAREFOOT MANCHURIAN'
Warning (code 1292): Truncated incorrect DOUBLE value: 'BAREFOOT MANCHURIAN'
Warning (code 1292): Truncated incorrect DOUBLE value: 'BAREFOOT MANCHURIAN'
Warning (code 1292): Truncated incorrect DOUBLE value: 'BAREFOOT MANCHURIAN'
Warning (code 1292): Truncated incorrect DOUBLE value: 'BAREFOOT MANCHURIAN'
Warning (code 1292): Truncated incorrect DOUBLE value: 'BAREFOOT MANCHURIAN'
Warning (code 1292): Truncated incorrect DOUBLE value: 'BAREFOOT MANCHURIAN'
Warning (code 1292): Truncated incorrect DOUBLE value: 'BAREFOOT MANCHURIAN'
Warning (code 1292): Truncated incorrect DOUBLE value: 'BAREFOOT MANCHURIAN'
Warning (code 1292): Truncated incorrect DOUBLE value: 'BAREFOOT MANCHURIAN'
Warning (code 1292): Truncated incorrect DOUBLE value: 'BAREFOOT MANCHURIAN'
Warning (code 1292): Truncated incorrect DOUBLE value: 'BAREFOOT MANCHURIAN'
Warning (code 1292): Truncated incorrect DOUBLE value: 'BAREFOOT MANCHURIAN'
Warning (code 1292): Truncated incorrect DOUBLE value: 'BAREFOOT MANCHURIAN'
Warning (code 1292): Truncated incorrect DOUBLE value: 'BAREFOOT MANCHURIAN'
Warning (code 1292): Truncated incorrect DOUBLE value: 'BAREFOOT MANCHURIAN'
Warning (code 1292): Truncated incorrect DOUBLE value: 'BAREFOOT MANCHURIAN'
Warning (code 1292): Truncated incorrect DOUBLE value: 'BAREFOOT MANCHURIAN'
Warning (code 1292): Truncated incorrect DOUBLE value: 'BASIC EASY'
Warning (code 1292): Truncated incorrect DOUBLE value: 'BASIC EASY'
Warning (code 1292): Truncated incorrect DOUBLE value: 'BASIC EASY'
Warning (code 1292): Truncated incorrect DOUBLE value: 'BASIC EASY'
Warning (code 1292): Truncated incorrect DOUBLE value: 'BASIC EASY'
Warning (code 1292): Truncated incorrect DOUBLE value: 'BASIC EASY'
Warning (code 1292): Truncated incorrect DOUBLE value: 'BASIC EASY'
Warning (code 1292): Truncated incorrect DOUBLE value: 'BASIC EASY'
Warning (code 1292): Truncated incorrect DOUBLE value: 'BASIC EASY'
Warning (code 1292): Truncated incorrect DOUBLE value: 'BASIC EASY'
Warning (code 1292): Truncated incorrect DOUBLE value: 'BASIC EASY'
Warning (code 1292): Truncated incorrect DOUBLE value: 'BASIC EASY'
Warning (code 1292): Truncated incorrect DOUBLE value: 'BASIC EASY'
Warning (code 1292): Truncated incorrect DOUBLE value: 'BASIC EASY'
Warning (code 1292): Truncated incorrect DOUBLE value: 'BASIC EASY'
Warning (code 1292): Truncated incorrect DOUBLE value: 'BASIC EASY'
Warning (code 1292): Truncated incorrect DOUBLE value: 'BASIC EASY'
Warning (code 1292): Truncated incorrect DOUBLE value: 'BASIC EASY'
Warning (code 1292): Truncated incorrect DOUBLE value: 'BASIC EASY'
Warning (code 1292): Truncated incorrect DOUBLE value: 'BASIC EASY'
Warning (code 1292): Truncated incorrect DOUBLE value: 'BASIC EASY'
Warning (code 1292): Truncated incorrect DOUBLE value: 'BEACH HEARTBREAKERS'
Warning (code 1292): Truncated incorrect DOUBLE value: 'BEACH HEARTBREAKERS'
Warning (code 1292): Truncated incorrect DOUBLE value: 'BEACH HEARTBREAKERS'
Warning (code 1292): Truncated incorrect DOUBLE value: 'BEACH HEARTBREAKERS'
Warning (code 1292): Truncated incorrect DOUBLE value: 'BEACH HEARTBREAKERS'
Warning (code 1292): Truncated incorrect DOUBLE value: 'BEACH HEARTBREAKERS'
Warning (code 1292): Truncated incorrect DOUBLE value: 'BEACH HEARTBREAKERS'
Warning (code 1292): Truncated incorrect DOUBLE value: 'BEACH HEARTBREAKERS'
Warning (code 1292): Truncated incorrect DOUBLE value: 'BEACH HEARTBREAKERS'
Warning (code 1292): Truncated incorrect DOUBLE value: 'BEACH HEARTBREAKERS'
Warning (code 1292): Truncated incorrect DOUBLE value: 'BEACH HEARTBREAKERS'
Warning (code 1292): Truncated incorrect DOUBLE value: 'BEACH HEARTBREAKERS'
Warning (code 1292): Truncated incorrect DOUBLE value: 'BEACH HEARTBREAKERS'
Warning (code 1292): Truncated incorrect DOUBLE value: 'BEACH HEARTBREAKERS'
Warning (code 1292): Truncated incorrect DOUBLE value: 'BEACH HEARTBREAKERS'
Warning (code 1292): Truncated incorrect DOUBLE value: 'BEACH HEARTBREAKERS'
Warning (code 1292): Truncated incorrect DOUBLE value: 'BEACH HEARTBREAKERS'
Warning (code 1292): Truncated incorrect DOUBLE value: 'BEAR GRACELAND'
Warning (code 1292): Truncated incorrect DOUBLE value: 'BEAR GRACELAND'
Warning (code 1292): Truncated incorrect DOUBLE value: 'BEAR GRACELAND'
Warning (code 1292): Truncated incorrect DOUBLE value: 'BEAR GRACELAND'
Warning (code 1292): Truncated incorrect DOUBLE value: 'BEAR GRACELAND'
Warning (code 1292): Truncated incorrect DOUBLE value: 'BEAR GRACELAND'
Warning (code 1292): Truncated incorrect DOUBLE value: 'BEAR GRACELAND'
Warning (code 1292): Truncated incorrect DOUBLE value: 'BEAR GRACELAND'
Warning (code 1292): Truncated incorrect DOUBLE value: 'BEAR GRACELAND'
Warning (code 1292): Truncated incorrect DOUBLE value: 'BEAR GRACELAND'
Warning (code 1292): Truncated incorrect DOUBLE value: 'BEAR GRACELAND'
Warning (code 1292): Truncated incorrect DOUBLE value: 'BEAR GRACELAND'
Warning (code 1292): Truncated incorrect DOUBLE value: 'BEAR GRACELAND'
Warning (code 1292): Truncated incorrect DOUBLE value: 'BEAR GRACELAND'
Warning (code 1292): Truncated incorrect DOUBLE value: 'BEAR GRACELAND'
Warning (code 1292): Truncated incorrect DOUBLE value: 'BEAR GRACELAND'
Warning (code 1292): Truncated incorrect DOUBLE value: 'BEAR GRACELAND'
Warning (code 1292): Truncated incorrect DOUBLE value: 'BEAR GRACELAND'
Warning (code 1292): Truncated incorrect DOUBLE value: 'BEAR GRACELAND'
Warning (code 1292): Truncated incorrect DOUBLE value: 'BEAR GRACELAND'
Warning (code 1292): Truncated incorrect DOUBLE value: 'BEAR GRACELAND'
Warning (code 1292): Truncated incorrect DOUBLE value: 'BEAR GRACELAND'
Warning (code 1292): Truncated incorrect DOUBLE value: 'BEAST HUNCHBACK'
Warning (code 1292): Truncated incorrect DOUBLE value: 'BEAST HUNCHBACK'
Warning (code 1292): Truncated incorrect DOUBLE value: 'BEAST HUNCHBACK'
Warning (code 1292): Truncated incorrect DOUBLE value: 'BEAST HUNCHBACK'
Warning (code 1292): Truncated incorrect DOUBLE value: 'BEAST HUNCHBACK'
Warning (code 1292): Truncated incorrect DOUBLE value: 'BEAST HUNCHBACK'
Warning (code 1292): Truncated incorrect DOUBLE value: 'BEAST HUNCHBACK'
Warning (code 1292): Truncated incorrect DOUBLE value: 'BEAST HUNCHBACK'
Warning (code 1292): Truncated incorrect DOUBLE value: 'BEAST HUNCHBACK'
Warning (code 1292): Truncated incorrect DOUBLE value: 'BEAST HUNCHBACK'
Warning (code 1292): Truncated incorrect DOUBLE value: 'BEAST HUNCHBACK'
Warning (code 1292): Truncated incorrect DOUBLE value: 'BEAUTY GREASE'
Warning (code 1292): Truncated incorrect DOUBLE value: 'BEAUTY GREASE'
Warning (code 1292): Truncated incorrect DOUBLE value: 'BEAUTY GREASE'
Warning (code 1292): Truncated incorrect DOUBLE value: 'BEAUTY GREASE'
Warning (code 1292): Truncated incorrect DOUBLE value: 'BEAUTY GREASE'
Warning (code 1292): Truncated incorrect DOUBLE value: 'BEAUTY GREASE'
Warning (code 1292): Truncated incorrect DOUBLE value: 'BEAUTY GREASE'
Warning (code 1292): Truncated incorrect DOUBLE value: 'BEAUTY GREASE'
Warning (code 1292): Truncated incorrect DOUBLE value: 'BEAUTY GREASE'
Warning (code 1292): Truncated incorrect DOUBLE value: 'BEAUTY GREASE'
Warning (code 1292): Truncated incorrect DOUBLE value: 'BEAUTY GREASE'
Warning (code 1292): Truncated incorrect DOUBLE value: 'BEAUTY GREASE'
Warning (code 1292): Truncated incorrect DOUBLE value: 'BEAUTY GREASE'
Warning (code 1292): Truncated incorrect DOUBLE value: 'BEAUTY GREASE'
Warning (code 1292): Truncated incorrect DOUBLE value: 'BEAUTY GREASE'
Warning (code 1292): Truncated incorrect DOUBLE value: 'BEAUTY GREASE'
Warning (code 1292): Truncated incorrect DOUBLE value: 'BEAUTY GREASE'
Warning (code 1292): Truncated incorrect DOUBLE value: 'BEAUTY GREASE'
Warning (code 1292): Truncated incorrect DOUBLE value: 'BEAUTY GREASE'
Warning (code 1292): Truncated incorrect DOUBLE value: 'BEAUTY GREASE'
Warning (code 1292): Truncated incorrect DOUBLE value: 'BEAUTY GREASE'
Warning (code 1292): Truncated incorrect DOUBLE value: 'BEAUTY GREASE'
Warning (code 1292): Truncated incorrect DOUBLE value: 'BED HIGHBALL'
Warning (code 1292): Truncated incorrect DOUBLE value: 'BED HIGHBALL'
Warning (code 1292): Truncated incorrect DOUBLE value: 'BED HIGHBALL'
Warning (code 1292): Truncated incorrect DOUBLE value: 'BED HIGHBALL'
Warning (code 1292): Truncated incorrect DOUBLE value: 'BED HIGHBALL'
Warning (code 1292): Truncated incorrect DOUBLE value: 'BED HIGHBALL'
Warning (code 1292): Truncated incorrect DOUBLE value: 'BEDAZZLED MARRIED'
Warning (code 1292): Truncated incorrect DOUBLE value: 'BEDAZZLED MARRIED'
Warning (code 1292): Truncated incorrect DOUBLE value: 'BEDAZZLED MARRIED'
Warning (code 1292): Truncated incorrect DOUBLE value: 'BEDAZZLED MARRIED'
Warning (code 1292): Truncated incorrect DOUBLE value: 'BEDAZZLED MARRIED'
Warning (code 1292): Truncated incorrect DOUBLE value: 'BEDAZZLED MARRIED'
Warning (code 1292): Truncated incorrect DOUBLE value: 'BEDAZZLED MARRIED'
Warning (code 1292): Truncated incorrect DOUBLE value: 'BEDAZZLED MARRIED'
Warning (code 1292): Truncated incorrect DOUBLE value: 'BEDAZZLED MARRIED'
Warning (code 1292): Truncated incorrect DOUBLE value: 'BEDAZZLED MARRIED'
Warning (code 1292): Truncated incorrect DOUBLE value: 'BEDAZZLED MARRIED'
Warning (code 1292): Truncated incorrect DOUBLE value: 'BEDAZZLED MARRIED'
Warning (code 1292): Truncated incorrect DOUBLE value: 'BEDAZZLED MARRIED'
Warning (code 1292): Truncated incorrect DOUBLE value: 'BEETHOVEN EXORCIST'
Warning (code 1292): Truncated incorrect DOUBLE value: 'BEETHOVEN EXORCIST'
Warning (code 1292): Truncated incorrect DOUBLE value: 'BEETHOVEN EXORCIST'
Warning (code 1292): Truncated incorrect DOUBLE value: 'BEETHOVEN EXORCIST'
Warning (code 1292): Truncated incorrect DOUBLE value: 'BEETHOVEN EXORCIST'
Warning (code 1292): Truncated incorrect DOUBLE value: 'BEETHOVEN EXORCIST'
Warning (code 1292): Truncated incorrect DOUBLE value: 'BEETHOVEN EXORCIST'
Warning (code 1292): Truncated incorrect DOUBLE value: 'BEETHOVEN EXORCIST'
Warning (code 1292): Truncated incorrect DOUBLE value: 'BEETHOVEN EXORCIST'
Warning (code 1292): Truncated incorrect DOUBLE value: 'BEETHOVEN EXORCIST'
Warning (code 1292): Truncated incorrect DOUBLE value: 'BEETHOVEN EXORCIST'
Warning (code 1292): Truncated incorrect DOUBLE value: 'BEHAVIOR RUNAWAY'
Warning (code 1292): Truncated incorrect DOUBLE value: 'BEHAVIOR RUNAWAY'
Warning (code 1292): Truncated incorrect DOUBLE value: 'BEHAVIOR RUNAWAY'
Warning (code 1292): Truncated incorrect DOUBLE value: 'BEHAVIOR RUNAWAY'
Warning (code 1292): Truncated incorrect DOUBLE value: 'BEHAVIOR RUNAWAY'
Warning (code 1292): Truncated incorrect DOUBLE value: 'BEHAVIOR RUNAWAY'
Warning (code 1292): Truncated incorrect DOUBLE value: 'BEHAVIOR RUNAWAY'
Warning (code 1292): Truncated incorrect DOUBLE value: 'BEHAVIOR RUNAWAY'
Warning (code 1292): Truncated incorrect DOUBLE value: 'BEHAVIOR RUNAWAY'
Warning (code 1292): Truncated incorrect DOUBLE value: 'BEHAVIOR RUNAWAY'
 MySQL  localhost:3306 ssl  sakila  SQL > select a.first_name, a.last_name, b.title from rental c inner join on a.customer_id=c.customer_id = c.customer_id inner join inventory d on c.inventory_id= d.inventory_id inner join film b on b.film_id= d.film_id group by first_name, last_name, title limit 100;
ERROR: 1064 (42000): You have an error in your SQL syntax; check the manual that corresponds to your MySQL server version for the right syntax to use near 'on a.customer_id=c.customer_id = c.customer_id inner join inventory d on c.inven' at line 1
 MySQL  localhost:3306 ssl  sakila  SQL > select a.first_name, a.last_name, b.title from rental c inner join customer a on a.customer_id=c.customer_id inner join inventory d on c.inventory_id= d.inventory_id inner join film b on b.film_id= d.film_id group by first_name, last_name, title limit 100;
+------------+-------------+------------------+
| first_name | last_name   | title            |
+------------+-------------+------------------+
| JOEL       | FRANCISCO   | ACADEMY DINOSAUR |
| GABRIEL    | HARDER      | ACADEMY DINOSAUR |
| DIANNE     | SHELTON     | ACADEMY DINOSAUR |
| NORMAN     | CURRIER     | ACADEMY DINOSAUR |
| BEATRICE   | ARNOLD      | ACADEMY DINOSAUR |
| GERALDINE  | PERKINS     | ACADEMY DINOSAUR |
| VIRGIL     | WOFFORD     | ACADEMY DINOSAUR |
| WILLIE     | MARKHAM     | ACADEMY DINOSAUR |
| DEBRA      | NELSON      | ACADEMY DINOSAUR |
| DARREN     | WINDHAM     | ACADEMY DINOSAUR |
| ROBERT     | BAUGHMAN    | ACADEMY DINOSAUR |
| HENRY      | BILLINGSLEY | ACADEMY DINOSAUR |
| SERGIO     | STANFIELD   | ACADEMY DINOSAUR |
| FREDDIE    | DUGGAN      | ACADEMY DINOSAUR |
| MARIE      | TURNER      | ACADEMY DINOSAUR |
| MATTIE     | HOFFMAN     | ACADEMY DINOSAUR |
| DWAYNE     | OLVERA      | ACADEMY DINOSAUR |
| CARL       | ARTIS       | ACADEMY DINOSAUR |
| NATHAN     | RUNYON      | ACADEMY DINOSAUR |
| HECTOR     | POINDEXTER  | ACADEMY DINOSAUR |
| TINA       | SIMMONS     | ACADEMY DINOSAUR |
| SUSAN      | WILSON      | ACADEMY DINOSAUR |
| REBECCA    | SCOTT       | ACADEMY DINOSAUR |
| PENNY      | NEAL        | ACE GOLDFINGER   |
| BRANDON    | HUEY        | ACE GOLDFINGER   |
| LUCILLE    | HOLMES      | ACE GOLDFINGER   |
| KATHRYN    | COLEMAN     | ACE GOLDFINGER   |
| AMBER      | DIXON       | ACE GOLDFINGER   |
| STACY      | CUNNINGHAM  | ACE GOLDFINGER   |
| JESSIE     | MILAM       | ACE GOLDFINGER   |
| PEARL      | GARZA       | ADAPTATION HOLES |
| TRAVIS     | ESTEP       | ADAPTATION HOLES |
| STELLA     | MORENO      | ADAPTATION HOLES |
| CASSANDRA  | WALTERS     | ADAPTATION HOLES |
| DEBORAH    | WALKER      | ADAPTATION HOLES |
| ROBIN      | HAYES       | ADAPTATION HOLES |
| OLGA       | JIMENEZ     | ADAPTATION HOLES |
| MARY       | SMITH       | ADAPTATION HOLES |
| ROSE       | HOWARD      | ADAPTATION HOLES |
| JOANNE     | ROBERTSON   | ADAPTATION HOLES |
| STEVEN     | CURLEY      | ADAPTATION HOLES |
| MARION     | SNYDER      | ADAPTATION HOLES |
| VIVIAN     | RUIZ        | AFFAIR PREJUDICE |
| NINA       | SOTO        | AFFAIR PREJUDICE |
| JORDAN     | ARCHULETA   | AFFAIR PREJUDICE |
| DANIELLE   | DANIELS     | AFFAIR PREJUDICE |
| SUE        | PETERS      | AFFAIR PREJUDICE |
| MICHAEL    | SILVERMAN   | AFFAIR PREJUDICE |
| JEFF       | EAST        | AFFAIR PREJUDICE |
| MEGAN      | PALMER      | AFFAIR PREJUDICE |
| ELEANOR    | HUNT        | AFFAIR PREJUDICE |
| NATALIE    | MEYER       | AFFAIR PREJUDICE |
| TOMMY      | COLLAZO     | AFFAIR PREJUDICE |
| MINNIE     | ROMERO      | AFFAIR PREJUDICE |
| CARMEN     | OWENS       | AFFAIR PREJUDICE |
| DEANNA     | BYRD        | AFFAIR PREJUDICE |
| KIMBERLY   | LEE         | AFFAIR PREJUDICE |
| BEVERLY    | BROOKS      | AFFAIR PREJUDICE |
| JIMMY      | SCHRADER    | AFFAIR PREJUDICE |
| JANICE     | WARD        | AFFAIR PREJUDICE |
| RUBEN      | GEARY       | AFFAIR PREJUDICE |
| WALLACE    | SLONE       | AFFAIR PREJUDICE |
| OSCAR      | AQUINO      | AFFAIR PREJUDICE |
| JEROME     | KENYON      | AFFAIR PREJUDICE |
| CONNIE     | WALLACE     | AFRICAN EGG      |
| RICARDO    | MEADOR      | AFRICAN EGG      |
| BARRY      | LOVELACE    | AFRICAN EGG      |
| CASEY      | MENA        | AFRICAN EGG      |
| JOSHUA     | MARK        | AFRICAN EGG      |
| CURTIS     | IRBY        | AFRICAN EGG      |
| NORA       | HERRERA     | AFRICAN EGG      |
| AMY        | LOPEZ       | AFRICAN EGG      |
| ELAINE     | STEVENS     | AFRICAN EGG      |
| GILBERT    | SLEDGE      | AFRICAN EGG      |
| JOYCE      | EDWARDS     | AFRICAN EGG      |
| SETH       | HANNON      | AFRICAN EGG      |
| CLARENCE   | GAMEZ       | AGENT TRUMAN     |
| JANET      | PHILLIPS    | AGENT TRUMAN     |
| LESLIE     | SEWARD      | AGENT TRUMAN     |
| PERRY      | SWAFFORD    | AGENT TRUMAN     |
| IDA        | ANDREWS     | AGENT TRUMAN     |
| CATHERINE  | CAMPBELL    | AGENT TRUMAN     |
| TERRY      | GRISSOM     | AGENT TRUMAN     |
| BETTY      | WHITE       | AGENT TRUMAN     |
| ALAN       | KAHN        | AGENT TRUMAN     |
| ELIZABETH  | BROWN       | AGENT TRUMAN     |
| TONYA      | CHAPMAN     | AGENT TRUMAN     |
| TRACY      | COLE        | AGENT TRUMAN     |
| DIANE      | COLLINS     | AGENT TRUMAN     |
| CORY       | MEEHAN      | AGENT TRUMAN     |
| MAURICE    | CRAWLEY     | AGENT TRUMAN     |
| GINA       | WILLIAMSON  | AGENT TRUMAN     |
| ANTHONY    | SCHWAB      | AGENT TRUMAN     |
| CLINTON    | BUFORD      | AGENT TRUMAN     |
| KRISTIN    | JOHNSTON    | AGENT TRUMAN     |
| ROSEMARY   | SCHMIDT     | AGENT TRUMAN     |
| MARTHA     | GONZALEZ    | AGENT TRUMAN     |
| FRED       | WHEAT       | AIRPLANE SIERRA  |
| DEAN       | SAUER       | AIRPLANE SIERRA  |
| CRAIG      | MORRELL     | AIRPLANE SIERRA  |
+------------+-------------+------------------+
100 rows in set (0.0922 sec)
 MySQL  localhost:3306 ssl  sakila  SQL > select a.first_name, a.last_name, b.title from rental c inner join customer a on a.customer_id=c.customer_id inner join inventory d on c.inventory_id= d.inventory_id inner join film b on b.film_id= d.film_id group by first_name, last_name limit 100;
ERROR: 1055 (42000): Expression #3 of SELECT list is not in GROUP BY clause and contains nonaggregated column 'sakila.b.title' which is not functionally dependent on columns in GROUP BY clause; this is incompatible with sql_mode=only_full_group_by
 MySQL  localhost:3306 ssl  sakila  SQL > select a.first_name, a.last_name, b.title from rental c inner join customer a on a.customer_id=c.customer_id inner join inventory d on c.inventory_id= d.inventory_id inner join film b on b.film_id= d.film_id group by first_name, last_name limit 100;
ERROR: 1055 (42000): Expression #3 of SELECT list is not in GROUP BY clause and contains nonaggregated column 'sakila.b.title' which is not functionally dependent on columns in GROUP BY clause; this is incompatible with sql_mode=only_full_group_by
 MySQL  localhost:3306 ssl  sakila  SQL > select a.first_name, a.last_name, b.title from rental c inner join customer a on a.customer_id=c.customer_id inner join inventory d on c.inventory_id= d.inventory_id inner join film b on b.film_id= d.film_id limit 100;
+------------+-------------+------------------+
| first_name | last_name   | title            |
+------------+-------------+------------------+
| JOEL       | FRANCISCO   | ACADEMY DINOSAUR |
| GABRIEL    | HARDER      | ACADEMY DINOSAUR |
| DIANNE     | SHELTON     | ACADEMY DINOSAUR |
| NORMAN     | CURRIER     | ACADEMY DINOSAUR |
| BEATRICE   | ARNOLD      | ACADEMY DINOSAUR |
| GERALDINE  | PERKINS     | ACADEMY DINOSAUR |
| VIRGIL     | WOFFORD     | ACADEMY DINOSAUR |
| WILLIE     | MARKHAM     | ACADEMY DINOSAUR |
| DEBRA      | NELSON      | ACADEMY DINOSAUR |
| DARREN     | WINDHAM     | ACADEMY DINOSAUR |
| ROBERT     | BAUGHMAN    | ACADEMY DINOSAUR |
| HENRY      | BILLINGSLEY | ACADEMY DINOSAUR |
| SERGIO     | STANFIELD   | ACADEMY DINOSAUR |
| FREDDIE    | DUGGAN      | ACADEMY DINOSAUR |
| MARIE      | TURNER      | ACADEMY DINOSAUR |
| MATTIE     | HOFFMAN     | ACADEMY DINOSAUR |
| DWAYNE     | OLVERA      | ACADEMY DINOSAUR |
| CARL       | ARTIS       | ACADEMY DINOSAUR |
| NATHAN     | RUNYON      | ACADEMY DINOSAUR |
| HECTOR     | POINDEXTER  | ACADEMY DINOSAUR |
| TINA       | SIMMONS     | ACADEMY DINOSAUR |
| SUSAN      | WILSON      | ACADEMY DINOSAUR |
| REBECCA    | SCOTT       | ACADEMY DINOSAUR |
| PENNY      | NEAL        | ACE GOLDFINGER   |
| BRANDON    | HUEY        | ACE GOLDFINGER   |
| LUCILLE    | HOLMES      | ACE GOLDFINGER   |
| KATHRYN    | COLEMAN     | ACE GOLDFINGER   |
| AMBER      | DIXON       | ACE GOLDFINGER   |
| STACY      | CUNNINGHAM  | ACE GOLDFINGER   |
| JESSIE     | MILAM       | ACE GOLDFINGER   |
| PEARL      | GARZA       | ADAPTATION HOLES |
| TRAVIS     | ESTEP       | ADAPTATION HOLES |
| STELLA     | MORENO      | ADAPTATION HOLES |
| CASSANDRA  | WALTERS     | ADAPTATION HOLES |
| DEBORAH    | WALKER      | ADAPTATION HOLES |
| ROBIN      | HAYES       | ADAPTATION HOLES |
| OLGA       | JIMENEZ     | ADAPTATION HOLES |
| MARY       | SMITH       | ADAPTATION HOLES |
| ROSE       | HOWARD      | ADAPTATION HOLES |
| JOANNE     | ROBERTSON   | ADAPTATION HOLES |
| STEVEN     | CURLEY      | ADAPTATION HOLES |
| MARION     | SNYDER      | ADAPTATION HOLES |
| VIVIAN     | RUIZ        | AFFAIR PREJUDICE |
| NINA       | SOTO        | AFFAIR PREJUDICE |
| JORDAN     | ARCHULETA   | AFFAIR PREJUDICE |
| DANIELLE   | DANIELS     | AFFAIR PREJUDICE |
| SUE        | PETERS      | AFFAIR PREJUDICE |
| MICHAEL    | SILVERMAN   | AFFAIR PREJUDICE |
| JEFF       | EAST        | AFFAIR PREJUDICE |
| MEGAN      | PALMER      | AFFAIR PREJUDICE |
| ELEANOR    | HUNT        | AFFAIR PREJUDICE |
| NATALIE    | MEYER       | AFFAIR PREJUDICE |
| TOMMY      | COLLAZO     | AFFAIR PREJUDICE |
| MINNIE     | ROMERO      | AFFAIR PREJUDICE |
| CARMEN     | OWENS       | AFFAIR PREJUDICE |
| DEANNA     | BYRD        | AFFAIR PREJUDICE |
| KIMBERLY   | LEE         | AFFAIR PREJUDICE |
| BEVERLY    | BROOKS      | AFFAIR PREJUDICE |
| JIMMY      | SCHRADER    | AFFAIR PREJUDICE |
| JANICE     | WARD        | AFFAIR PREJUDICE |
| RUBEN      | GEARY       | AFFAIR PREJUDICE |
| CARMEN     | OWENS       | AFFAIR PREJUDICE |
| WALLACE    | SLONE       | AFFAIR PREJUDICE |
| OSCAR      | AQUINO      | AFFAIR PREJUDICE |
| JEROME     | KENYON      | AFFAIR PREJUDICE |
| CONNIE     | WALLACE     | AFRICAN EGG      |
| RICARDO    | MEADOR      | AFRICAN EGG      |
| BARRY      | LOVELACE    | AFRICAN EGG      |
| CASEY      | MENA        | AFRICAN EGG      |
| JOSHUA     | MARK        | AFRICAN EGG      |
| CURTIS     | IRBY        | AFRICAN EGG      |
| NORA       | HERRERA     | AFRICAN EGG      |
| AMY        | LOPEZ       | AFRICAN EGG      |
| ELAINE     | STEVENS     | AFRICAN EGG      |
| GILBERT    | SLEDGE      | AFRICAN EGG      |
| JOYCE      | EDWARDS     | AFRICAN EGG      |
| SETH       | HANNON      | AFRICAN EGG      |
| CLARENCE   | GAMEZ       | AGENT TRUMAN     |
| JANET      | PHILLIPS    | AGENT TRUMAN     |
| LESLIE     | SEWARD      | AGENT TRUMAN     |
| PERRY      | SWAFFORD    | AGENT TRUMAN     |
| IDA        | ANDREWS     | AGENT TRUMAN     |
| CATHERINE  | CAMPBELL    | AGENT TRUMAN     |
| TERRY      | GRISSOM     | AGENT TRUMAN     |
| BETTY      | WHITE       | AGENT TRUMAN     |
| ALAN       | KAHN        | AGENT TRUMAN     |
| ELIZABETH  | BROWN       | AGENT TRUMAN     |
| TONYA      | CHAPMAN     | AGENT TRUMAN     |
| TRACY      | COLE        | AGENT TRUMAN     |
| DIANE      | COLLINS     | AGENT TRUMAN     |
| CORY       | MEEHAN      | AGENT TRUMAN     |
| MAURICE    | CRAWLEY     | AGENT TRUMAN     |
| GINA       | WILLIAMSON  | AGENT TRUMAN     |
| ANTHONY    | SCHWAB      | AGENT TRUMAN     |
| CLINTON    | BUFORD      | AGENT TRUMAN     |
| KRISTIN    | JOHNSTON    | AGENT TRUMAN     |
| ROSEMARY   | SCHMIDT     | AGENT TRUMAN     |
| MARTHA     | GONZALEZ    | AGENT TRUMAN     |
| FRED       | WHEAT       | AIRPLANE SIERRA  |
| DEAN       | SAUER       | AIRPLANE SIERRA  |
+------------+-------------+------------------+
100 rows in set (0.0019 sec)
 MySQL  localhost:3306 ssl  sakila  SQL > select a.first_name, a.last_name, b.title from rental c inner join customer a on a.customer_id=c.customer_id inner join inventory d on c.inventory_id = d.inventory_id inner join film b on c.film_id = d.film_id limit 100;
ERROR: 1054 (42S22): Unknown column 'c.film_id' in 'on clause'
 MySQL  localhost:3306 ssl  sakila  SQL > select a.first_name, a.last_name, b.title from rental c inner join customer a on a.customer_id=c.customer_id inner join inventory d on c.inventory_id = d.inventory_id inner join film b on b.film_id = d.film_id limit 100;
+------------+-------------+------------------+
| first_name | last_name   | title            |
+------------+-------------+------------------+
| JOEL       | FRANCISCO   | ACADEMY DINOSAUR |
| GABRIEL    | HARDER      | ACADEMY DINOSAUR |
| DIANNE     | SHELTON     | ACADEMY DINOSAUR |
| NORMAN     | CURRIER     | ACADEMY DINOSAUR |
| BEATRICE   | ARNOLD      | ACADEMY DINOSAUR |
| GERALDINE  | PERKINS     | ACADEMY DINOSAUR |
| VIRGIL     | WOFFORD     | ACADEMY DINOSAUR |
| WILLIE     | MARKHAM     | ACADEMY DINOSAUR |
| DEBRA      | NELSON      | ACADEMY DINOSAUR |
| DARREN     | WINDHAM     | ACADEMY DINOSAUR |
| ROBERT     | BAUGHMAN    | ACADEMY DINOSAUR |
| HENRY      | BILLINGSLEY | ACADEMY DINOSAUR |
| SERGIO     | STANFIELD   | ACADEMY DINOSAUR |
| FREDDIE    | DUGGAN      | ACADEMY DINOSAUR |
| MARIE      | TURNER      | ACADEMY DINOSAUR |
| MATTIE     | HOFFMAN     | ACADEMY DINOSAUR |
| DWAYNE     | OLVERA      | ACADEMY DINOSAUR |
| CARL       | ARTIS       | ACADEMY DINOSAUR |
| NATHAN     | RUNYON      | ACADEMY DINOSAUR |
| HECTOR     | POINDEXTER  | ACADEMY DINOSAUR |
| TINA       | SIMMONS     | ACADEMY DINOSAUR |
| SUSAN      | WILSON      | ACADEMY DINOSAUR |
| REBECCA    | SCOTT       | ACADEMY DINOSAUR |
| PENNY      | NEAL        | ACE GOLDFINGER   |
| BRANDON    | HUEY        | ACE GOLDFINGER   |
| LUCILLE    | HOLMES      | ACE GOLDFINGER   |
| KATHRYN    | COLEMAN     | ACE GOLDFINGER   |
| AMBER      | DIXON       | ACE GOLDFINGER   |
| STACY      | CUNNINGHAM  | ACE GOLDFINGER   |
| JESSIE     | MILAM       | ACE GOLDFINGER   |
| PEARL      | GARZA       | ADAPTATION HOLES |
| TRAVIS     | ESTEP       | ADAPTATION HOLES |
| STELLA     | MORENO      | ADAPTATION HOLES |
| CASSANDRA  | WALTERS     | ADAPTATION HOLES |
| DEBORAH    | WALKER      | ADAPTATION HOLES |
| ROBIN      | HAYES       | ADAPTATION HOLES |
| OLGA       | JIMENEZ     | ADAPTATION HOLES |
| MARY       | SMITH       | ADAPTATION HOLES |
| ROSE       | HOWARD      | ADAPTATION HOLES |
| JOANNE     | ROBERTSON   | ADAPTATION HOLES |
| STEVEN     | CURLEY      | ADAPTATION HOLES |
| MARION     | SNYDER      | ADAPTATION HOLES |
| VIVIAN     | RUIZ        | AFFAIR PREJUDICE |
| NINA       | SOTO        | AFFAIR PREJUDICE |
| JORDAN     | ARCHULETA   | AFFAIR PREJUDICE |
| DANIELLE   | DANIELS     | AFFAIR PREJUDICE |
| SUE        | PETERS      | AFFAIR PREJUDICE |
| MICHAEL    | SILVERMAN   | AFFAIR PREJUDICE |
| JEFF       | EAST        | AFFAIR PREJUDICE |
| MEGAN      | PALMER      | AFFAIR PREJUDICE |
| ELEANOR    | HUNT        | AFFAIR PREJUDICE |
| NATALIE    | MEYER       | AFFAIR PREJUDICE |
| TOMMY      | COLLAZO     | AFFAIR PREJUDICE |
| MINNIE     | ROMERO      | AFFAIR PREJUDICE |
| CARMEN     | OWENS       | AFFAIR PREJUDICE |
| DEANNA     | BYRD        | AFFAIR PREJUDICE |
| KIMBERLY   | LEE         | AFFAIR PREJUDICE |
| BEVERLY    | BROOKS      | AFFAIR PREJUDICE |
| JIMMY      | SCHRADER    | AFFAIR PREJUDICE |
| JANICE     | WARD        | AFFAIR PREJUDICE |
| RUBEN      | GEARY       | AFFAIR PREJUDICE |
| CARMEN     | OWENS       | AFFAIR PREJUDICE |
| WALLACE    | SLONE       | AFFAIR PREJUDICE |
| OSCAR      | AQUINO      | AFFAIR PREJUDICE |
| JEROME     | KENYON      | AFFAIR PREJUDICE |
| CONNIE     | WALLACE     | AFRICAN EGG      |
| RICARDO    | MEADOR      | AFRICAN EGG      |
| BARRY      | LOVELACE    | AFRICAN EGG      |
| CASEY      | MENA        | AFRICAN EGG      |
| JOSHUA     | MARK        | AFRICAN EGG      |
| CURTIS     | IRBY        | AFRICAN EGG      |
| NORA       | HERRERA     | AFRICAN EGG      |
| AMY        | LOPEZ       | AFRICAN EGG      |
| ELAINE     | STEVENS     | AFRICAN EGG      |
| GILBERT    | SLEDGE      | AFRICAN EGG      |
| JOYCE      | EDWARDS     | AFRICAN EGG      |
| SETH       | HANNON      | AFRICAN EGG      |
| CLARENCE   | GAMEZ       | AGENT TRUMAN     |
| JANET      | PHILLIPS    | AGENT TRUMAN     |
| LESLIE     | SEWARD      | AGENT TRUMAN     |
| PERRY      | SWAFFORD    | AGENT TRUMAN     |
| IDA        | ANDREWS     | AGENT TRUMAN     |
| CATHERINE  | CAMPBELL    | AGENT TRUMAN     |
| TERRY      | GRISSOM     | AGENT TRUMAN     |
| BETTY      | WHITE       | AGENT TRUMAN     |
| ALAN       | KAHN        | AGENT TRUMAN     |
| ELIZABETH  | BROWN       | AGENT TRUMAN     |
| TONYA      | CHAPMAN     | AGENT TRUMAN     |
| TRACY      | COLE        | AGENT TRUMAN     |
| DIANE      | COLLINS     | AGENT TRUMAN     |
| CORY       | MEEHAN      | AGENT TRUMAN     |
| MAURICE    | CRAWLEY     | AGENT TRUMAN     |
| GINA       | WILLIAMSON  | AGENT TRUMAN     |
| ANTHONY    | SCHWAB      | AGENT TRUMAN     |
| CLINTON    | BUFORD      | AGENT TRUMAN     |
| KRISTIN    | JOHNSTON    | AGENT TRUMAN     |
| ROSEMARY   | SCHMIDT     | AGENT TRUMAN     |
| MARTHA     | GONZALEZ    | AGENT TRUMAN     |
| FRED       | WHEAT       | AIRPLANE SIERRA  |
| DEAN       | SAUER       | AIRPLANE SIERRA  |
+------------+-------------+------------------+
100 rows in set (0.0023 sec)
 MySQL  localhost:3306 ssl  sakila  SQL > select a.first_name, a.last_name, b.title from customer a inner join rental c on a.customer_id = c.customer_id inner join inventory d on c.inventory_id= d.inventory_id inner join film b on b.film_id= d.film_id group by first_name, last_name, title limit 100;
+------------+-------------+------------------+
| first_name | last_name   | title            |
+------------+-------------+------------------+
| JOEL       | FRANCISCO   | ACADEMY DINOSAUR |
| GABRIEL    | HARDER      | ACADEMY DINOSAUR |
| DIANNE     | SHELTON     | ACADEMY DINOSAUR |
| NORMAN     | CURRIER     | ACADEMY DINOSAUR |
| BEATRICE   | ARNOLD      | ACADEMY DINOSAUR |
| GERALDINE  | PERKINS     | ACADEMY DINOSAUR |
| VIRGIL     | WOFFORD     | ACADEMY DINOSAUR |
| WILLIE     | MARKHAM     | ACADEMY DINOSAUR |
| DEBRA      | NELSON      | ACADEMY DINOSAUR |
| DARREN     | WINDHAM     | ACADEMY DINOSAUR |
| ROBERT     | BAUGHMAN    | ACADEMY DINOSAUR |
| HENRY      | BILLINGSLEY | ACADEMY DINOSAUR |
| SERGIO     | STANFIELD   | ACADEMY DINOSAUR |
| FREDDIE    | DUGGAN      | ACADEMY DINOSAUR |
| MARIE      | TURNER      | ACADEMY DINOSAUR |
| MATTIE     | HOFFMAN     | ACADEMY DINOSAUR |
| DWAYNE     | OLVERA      | ACADEMY DINOSAUR |
| CARL       | ARTIS       | ACADEMY DINOSAUR |
| NATHAN     | RUNYON      | ACADEMY DINOSAUR |
| HECTOR     | POINDEXTER  | ACADEMY DINOSAUR |
| TINA       | SIMMONS     | ACADEMY DINOSAUR |
| SUSAN      | WILSON      | ACADEMY DINOSAUR |
| REBECCA    | SCOTT       | ACADEMY DINOSAUR |
| PENNY      | NEAL        | ACE GOLDFINGER   |
| BRANDON    | HUEY        | ACE GOLDFINGER   |
| LUCILLE    | HOLMES      | ACE GOLDFINGER   |
| KATHRYN    | COLEMAN     | ACE GOLDFINGER   |
| AMBER      | DIXON       | ACE GOLDFINGER   |
| STACY      | CUNNINGHAM  | ACE GOLDFINGER   |
| JESSIE     | MILAM       | ACE GOLDFINGER   |
| PEARL      | GARZA       | ADAPTATION HOLES |
| TRAVIS     | ESTEP       | ADAPTATION HOLES |
| STELLA     | MORENO      | ADAPTATION HOLES |
| CASSANDRA  | WALTERS     | ADAPTATION HOLES |
| DEBORAH    | WALKER      | ADAPTATION HOLES |
| ROBIN      | HAYES       | ADAPTATION HOLES |
| OLGA       | JIMENEZ     | ADAPTATION HOLES |
| MARY       | SMITH       | ADAPTATION HOLES |
| ROSE       | HOWARD      | ADAPTATION HOLES |
| JOANNE     | ROBERTSON   | ADAPTATION HOLES |
| STEVEN     | CURLEY      | ADAPTATION HOLES |
| MARION     | SNYDER      | ADAPTATION HOLES |
| VIVIAN     | RUIZ        | AFFAIR PREJUDICE |
| NINA       | SOTO        | AFFAIR PREJUDICE |
| JORDAN     | ARCHULETA   | AFFAIR PREJUDICE |
| DANIELLE   | DANIELS     | AFFAIR PREJUDICE |
| SUE        | PETERS      | AFFAIR PREJUDICE |
| MICHAEL    | SILVERMAN   | AFFAIR PREJUDICE |
| JEFF       | EAST        | AFFAIR PREJUDICE |
| MEGAN      | PALMER      | AFFAIR PREJUDICE |
| ELEANOR    | HUNT        | AFFAIR PREJUDICE |
| NATALIE    | MEYER       | AFFAIR PREJUDICE |
| TOMMY      | COLLAZO     | AFFAIR PREJUDICE |
| MINNIE     | ROMERO      | AFFAIR PREJUDICE |
| CARMEN     | OWENS       | AFFAIR PREJUDICE |
| DEANNA     | BYRD        | AFFAIR PREJUDICE |
| KIMBERLY   | LEE         | AFFAIR PREJUDICE |
| BEVERLY    | BROOKS      | AFFAIR PREJUDICE |
| JIMMY      | SCHRADER    | AFFAIR PREJUDICE |
| JANICE     | WARD        | AFFAIR PREJUDICE |
| RUBEN      | GEARY       | AFFAIR PREJUDICE |
| WALLACE    | SLONE       | AFFAIR PREJUDICE |
| OSCAR      | AQUINO      | AFFAIR PREJUDICE |
| JEROME     | KENYON      | AFFAIR PREJUDICE |
| CONNIE     | WALLACE     | AFRICAN EGG      |
| RICARDO    | MEADOR      | AFRICAN EGG      |
| BARRY      | LOVELACE    | AFRICAN EGG      |
| CASEY      | MENA        | AFRICAN EGG      |
| JOSHUA     | MARK        | AFRICAN EGG      |
| CURTIS     | IRBY        | AFRICAN EGG      |
| NORA       | HERRERA     | AFRICAN EGG      |
| AMY        | LOPEZ       | AFRICAN EGG      |
| ELAINE     | STEVENS     | AFRICAN EGG      |
| GILBERT    | SLEDGE      | AFRICAN EGG      |
| JOYCE      | EDWARDS     | AFRICAN EGG      |
| SETH       | HANNON      | AFRICAN EGG      |
| CLARENCE   | GAMEZ       | AGENT TRUMAN     |
| JANET      | PHILLIPS    | AGENT TRUMAN     |
| LESLIE     | SEWARD      | AGENT TRUMAN     |
| PERRY      | SWAFFORD    | AGENT TRUMAN     |
| IDA        | ANDREWS     | AGENT TRUMAN     |
| CATHERINE  | CAMPBELL    | AGENT TRUMAN     |
| TERRY      | GRISSOM     | AGENT TRUMAN     |
| BETTY      | WHITE       | AGENT TRUMAN     |
| ALAN       | KAHN        | AGENT TRUMAN     |
| ELIZABETH  | BROWN       | AGENT TRUMAN     |
| TONYA      | CHAPMAN     | AGENT TRUMAN     |
| TRACY      | COLE        | AGENT TRUMAN     |
| DIANE      | COLLINS     | AGENT TRUMAN     |
| CORY       | MEEHAN      | AGENT TRUMAN     |
| MAURICE    | CRAWLEY     | AGENT TRUMAN     |
| GINA       | WILLIAMSON  | AGENT TRUMAN     |
| ANTHONY    | SCHWAB      | AGENT TRUMAN     |
| CLINTON    | BUFORD      | AGENT TRUMAN     |
| KRISTIN    | JOHNSTON    | AGENT TRUMAN     |
| ROSEMARY   | SCHMIDT     | AGENT TRUMAN     |
| MARTHA     | GONZALEZ    | AGENT TRUMAN     |
| FRED       | WHEAT       | AIRPLANE SIERRA  |
| DEAN       | SAUER       | AIRPLANE SIERRA  |
| CRAIG      | MORRELL     | AIRPLANE SIERRA  |
+------------+-------------+------------------+
100 rows in set (0.0954 sec)
(i-search)`':

Microsoft Windows [Versión 10.0.26100.6725]
(c) Microsoft Corporation. Todos los derechos reservados.

C:\Users\raulr>mysqlsh
MySQL Shell 8.0.42

Copyright (c) 2016, 2025, Oracle and/or its affiliates.
Oracle is a registered trademark of Oracle Corporation and/or its affiliates.
Other names may be trademarks of their respective owners.

Type '\help' or '\?' for help; '\quit' to exit.
 MySQL  JS > mysql
<mysql>
 MySQL  JS > \mysql
Unknown command: '\mysql'
 MySQL  JS > \sql
Switching to SQL mode... Commands end with ;
 MySQL  SQL > \connect --mc root@localhost
Creating a Classic session to 'root@localhost'
Fetching global names for auto-completion... Press ^C to stop.
Your MySQL connection id is 10
Server version: 8.0.42 MySQL Community Server - GPL
No default schema selected; type \use <schema> to set one.
 MySQL  localhost:3306 ssl  SQL > use sakila
Default schema set to `sakila`.
Fetching global names, object names from `sakila` for auto-completion... Press ^C to stop.
 MySQL  localhost:3306 ssl  sakila  SQL > shoe tables;
ERROR: 1064 (42000): You have an error in your SQL syntax; check the manual that corresponds to your MySQL server version for the right syntax to use near 'shoe tables' at line 1
 MySQL  localhost:3306 ssl  sakila  SQL > show tables;
+----------------------------+
| Tables_in_sakila           |
+----------------------------+
| actor                      |
| actor_info                 |
| address                    |
| category                   |
| city                       |
| country                    |
| customer                   |
| customer_list              |
| film                       |
| film_actor                 |
| film_category              |
| film_list                  |
| film_text                  |
| inventory                  |
| language                   |
| nicer_but_slower_film_list |
| payment                    |
| rental                     |
| sales_by_film_category     |
| sales_by_store             |
| staff                      |
| staff_list                 |
| store                      |
+----------------------------+
23 rows in set (0.0040 sec)
 MySQL  localhost:3306 ssl  sakila  SQL > desc rental;
+--------------+--------------------+------+-----+-------------------+-----------------------------------------------+
| Field        | Type               | Null | Key | Default           | Extra                                         |
+--------------+--------------------+------+-----+-------------------+-----------------------------------------------+
| rental_id    | int                | NO   | PRI | NULL              | auto_increment                                |
| rental_date  | datetime           | NO   | MUL | NULL              |                                               |
| inventory_id | mediumint unsigned | NO   | MUL | NULL              |                                               |
| customer_id  | smallint unsigned  | NO   | MUL | NULL              |                                               |
| return_date  | datetime           | YES  |     | NULL              |                                               |
| staff_id     | tinyint unsigned   | NO   | MUL | NULL              |                                               |
| last_update  | timestamp          | NO   |     | CURRENT_TIMESTAMP | DEFAULT_GENERATED on update CURRENT_TIMESTAMP |
+--------------+--------------------+------+-----+-------------------+-----------------------------------------------+
7 rows in set (0.0031 sec)
 MySQL  localhost:3306 ssl  sakila  SQL > desc inventory;
+--------------+--------------------+------+-----+-------------------+-----------------------------------------------+
| Field        | Type               | Null | Key | Default           | Extra                                         |
+--------------+--------------------+------+-----+-------------------+-----------------------------------------------+
| inventory_id | mediumint unsigned | NO   | PRI | NULL              | auto_increment                                |
| film_id      | smallint unsigned  | NO   | MUL | NULL              |                                               |
| store_id     | tinyint unsigned   | NO   | MUL | NULL              |                                               |
| last_update  | timestamp          | NO   |     | CURRENT_TIMESTAMP | DEFAULT_GENERATED on update CURRENT_TIMESTAMP |
+--------------+--------------------+------+-----+-------------------+-----------------------------------------------+
4 rows in set (0.0029 sec)
 MySQL  localhost:3306 ssl  sakila  SQL > desc customer;
+-------------+-------------------+------+-----+-------------------+-----------------------------------------------+
| Field       | Type              | Null | Key | Default           | Extra                                         |
+-------------+-------------------+------+-----+-------------------+-----------------------------------------------+
| customer_id | smallint unsigned | NO   | PRI | NULL              | auto_increment                                |
| store_id    | tinyint unsigned  | NO   | MUL | NULL              |                                               |
| first_name  | varchar(45)       | NO   |     | NULL              |                                               |
| last_name   | varchar(45)       | NO   | MUL | NULL              |                                               |
| email       | varchar(50)       | YES  |     | NULL              |                                               |
| address_id  | smallint unsigned | NO   | MUL | NULL              |                                               |
| active      | tinyint(1)        | NO   |     | 1                 |                                               |
| create_date | datetime          | NO   |     | NULL              |                                               |
| last_update | timestamp         | YES  |     | CURRENT_TIMESTAMP | DEFAULT_GENERATED on update CURRENT_TIMESTAMP |
+-------------+-------------------+------+-----+-------------------+-----------------------------------------------+
9 rows in set (0.0026 sec)
 MySQL  localhost:3306 ssl  sakila  SQL > desc film;
+----------------------+---------------------------------------------------------------------+------+-----+-------------------+-----------------------------------------------+
| Field                | Type                                                                | Null | Key | Default           | Extra                                         |
+----------------------+---------------------------------------------------------------------+------+-----+-------------------+-----------------------------------------------+
| film_id              | smallint unsigned                                                   | NO   | PRI | NULL              | auto_increment                                |
| title                | varchar(128)                                                        | NO   | MUL | NULL              |                                               |
| description          | text                                                                | YES  |     | NULL              |                                               |
| release_year         | year                                                                | YES  |     | NULL              |                                               |
| language_id          | tinyint unsigned                                                    | NO   | MUL | NULL              |                                               |
| original_language_id | tinyint unsigned                                                    | YES  | MUL | NULL              |                                               |
| rental_duration      | tinyint unsigned                                                    | NO   |     | 3                 |                                               |
| rental_rate          | decimal(4,2)                                                        | NO   |     | 4.99              |                                               |
| length               | smallint unsigned                                                   | YES  |     | NULL              |                                               |
| replacement_cost     | decimal(5,2)                                                        | NO   |     | 19.99             |                                               |
| rating               | enum('G','PG','PG-13','R','NC-17')                                  | YES  |     | G                 |                                               |
| special_features     | set('Trailers','Commentaries','Deleted Scenes','Behind the Scenes') | YES  |     | NULL              |                                               |
| last_update          | timestamp                                                           | NO   |     | CURRENT_TIMESTAMP | DEFAULT_GENERATED on update CURRENT_TIMESTAMP |
+----------------------+---------------------------------------------------------------------+------+-----+-------------------+-----------------------------------------------+
13 rows in set (0.0024 sec)
 MySQL  localhost:3306 ssl  sakila  SQL > SELECT
                                       ->     c.first_name,
                                       ->     c.last_name,
                                       ->     f.title
                                       -> FROM
                                       ->     customer c
                                       -> INNER JOIN
                                       ->     rental r ON c.customer_id = r.customer_id
                                       -> INNER JOIN
                                       ->     inventory i ON r.inventory_id = i.inventory_id
                                       -> INNER JOIN
                                       ->     film f ON i.film_id = f.film_id
                                       -> ORDER BY
                                       ->     c.last_name, c.first_name, f.title limit 100;
+------------+-----------+-----------------------+
| first_name | last_name | title                 |
+------------+-----------+-----------------------+
| RAFAEL     | ABNEY     | BLACKOUT PRIVATE      |
| RAFAEL     | ABNEY     | CHOCOLAT HARRY        |
| RAFAEL     | ABNEY     | CLASH FREDDY          |
| RAFAEL     | ABNEY     | CONEHEADS SMOOCHY     |
| RAFAEL     | ABNEY     | CONQUERER NUTS        |
| RAFAEL     | ABNEY     | CONVERSATION DOWNHILL |
| RAFAEL     | ABNEY     | DOUBLE WRATH          |
| RAFAEL     | ABNEY     | FREDDY STORM          |
| RAFAEL     | ABNEY     | GOODFELLAS SALUTE     |
| RAFAEL     | ABNEY     | HOBBIT ALIEN          |
| RAFAEL     | ABNEY     | JUGGLER HARDLY        |
| RAFAEL     | ABNEY     | KARATE MOON           |
| RAFAEL     | ABNEY     | LEGALLY SECRETARY     |
| RAFAEL     | ABNEY     | MADNESS ATTACKS       |
| RAFAEL     | ABNEY     | NIGHTMARE CHILL       |
| RAFAEL     | ABNEY     | POCUS PULP            |
| RAFAEL     | ABNEY     | SAGEBRUSH CLUELESS    |
| RAFAEL     | ABNEY     | SHOCK CABIN           |
| RAFAEL     | ABNEY     | STRICTLY SCARFACE     |
| RAFAEL     | ABNEY     | TRADING PINOCCHIO     |
| RAFAEL     | ABNEY     | WANDA CHAMBER         |
| NATHANIEL  | ADAM      | AMADEUS HOLY          |
| NATHANIEL  | ADAM      | ANALYZE HOOSIERS      |
| NATHANIEL  | ADAM      | BOOGIE AMELIE         |
| NATHANIEL  | ADAM      | CHASING FIGHT         |
| NATHANIEL  | ADAM      | DANCING FEVER         |
| NATHANIEL  | ADAM      | DIVORCE SHINING       |
| NATHANIEL  | ADAM      | ENDING CROWDS         |
| NATHANIEL  | ADAM      | FREDDY STORM          |
| NATHANIEL  | ADAM      | GATHERING CALENDAR    |
| NATHANIEL  | ADAM      | GUYS FALCON           |
| NATHANIEL  | ADAM      | HANGING DEEP          |
| NATHANIEL  | ADAM      | JASON TRAP            |
| NATHANIEL  | ADAM      | KISS GLORY            |
| NATHANIEL  | ADAM      | LUST LOCK             |
| NATHANIEL  | ADAM      | MENAGERIE RUSHMORE    |
| NATHANIEL  | ADAM      | NEMO CAMPUS           |
| NATHANIEL  | ADAM      | NOON PAPI             |
| NATHANIEL  | ADAM      | ORIENT CLOSER         |
| NATHANIEL  | ADAM      | POSEIDON FOREVER      |
| NATHANIEL  | ADAM      | ROCKY WAR             |
| NATHANIEL  | ADAM      | SHEPHERD MIDSUMMER    |
| NATHANIEL  | ADAM      | SLEUTH ORIENT         |
| NATHANIEL  | ADAM      | SOMETHING DUCK        |
| NATHANIEL  | ADAM      | STRANGERS GRAFFITI    |
| NATHANIEL  | ADAM      | TIGHTS DAWN           |
| NATHANIEL  | ADAM      | TRAMP OTHERS          |
| NATHANIEL  | ADAM      | WAR NOTTING           |
| NATHANIEL  | ADAM      | WARDROBE PHANTOM      |
| KATHLEEN   | ADAMS     | ALONE TRIP            |
| KATHLEEN   | ADAMS     | AMADEUS HOLY          |
| KATHLEEN   | ADAMS     | BETRAYED REAR         |
| KATHLEEN   | ADAMS     | BOOGIE AMELIE         |
| KATHLEEN   | ADAMS     | CHRISTMAS MOONSHINE   |
| KATHLEEN   | ADAMS     | DOGMA FAMILY          |
| KATHLEEN   | ADAMS     | GO PURPLE             |
| KATHLEEN   | ADAMS     | HEDWIG ALTER          |
| KATHLEEN   | ADAMS     | INSIDER ARIZONA       |
| KATHLEEN   | ADAMS     | INSIDER ARIZONA       |
| KATHLEEN   | ADAMS     | LEAGUE HELLFIGHTERS   |
| KATHLEEN   | ADAMS     | MEMENTO ZOOLANDER     |
| KATHLEEN   | ADAMS     | NETWORK PEAK          |
| KATHLEEN   | ADAMS     | ORANGE GRAPES         |
| KATHLEEN   | ADAMS     | PIANIST OUTFIELD      |
| KATHLEEN   | ADAMS     | ROOM ROMAN            |
| KATHLEEN   | ADAMS     | ROSES TREASURE        |
| KATHLEEN   | ADAMS     | SEABISCUIT PUNK       |
| KATHLEEN   | ADAMS     | SLING LUKE            |
| KATHLEEN   | ADAMS     | SPY MILE              |
| KATHLEEN   | ADAMS     | STEEL SANTA           |
| KATHLEEN   | ADAMS     | SUNDANCE INVASION     |
| KATHLEEN   | ADAMS     | SWARM GOLD            |
| KATHLEEN   | ADAMS     | TREATMENT JEKYLL      |
| KATHLEEN   | ADAMS     | WASH HEAVENLY         |
| KATHLEEN   | ADAMS     | WOMEN DORADO          |
| KATHLEEN   | ADAMS     | WRONG BEHAVIOR        |
| DIANA      | ALEXANDER | AIRPORT POLLOCK       |
| DIANA      | ALEXANDER | ANGELS LIFE           |
| DIANA      | ALEXANDER | BRANNIGAN SUNRISE     |
| DIANA      | ALEXANDER | BRIGHT ENCOUNTERS     |
| DIANA      | ALEXANDER | DRACULA CRYSTAL       |
| DIANA      | ALEXANDER | FURY MURDER           |
| DIANA      | ALEXANDER | GENTLEMEN STAGE       |
| DIANA      | ALEXANDER | INFORMER DOUBLE       |
| DIANA      | ALEXANDER | JASON TRAP            |
| DIANA      | ALEXANDER | JAWS HARRY            |
| DIANA      | ALEXANDER | JEOPARDY ENCINO       |
| DIANA      | ALEXANDER | LEAGUE HELLFIGHTERS   |
| DIANA      | ALEXANDER | MIDSUMMER GROUNDHOG   |
| DIANA      | ALEXANDER | MULHOLLAND BEAST      |
| DIANA      | ALEXANDER | NOTTING SPEAKEASY     |
| DIANA      | ALEXANDER | OZ LIAISONS           |
| DIANA      | ALEXANDER | PANKY SUBMARINE       |
| DIANA      | ALEXANDER | PEAK FOREVER          |
| DIANA      | ALEXANDER | POCUS PULP            |
| DIANA      | ALEXANDER | REBEL AIRPORT         |
| DIANA      | ALEXANDER | ROXANNE REBEL         |
| DIANA      | ALEXANDER | RUSH GOODFELLAS       |
| DIANA      | ALEXANDER | SHAKESPEARE SADDLE    |
| DIANA      | ALEXANDER | SHOW LORD             |
+------------+-----------+-----------------------+
100 rows in set (0.1274 sec)
 MySQL  localhost:3306 ssl  sakila  SQL > SELECT
                                       ->                                        ->     c.first_name,
                                       ->                                        ->     c.last_name,
                                       ->                                        ->     f.title
                                       ->                                        -> FROM
                                       ->                                        ->     customer c
                                       ->                                        -> INNER JOIN
                                       ->                                        ->     rental r ON c.customer_id = r.customer_id
                                       ->                                        -> INNER JOIN
                                       ->                                        ->     inventory i ON r.inventory_id = i.inventory_id
                                       ->                                        -> INNER JOIN
                                       ->                                        ->     film f ON i.film_id = f.film_id
                                       ->                                        -> ORDER BY
                                       ->
                                       -> ;
ERROR: 1064 (42000): You have an error in your SQL syntax; check the manual that corresponds to your MySQL server version for the right syntax to use near '->     c.first_name,
                                       ->     c.last_name,
' at line 2
 MySQL  localhost:3306 ssl  sakila  SQL > show tables;
+----------------------------+
| Tables_in_sakila           |
+----------------------------+
| actor                      |
| actor_info                 |
| address                    |
| category                   |
| city                       |
| country                    |
| customer                   |
| customer_list              |
| film                       |
| film_actor                 |
| film_category              |
| film_list                  |
| film_text                  |
| inventory                  |
| language                   |
| nicer_but_slower_film_list |
| payment                    |
| rental                     |
| sales_by_film_category     |
| sales_by_store             |
| staff                      |
| staff_list                 |
| store                      |
+----------------------------+
23 rows in set (0.0029 sec)
 MySQL  localhost:3306 ssl  sakila  SQL > desc store;
+------------------+-------------------+------+-----+-------------------+-----------------------------------------------+
| Field            | Type              | Null | Key | Default           | Extra                                         |
+------------------+-------------------+------+-----+-------------------+-----------------------------------------------+
| store_id         | tinyint unsigned  | NO   | PRI | NULL              | auto_increment                                |
| manager_staff_id | tinyint unsigned  | NO   | UNI | NULL              |                                               |
| address_id       | smallint unsigned | NO   | MUL | NULL              |                                               |
| last_update      | timestamp         | NO   |     | CURRENT_TIMESTAMP | DEFAULT_GENERATED on update CURRENT_TIMESTAMP |
+------------------+-------------------+------+-----+-------------------+-----------------------------------------------+
4 rows in set (0.0263 sec)
 MySQL  localhost:3306 ssl  sakila  SQL > desc inventoryl
                                       -> ;
ERROR: 1146 (42S02): Table 'sakila.inventoryl' doesn't exist
 MySQL  localhost:3306 ssl  sakila  SQL > desc inventory;
+--------------+--------------------+------+-----+-------------------+-----------------------------------------------+
| Field        | Type               | Null | Key | Default           | Extra                                         |
+--------------+--------------------+------+-----+-------------------+-----------------------------------------------+
| inventory_id | mediumint unsigned | NO   | PRI | NULL              | auto_increment                                |
| film_id      | smallint unsigned  | NO   | MUL | NULL              |                                               |
| store_id     | tinyint unsigned   | NO   | MUL | NULL              |                                               |
| last_update  | timestamp          | NO   |     | CURRENT_TIMESTAMP | DEFAULT_GENERATED on update CURRENT_TIMESTAMP |
+--------------+--------------------+------+-----+-------------------+-----------------------------------------------+
4 rows in set (0.0020 sec)
 MySQL  localhost:3306 ssl  sakila  SQL > desc film;
+----------------------+---------------------------------------------------------------------+------+-----+-------------------+-----------------------------------------------+
| Field                | Type                                                                | Null | Key | Default           | Extra                                         |
+----------------------+---------------------------------------------------------------------+------+-----+-------------------+-----------------------------------------------+
| film_id              | smallint unsigned                                                   | NO   | PRI | NULL              | auto_increment                                |
| title                | varchar(128)                                                        | NO   | MUL | NULL              |                                               |
| description          | text                                                                | YES  |     | NULL              |                                               |
| release_year         | year                                                                | YES  |     | NULL              |                                               |
| language_id          | tinyint unsigned                                                    | NO   | MUL | NULL              |                                               |
| original_language_id | tinyint unsigned                                                    | YES  | MUL | NULL              |                                               |
| rental_duration      | tinyint unsigned                                                    | NO   |     | 3                 |                                               |
| rental_rate          | decimal(4,2)                                                        | NO   |     | 4.99              |                                               |
| length               | smallint unsigned                                                   | YES  |     | NULL              |                                               |
| replacement_cost     | decimal(5,2)                                                        | NO   |     | 19.99             |                                               |
| rating               | enum('G','PG','PG-13','R','NC-17')                                  | YES  |     | G                 |                                               |
| special_features     | set('Trailers','Commentaries','Deleted Scenes','Behind the Scenes') | YES  |     | NULL              |                                               |
| last_update          | timestamp                                                           | NO   |     | CURRENT_TIMESTAMP | DEFAULT_GENERATED on update CURRENT_TIMESTAMP |
+----------------------+---------------------------------------------------------------------+------+-----+-------------------+-----------------------------------------------+
13 rows in set (0.0028 sec)
 MySQL  localhost:3306 ssl  sakila  SQL > SELECT
                                       ->     i.store_id,
                                       ->     f.title
                                       -> FROM
                                       ->     inventory i
                                       -> INNER JOIN
                                       ->     film f ON i.film_id = f.film_id
                                       -> ORDER BY
                                       ->     i.store_id, f.title limit 100;
+----------+-----------------------------+
| store_id | title                       |
+----------+-----------------------------+
|        1 | ACADEMY DINOSAUR            |
|        1 | ACADEMY DINOSAUR            |
|        1 | ACADEMY DINOSAUR            |
|        1 | ACADEMY DINOSAUR            |
|        1 | AFFAIR PREJUDICE            |
|        1 | AFFAIR PREJUDICE            |
|        1 | AFFAIR PREJUDICE            |
|        1 | AFFAIR PREJUDICE            |
|        1 | AGENT TRUMAN                |
|        1 | AGENT TRUMAN                |
|        1 | AGENT TRUMAN                |
|        1 | AIRPLANE SIERRA             |
|        1 | AIRPLANE SIERRA             |
|        1 | ALABAMA DEVIL               |
|        1 | ALABAMA DEVIL               |
|        1 | ALABAMA DEVIL               |
|        1 | ALADDIN CALENDAR            |
|        1 | ALADDIN CALENDAR            |
|        1 | ALADDIN CALENDAR            |
|        1 | ALADDIN CALENDAR            |
|        1 | ALAMO VIDEOTAPE             |
|        1 | ALAMO VIDEOTAPE             |
|        1 | ALAMO VIDEOTAPE             |
|        1 | ALAMO VIDEOTAPE             |
|        1 | ALASKA PHANTOM              |
|        1 | ALASKA PHANTOM              |
|        1 | ALASKA PHANTOM              |
|        1 | ALIEN CENTER                |
|        1 | ALIEN CENTER                |
|        1 | ALLEY EVOLUTION             |
|        1 | ALLEY EVOLUTION             |
|        1 | ALONE TRIP                  |
|        1 | ALONE TRIP                  |
|        1 | ALONE TRIP                  |
|        1 | ALTER VICTORY               |
|        1 | ALTER VICTORY               |
|        1 | ALTER VICTORY               |
|        1 | AMADEUS HOLY                |
|        1 | AMADEUS HOLY                |
|        1 | AMADEUS HOLY                |
|        1 | AMADEUS HOLY                |
|        1 | AMELIE HELLFIGHTERS         |
|        1 | AMELIE HELLFIGHTERS         |
|        1 | AMELIE HELLFIGHTERS         |
|        1 | AMERICAN CIRCUS             |
|        1 | AMERICAN CIRCUS             |
|        1 | AMISTAD MIDSUMMER           |
|        1 | AMISTAD MIDSUMMER           |
|        1 | AMISTAD MIDSUMMER           |
|        1 | AMISTAD MIDSUMMER           |
|        1 | ANACONDA CONFESSIONS        |
|        1 | ANACONDA CONFESSIONS        |
|        1 | ANACONDA CONFESSIONS        |
|        1 | ANALYZE HOOSIERS            |
|        1 | ANALYZE HOOSIERS            |
|        1 | ANALYZE HOOSIERS            |
|        1 | ANALYZE HOOSIERS            |
|        1 | ANGELS LIFE                 |
|        1 | ANGELS LIFE                 |
|        1 | ANGELS LIFE                 |
|        1 | ANGELS LIFE                 |
|        1 | ANNIE IDENTITY              |
|        1 | ANNIE IDENTITY              |
|        1 | ANONYMOUS HUMAN             |
|        1 | ANONYMOUS HUMAN             |
|        1 | ANONYMOUS HUMAN             |
|        1 | ANONYMOUS HUMAN             |
|        1 | ANTHEM LUKE                 |
|        1 | ANTHEM LUKE                 |
|        1 | ANTHEM LUKE                 |
|        1 | ANTITRUST TOMATOES          |
|        1 | ANTITRUST TOMATOES          |
|        1 | ANYTHING SAVANNAH           |
|        1 | ANYTHING SAVANNAH           |
|        1 | APACHE DIVINE               |
|        1 | APACHE DIVINE               |
|        1 | APACHE DIVINE               |
|        1 | APACHE DIVINE               |
|        1 | ARACHNOPHOBIA ROLLERCOASTER |
|        1 | ARACHNOPHOBIA ROLLERCOASTER |
|        1 | ARACHNOPHOBIA ROLLERCOASTER |
|        1 | ARACHNOPHOBIA ROLLERCOASTER |
|        1 | ARIZONA BANG                |
|        1 | ARIZONA BANG                |
|        1 | ARIZONA BANG                |
|        1 | ARIZONA BANG                |
|        1 | ARMAGEDDON LOST             |
|        1 | ARMAGEDDON LOST             |
|        1 | ARMAGEDDON LOST             |
|        1 | ATLANTIS CAUSE              |
|        1 | ATLANTIS CAUSE              |
|        1 | ATLANTIS CAUSE              |
|        1 | ATTACKS HATE                |
|        1 | ATTACKS HATE                |
|        1 | ATTRACTION NEWTON           |
|        1 | ATTRACTION NEWTON           |
|        1 | ATTRACTION NEWTON           |
|        1 | ATTRACTION NEWTON           |
|        1 | BACKLASH UNDEFEATED         |
|        1 | BACKLASH UNDEFEATED         |
+----------+-----------------------------+
100 rows in set (0.0121 sec)
 MySQL  localhost:3306 ssl  sakila  SQL > desc staff;
+-------------+-------------------+------+-----+-------------------+-----------------------------------------------+
| Field       | Type              | Null | Key | Default           | Extra                                         |
+-------------+-------------------+------+-----+-------------------+-----------------------------------------------+
| staff_id    | tinyint unsigned  | NO   | PRI | NULL              | auto_increment                                |
| first_name  | varchar(45)       | NO   |     | NULL              |                                               |
| last_name   | varchar(45)       | NO   |     | NULL              |                                               |
| address_id  | smallint unsigned | NO   | MUL | NULL              |                                               |
| picture     | blob              | YES  |     | NULL              |                                               |
| email       | varchar(50)       | YES  |     | NULL              |                                               |
| store_id    | tinyint unsigned  | NO   | MUL | NULL              |                                               |
| active      | tinyint(1)        | NO   |     | 1                 |                                               |
| username    | varchar(16)       | NO   |     | NULL              |                                               |
| password    | varchar(40)       | YES  |     | NULL              |                                               |
| last_update | timestamp         | NO   |     | CURRENT_TIMESTAMP | DEFAULT_GENERATED on update CURRENT_TIMESTAMP |
+-------------+-------------------+------+-----+-------------------+-----------------------------------------------+
11 rows in set (0.0029 sec)
 MySQL  localhost:3306 ssl  sakila  SQL > SELECT
                                       ->     c.first_name,
                                       ->     c.last_name,
                                       ->     f.title,
                                       ->     r.rental_date,
                                       ->     s.first_name,
                                       ->     s.last_name
                                       -> FROM
                                       ->     rental r
                                       -> INNER JOIN
                                       ->     customer c ON r.customer_id = c.customer_id
                                       -> INNER JOIN
                                       ->     inventory i ON r.inventory_id = i.inventory_id
                                       -> INNER JOIN
                                       ->     film f ON i.film_id = f.film_id
                                       -> INNER JOIN
                                       ->     staff s ON r.staff_id = s.staff_id
                                       -> ORDER BY
                                       ->     r.rental_date DESC limit 100;
+------------+------------+------------------------+---------------------+------------+-----------+
| first_name | last_name  | title                  | rental_date         | first_name | last_name |
+------------+------------+------------------------+---------------------+------------+-----------+
| CAROLYN    | PEREZ      | TORQUE BOUND           | 2006-02-14 15:16:03 | Jon        | Stephens  |
| MORRIS     | MCCARTER   | TITANIC BOONDOCK       | 2006-02-14 15:16:03 | Jon        | Stephens  |
| CLAUDIA    | FULLER     | ENCINO ELF             | 2006-02-14 15:16:03 | Mike       | Hillyer   |
| BRANDON    | HUEY       | ACE GOLDFINGER         | 2006-02-14 15:16:03 | Mike       | Hillyer   |
| LISA       | ANDERSON   | BULL SHAWSHANK         | 2006-02-14 15:16:03 | Jon        | Stephens  |
| SETH       | HANNON     | AFRICAN EGG            | 2006-02-14 15:16:03 | Jon        | Stephens  |
| MIGUEL     | BETANCOURT | STATE WASTELAND        | 2006-02-14 15:16:03 | Jon        | Stephens  |
| ANNA       | HILL       | BOULEVARD MOB          | 2006-02-14 15:16:03 | Jon        | Stephens  |
| KYLE       | SPURLOCK   | DANCES NONE            | 2006-02-14 15:16:03 | Mike       | Hillyer   |
| RAFAEL     | ABNEY      | CONVERSATION DOWNHILL  | 2006-02-14 15:16:03 | Jon        | Stephens  |
| HILDA      | HOPKINS    | EARTH VISION           | 2006-02-14 15:16:03 | Jon        | Stephens  |
| LAWRENCE   | LAWTON     | HALF OUTFIELD          | 2006-02-14 15:16:03 | Mike       | Hillyer   |
| BILL       | GAVIN      | GLEAMING JAWBREAKER    | 2006-02-14 15:16:03 | Mike       | Hillyer   |
| WANDA      | PATTERSON  | DOORS PRESIDENT        | 2006-02-14 15:16:03 | Jon        | Stephens  |
| CURTIS     | IRBY       | GORGEOUS BINGO         | 2006-02-14 15:16:03 | Jon        | Stephens  |
| GARY       | COY        | CHITTY LOCK            | 2006-02-14 15:16:03 | Jon        | Stephens  |
| LEE        | HAWKS      | DETECTIVE VISION       | 2006-02-14 15:16:03 | Mike       | Hillyer   |
| WILLIE     | HOWELL     | TITANS JERK            | 2006-02-14 15:16:03 | Jon        | Stephens  |
| FRED       | WHEAT      | SWEETHEARTS SUSPECTS   | 2006-02-14 15:16:03 | Jon        | Stephens  |
| ENRIQUE    | FORSYTHE   | GUNFIGHT MOON          | 2006-02-14 15:16:03 | Mike       | Hillyer   |
| LOIS       | BUTLER     | BUBBLE GROSSE          | 2006-02-14 15:16:03 | Jon        | Stephens  |
| STACEY     | MONTGOMERY | DETAILS PACKER         | 2006-02-14 15:16:03 | Mike       | Hillyer   |
| EMILY      | DIAZ       | CONNECTION MICROCOSMOS | 2006-02-14 15:16:03 | Mike       | Hillyer   |
| LOUISE     | JENKINS    | FRISCO FORREST         | 2006-02-14 15:16:03 | Mike       | Hillyer   |
| SERGIO     | STANFIELD  | CAMELOT VACATION       | 2006-02-14 15:16:03 | Mike       | Hillyer   |
| DIANNE     | SHELTON    | CAT CONEHEADS          | 2006-02-14 15:16:03 | Mike       | Hillyer   |
| TERRY      | GRISSOM    | FAMILY SWEET           | 2006-02-14 15:16:03 | Mike       | Hillyer   |
| TRACY      | COLE       | ALI FOREVER            | 2006-02-14 15:16:03 | Mike       | Hillyer   |
| CATHY      | SPENCER    | HOLES BRANNIGAN        | 2006-02-14 15:16:03 | Mike       | Hillyer   |
| DARYL      | LARUE      | STREAK RIDGEMONT       | 2006-02-14 15:16:03 | Jon        | Stephens  |
| BARRY      | LOVELACE   | CREATURES SHAKESPEARE  | 2006-02-14 15:16:03 | Mike       | Hillyer   |
| MATTIE     | HOFFMAN    | DRIFTER COMMANDMENTS   | 2006-02-14 15:16:03 | Jon        | Stephens  |
| MILDRED    | BAILEY     | CHAMBER ITALIAN        | 2006-02-14 15:16:03 | Jon        | Stephens  |
| DUSTIN     | GILLETTE   | CROOKED FROGMEN        | 2006-02-14 15:16:03 | Mike       | Hillyer   |
| BETH       | FRANKLIN   | BAKED CLEOPATRA        | 2006-02-14 15:16:03 | Jon        | Stephens  |
| BILL       | GAVIN      | CLEOPATRA DEVIL        | 2006-02-14 15:16:03 | Jon        | Stephens  |
| NORMAN     | CURRIER    | HARRY IDAHO            | 2006-02-14 15:16:03 | Jon        | Stephens  |
| JULIE      | SANCHEZ    | TRADING PINOCCHIO      | 2006-02-14 15:16:03 | Jon        | Stephens  |
| ALBERTO    | HENNING    | VANISHING ROCKY        | 2006-02-14 15:16:03 | Jon        | Stephens  |
| LEONARD    | SCHOFIELD  | FIGHT JAWBREAKER       | 2006-02-14 15:16:03 | Jon        | Stephens  |
| SCOTT      | SHELLEY    | GRAIL FRANKENSTEIN     | 2006-02-14 15:16:03 | Mike       | Hillyer   |
| WILLIE     | MARKHAM    | CENTER DINOSAUR        | 2006-02-14 15:16:03 | Mike       | Hillyer   |
| BETTY      | WHITE      | GROUNDHOG UNCUT        | 2006-02-14 15:16:03 | Jon        | Stephens  |
| MELVIN     | ELLINGTON  | BASIC EASY             | 2006-02-14 15:16:03 | Jon        | Stephens  |
| ANNETTE    | OLSON      | DEER VIRGINIAN         | 2006-02-14 15:16:03 | Mike       | Hillyer   |
| FLORENCE   | WOODS      | CLUB GRAFFITI          | 2006-02-14 15:16:03 | Mike       | Hillyer   |
| JEANETTE   | GREENE     | EFFECT GLADIATOR       | 2006-02-14 15:16:03 | Jon        | Stephens  |
| SARAH      | LEWIS      | DIVINE RESURRECTION    | 2006-02-14 15:16:03 | Mike       | Hillyer   |
| JERRY      | JORDON     | GUNFIGHT MOON          | 2006-02-14 15:16:03 | Mike       | Hillyer   |
| ALLISON    | STANLEY    | CYCLONE FAMILY         | 2006-02-14 15:16:03 | Jon        | Stephens  |
| CHRIS      | BROTHERS   | CINCINATTI WHISPERER   | 2006-02-14 15:16:03 | Mike       | Hillyer   |
| ANDY       | VANHORN    | TUXEDO MILE            | 2006-02-14 15:16:03 | Jon        | Stephens  |
| MARION     | SNYDER     | FORRESTER COMANCHEROS  | 2006-02-14 15:16:03 | Jon        | Stephens  |
| ELIZABETH  | BROWN      | GABLES METROPOLIS      | 2006-02-14 15:16:03 | Jon        | Stephens  |
| LOUIS      | LEONE      | ZHIVAGO CORE           | 2006-02-14 15:16:03 | Jon        | Stephens  |
| ALLAN      | CORNISH    | SUNDANCE INVASION      | 2006-02-14 15:16:03 | Jon        | Stephens  |
| PEGGY      | MYERS      | CLUB GRAFFITI          | 2006-02-14 15:16:03 | Mike       | Hillyer   |
| MARGARET   | MOORE      | DEEP CRUSADE           | 2006-02-14 15:16:03 | Mike       | Hillyer   |
| JUSTIN     | NGO        | TROJAN TOMORROW        | 2006-02-14 15:16:03 | Jon        | Stephens  |
| SONIA      | GREGORY    | FRIDA SLIPPER          | 2006-02-14 15:16:03 | Jon        | Stephens  |
| GAIL       | KNIGHT     | CHASING FIGHT          | 2006-02-14 15:16:03 | Mike       | Hillyer   |
| JUDITH     | COX        | DOORS PRESIDENT        | 2006-02-14 15:16:03 | Jon        | Stephens  |
| CARMEN     | OWENS      | AFFAIR PREJUDICE       | 2006-02-14 15:16:03 | Mike       | Hillyer   |
| GUY        | BROWNLEE   | ENOUGH RAGING          | 2006-02-14 15:16:03 | Jon        | Stephens  |
| MILDRED    | BAILEY     | BOOGIE AMELIE          | 2006-02-14 15:16:03 | Jon        | Stephens  |
| EDWARD     | BAUGH      | ARMAGEDDON LOST        | 2006-02-14 15:16:03 | Jon        | Stephens  |
| JESSIE     | BANKS      | DANCES NONE            | 2006-02-14 15:16:03 | Mike       | Hillyer   |
| TYLER      | WREN       | BLANKET BEVERLY        | 2006-02-14 15:16:03 | Jon        | Stephens  |
| ROLAND     | SOUTH      | SUIT WALLS             | 2006-02-14 15:16:03 | Jon        | Stephens  |
| ANA        | BRADLEY    | HAPPINESS UNITED       | 2006-02-14 15:16:03 | Mike       | Hillyer   |
| COURTNEY   | DAY        | DRIVER ANNIE           | 2006-02-14 15:16:03 | Jon        | Stephens  |
| TAMMY      | SANDERS    | TROUBLE DATE           | 2006-02-14 15:16:03 | Jon        | Stephens  |
| ROBIN      | HAYES      | BOUND CHEAPER          | 2006-02-14 15:16:03 | Jon        | Stephens  |
| JOE        | GILLILAND  | AMISTAD MIDSUMMER      | 2006-02-14 15:16:03 | Mike       | Hillyer   |
| PERRY      | SWAFFORD   | DEVIL DESIRE           | 2006-02-14 15:16:03 | Jon        | Stephens  |
| GWENDOLYN  | MAY        | FLYING HOOK            | 2006-02-14 15:16:03 | Mike       | Hillyer   |
| CHRISTIAN  | JUNG       | HALF OUTFIELD          | 2006-02-14 15:16:03 | Mike       | Hillyer   |
| LUCY       | WHEELER    | CURTAIN VIDEOTAPE      | 2006-02-14 15:16:03 | Jon        | Stephens  |
| MARIO      | CHEATHAM   | EAGLES PANKY           | 2006-02-14 15:16:03 | Jon        | Stephens  |
| ZACHARY    | HITE       | FROST HEAD             | 2006-02-14 15:16:03 | Mike       | Hillyer   |
| NATALIE    | MEYER      | WOMEN DORADO           | 2006-02-14 15:16:03 | Jon        | Stephens  |
| MIGUEL     | BETANCOURT | FAMILY SWEET           | 2006-02-14 15:16:03 | Jon        | Stephens  |
| MARIE      | TURNER     | AMERICAN CIRCUS        | 2006-02-14 15:16:03 | Jon        | Stephens  |
| ELMER      | NOE        | FALCON VOLUME          | 2006-02-14 15:16:03 | Jon        | Stephens  |
| LAURIE     | LAWRENCE   | HAUNTED ANTITRUST      | 2006-02-14 15:16:03 | Jon        | Stephens  |
| ALLISON    | STANLEY    | GRAPES FURY            | 2006-02-14 15:16:03 | Mike       | Hillyer   |
| ALBERT     | CROUSE     | VARSITY TRIP           | 2006-02-14 15:16:03 | Jon        | Stephens  |
| GINA       | WILLIAMSON | BANG KWAI              | 2006-02-14 15:16:03 | Jon        | Stephens  |
| ANGELA     | HERNANDEZ  | CANYON STOCK           | 2006-02-14 15:16:03 | Jon        | Stephens  |
| SONIA      | GREGORY    | BERETS AGENT           | 2006-02-14 15:16:03 | Mike       | Hillyer   |
| FLORENCE   | WOODS      | BLADE POLISH           | 2006-02-14 15:16:03 | Mike       | Hillyer   |
| MICHELLE   | CLARK      | DWARFS ALTER           | 2006-02-14 15:16:03 | Jon        | Stephens  |
| GRACE      | ELLIS      | DRAGONFLY STRANGERS    | 2006-02-14 15:16:03 | Jon        | Stephens  |
| HELEN      | HARRIS     | CANDIDATE PERDITION    | 2006-02-14 15:16:03 | Jon        | Stephens  |
| MILTON     | HOWLAND    | DISCIPLE MOTHER        | 2006-02-14 15:16:03 | Jon        | Stephens  |
| MARCIA     | DEAN       | ALONE TRIP             | 2006-02-14 15:16:03 | Jon        | Stephens  |
| IVAN       | CROMWELL   | CREATURES SHAKESPEARE  | 2006-02-14 15:16:03 | Jon        | Stephens  |
| CECIL      | VINES      | AMADEUS HOLY           | 2006-02-14 15:16:03 | Mike       | Hillyer   |
| YOLANDA    | WEAVER     | DAY UNFAITHFUL         | 2006-02-14 15:16:03 | Jon        | Stephens  |
| FREDDIE    | DUGGAN     | GHOST GROUNDHOG        | 2006-02-14 15:16:03 | Jon        | Stephens  |
+------------+------------+------------------------+---------------------+------------+-----------+
100 rows in set (0.3854 sec)
 MySQL  localhost:3306 ssl  sakila  SQL >