Microsoft Windows [Versión 10.0.26100.6584]
(c) Microsoft Corporation. Todos los derechos reservados.

C:\Users\raulr>mysqlsh
MySQL Shell 8.0.42

Copyright (c) 2016, 2025, Oracle and/or its affiliates.
Oracle is a registered trademark of Oracle Corporation and/or its affiliates.
Other names may be trademarks of their respective owners.

Type '\help' or '\?' for help; '\quit' to exit.
 MySQL  JS > \connect --mc root@localhost
Creating a Classic session to 'root@localhost'
Fetching schema names for auto-completion... Press ^C to stop.
Your MySQL connection id is 8
Server version: 8.0.42 MySQL Community Server - GPL
No default schema selected; type \use <schema> to set one.
 MySQL  localhost:3306 ssl  JS > \sql
Switching to SQL mode... Commands end with ;
Fetching global names for auto-completion... Press ^C to stop.
 MySQL  localhost:3306 ssl  SQL > use tbd2;
Default schema set to `tbd2`.
Fetching global names, object names from `tbd2` for auto-completion... Press ^C to stop.
 MySQL  localhost:3306 ssl  tbd2  SQL > show tables;
+----------------+
| Tables_in_tbd2 |
+----------------+
| asignatura     |
| cliente        |
| detallehorario |
| estudiante     |
| horario        |
| producto       |
| venta          |
| ventadetalle   |
+----------------+
8 rows in set (0.0031 sec)
 MySQL  localhost:3306 ssl  tbd2  SQL > select * from estudiante;
+--------------+-----------------+------------+
| idestudiante | nombre          | fecha_nac  |
+--------------+-----------------+------------+
|            2 | michelle tellez | 2003-10-12 |
|            3 | sdfdfg          | 2001-12-12 |
|           10 | Luis Rivas      | 2003-12-29 |
+--------------+-----------------+------------+
3 rows in set (0.0596 sec)
 MySQL  localhost:3306 ssl  tbd2  SQL > select * from horariodetalle;
ERROR: 1146 (42S02): Table 'tbd2.horariodetalle' doesn't exist
 MySQL  localhost:3306 ssl  tbd2  SQL > select * from detallehorario;
+------------------+-----------+--------------+
| iddetallehorario | idhorario | idasignatura |
+------------------+-----------+--------------+
|                1 |         5 |            2 |
|                2 |         2 |            1 |
|                3 |         3 |            1 |
|                4 |         3 |            4 |
|                5 |         5 |            5 |
+------------------+-----------+--------------+
5 rows in set (0.0425 sec)
 MySQL  localhost:3306 ssl  tbd2  SQL > select * from asignatura;
+--------------+--------------------------+----------+
| idasignatura | nombre                   | creditos |
+--------------+--------------------------+----------+
|            1 | Ecuaciones Diferenciales |        5 |
|            2 | Programacion Web         |        5 |
|            3 | Base de Datos            |        5 |
|            4 | Quimica                  |        3 |
|            5 | Fisica                   |        1 |
+--------------+--------------------------+----------+
5 rows in set (0.0420 sec)
 MySQL  localhost:3306 ssl  tbd2  SQL > show create table horario;
+---------+-----------------------------------------------------------------------------------------------------------------------------------------------------------------------------------------------------------------------------------------------------------------------------------------------------------------------------------------------------------------------------------------------------+
| Table   | Create Table                                                                                                                                                                                                                                                                                                                                                                                        |
+---------+-----------------------------------------------------------------------------------------------------------------------------------------------------------------------------------------------------------------------------------------------------------------------------------------------------------------------------------------------------------------------------------------------------+
| horario | CREATE TABLE `horario` (
  `idhorario` int NOT NULL AUTO_INCREMENT,
  `idestudiante` int NOT NULL,
  PRIMARY KEY (`idhorario`),
  KEY `idestudiante` (`idestudiante`),
  CONSTRAINT `horario_ibfk_1` FOREIGN KEY (`idestudiante`) REFERENCES `estudiante` (`idestudiante`) ON DELETE RESTRICT ON UPDATE CASCADE
) ENGINE=InnoDB AUTO_INCREMENT=6 DEFAULT CHARSET=utf8mb4 COLLATE=utf8mb4_0900_ai_ci |
+---------+-----------------------------------------------------------------------------------------------------------------------------------------------------------------------------------------------------------------------------------------------------------------------------------------------------------------------------------------------------------------------------------------------------+
1 row in set (0.0242 sec)
 MySQL  localhost:3306 ssl  tbd2  SQL > alter table horario drop constraint horario_ibfk_1;
Query OK, 0 rows affected (0.0779 sec)

Records: 0  Duplicates: 0  Warnings: 0
 MySQL  localhost:3306 ssl  tbd2  SQL > alter table horario add constraint foreign key (idestudiante) references estudiante(idestudiante) on delete restrict ;
Query OK, 3 rows affected (0.1311 sec)

Records: 3  Duplicates: 0  Warnings: 0
 MySQL  localhost:3306 ssl  tbd2  SQL > alter table horario add constraint foreign key (idestudiante) references estudiante(idestudiante) on delete cascade on update cascade;
Query OK, 3 rows affected (0.0926 sec)

Records: 3  Duplicates: 0  Warnings: 0
 MySQL  localhost:3306 ssl  tbd2  SQL > show create table horario;
+---------+----------------------------------------------------------------------------------------------------------------------------------------------------------------------------------------------------------------------------------------------------------------------------------------------------------------------------------------------------------------------------------------------------------------------------------------------------------------------------------------------------------------------------+
| Table   | Create Table                                                                                                                                                                                                                                                                                                                                                                                                                                                                                                               |
+---------+----------------------------------------------------------------------------------------------------------------------------------------------------------------------------------------------------------------------------------------------------------------------------------------------------------------------------------------------------------------------------------------------------------------------------------------------------------------------------------------------------------------------------+
| horario | CREATE TABLE `horario` (
  `idhorario` int NOT NULL AUTO_INCREMENT,
  `idestudiante` int NOT NULL,
  PRIMARY KEY (`idhorario`),
  KEY `idestudiante` (`idestudiante`),
  CONSTRAINT `horario_ibfk_1` FOREIGN KEY (`idestudiante`) REFERENCES `estudiante` (`idestudiante`) ON DELETE RESTRICT,
  CONSTRAINT `horario_ibfk_2` FOREIGN KEY (`idestudiante`) REFERENCES `estudiante` (`idestudiante`) ON DELETE CASCADE ON UPDATE CASCADE
) ENGINE=InnoDB AUTO_INCREMENT=6 DEFAULT CHARSET=utf8mb4 COLLATE=utf8mb4_0900_ai_ci |
+---------+----------------------------------------------------------------------------------------------------------------------------------------------------------------------------------------------------------------------------------------------------------------------------------------------------------------------------------------------------------------------------------------------------------------------------------------------------------------------------------------------------------------------------+
1 row in set (0.0009 sec)
 MySQL  localhost:3306 ssl  tbd2  SQL > show create table detallehorario;
+----------------+--------------------------------------------------------------------------------------------------------------------------------------------------------------------------------------------------------------------------------------------------------------------------------------------------------------------------------------------------------------------------------------------------------------------------------------------------------------------------------------------------------------------------------------------------------------------------------------------------------------------------------------+
| Table          | Create Table                                                                                                                                                                                                                                                                                                                                                                                                                                                                                                                                                                                                                         |
+----------------+--------------------------------------------------------------------------------------------------------------------------------------------------------------------------------------------------------------------------------------------------------------------------------------------------------------------------------------------------------------------------------------------------------------------------------------------------------------------------------------------------------------------------------------------------------------------------------------------------------------------------------------+
| detallehorario | CREATE TABLE `detallehorario` (
  `iddetallehorario` int NOT NULL AUTO_INCREMENT,
  `idhorario` int NOT NULL,
  `idasignatura` int NOT NULL,
  PRIMARY KEY (`iddetallehorario`),
  KEY `idhorario` (`idhorario`),
  KEY `idasignatura` (`idasignatura`),
  CONSTRAINT `detallehorario_ibfk_1` FOREIGN KEY (`idhorario`) REFERENCES `horario` (`idhorario`) ON DELETE RESTRICT ON UPDATE CASCADE,
  CONSTRAINT `detallehorario_ibfk_2` FOREIGN KEY (`idasignatura`) REFERENCES `asignatura` (`idasignatura`) ON DELETE RESTRICT ON UPDATE CASCADE
) ENGINE=InnoDB AUTO_INCREMENT=6 DEFAULT CHARSET=utf8mb4 COLLATE=utf8mb4_0900_ai_ci |
+----------------+--------------------------------------------------------------------------------------------------------------------------------------------------------------------------------------------------------------------------------------------------------------------------------------------------------------------------------------------------------------------------------------------------------------------------------------------------------------------------------------------------------------------------------------------------------------------------------------------------------------------------------------+
1 row in set (0.0019 sec)
 MySQL  localhost:3306 ssl  tbd2  SQL > alter table detallehorario drop constraint detallehorario drop constraint detallehorario_ibfk_1;
ERROR: 1064 (42000): You have an error in your SQL syntax; check the manual that corresponds to your MySQL server version for the right syntax to use near 'drop constraint detallehorario_ibfk_1' at line 1
 MySQL  localhost:3306 ssl  tbd2  SQL > alter table detallehorario drop constraint detallehorario_ibfk_1;
Query OK, 0 rows affected (0.0358 sec)

Records: 0  Duplicates: 0  Warnings: 0
 MySQL  localhost:3306 ssl  tbd2  SQL > alter table detallehorario add constraint FOREIGN KEY (idhorario) REFERENCES horario (idhorario) ON DELETE CASCADE ON UPDATE CASCADE;
Query OK, 5 rows affected (0.1119 sec)

Records: 5  Duplicates: 0  Warnings: 0
 MySQL  localhost:3306 ssl  tbd2  SQL > alter table detallehorario add constraint FOREIGN KEY (idasignatura) REFERENCES asignatura (idasignatura) ON DELETE CASCADE ON UPDATE CASCADE;
Query OK, 5 rows affected (0.1109 sec)

Records: 5  Duplicates: 0  Warnings: 0
 MySQL  localhost:3306 ssl  tbd2  SQL > show create table detallehorario;
+----------------+-------------------------------------------------------------------------------------------------------------------------------------------------------------------------------------------------------------------------------------------------------------------------------------------------------------------------------------------------------------------------------------------------------------------------------------------------------------------------------------------------------------------------------------------------------------------------------------------------------------------------------------------------------------------------------------------------------------------------------------------------------------------------------------+
| Table          | Create Table                                                                                                                                                                                                                                                                                                                                                                                                                                                                                                                                                                                                                                                                                                                                                                        |
+----------------+-------------------------------------------------------------------------------------------------------------------------------------------------------------------------------------------------------------------------------------------------------------------------------------------------------------------------------------------------------------------------------------------------------------------------------------------------------------------------------------------------------------------------------------------------------------------------------------------------------------------------------------------------------------------------------------------------------------------------------------------------------------------------------------+
| detallehorario | CREATE TABLE `detallehorario` (
  `iddetallehorario` int NOT NULL AUTO_INCREMENT,
  `idhorario` int NOT NULL,
  `idasignatura` int NOT NULL,
  PRIMARY KEY (`iddetallehorario`),
  KEY `idhorario` (`idhorario`),
  KEY `idasignatura` (`idasignatura`),
  CONSTRAINT `detallehorario_ibfk_2` FOREIGN KEY (`idasignatura`) REFERENCES `asignatura` (`idasignatura`) ON DELETE RESTRICT ON UPDATE CASCADE,
  CONSTRAINT `detallehorario_ibfk_3` FOREIGN KEY (`idhorario`) REFERENCES `horario` (`idhorario`) ON DELETE CASCADE ON UPDATE CASCADE,
  CONSTRAINT `detallehorario_ibfk_4` FOREIGN KEY (`idasignatura`) REFERENCES `asignatura` (`idasignatura`) ON DELETE CASCADE ON UPDATE CASCADE
) ENGINE=InnoDB AUTO_INCREMENT=6 DEFAULT CHARSET=utf8mb4 COLLATE=utf8mb4_0900_ai_ci |
+----------------+-------------------------------------------------------------------------------------------------------------------------------------------------------------------------------------------------------------------------------------------------------------------------------------------------------------------------------------------------------------------------------------------------------------------------------------------------------------------------------------------------------------------------------------------------------------------------------------------------------------------------------------------------------------------------------------------------------------------------------------------------------------------------------------+
1 row in set (0.0013 sec)
 MySQL  localhost:3306 ssl  tbd2  SQL > select * from detallehorario;
+------------------+-----------+--------------+
| iddetallehorario | idhorario | idasignatura |
+------------------+-----------+--------------+
|                1 |         5 |            2 |
|                2 |         2 |            1 |
|                3 |         3 |            1 |
|                4 |         3 |            4 |
|                5 |         5 |            5 |
+------------------+-----------+--------------+
5 rows in set (0.0015 sec)
 MySQL  localhost:3306 ssl  tbd2  SQL > select * from horario where idhorario = 5;
+-----------+--------------+
| idhorario | idestudiante |
+-----------+--------------+
|         5 |           10 |
+-----------+--------------+
1 row in set (0.0014 sec)
 MySQL  localhost:3306 ssl  tbd2  SQL > select * from estudiante where idestudiante = 5;
Empty set (0.0025 sec)
 MySQL  localhost:3306 ssl  tbd2  SQL > select * from estudiante where idestudiante = 10;
+--------------+------------+------------+
| idestudiante | nombre     | fecha_nac  |
+--------------+------------+------------+
|           10 | Luis Rivas | 2003-12-29 |
+--------------+------------+------------+
1 row in set (0.0011 sec)
 MySQL  localhost:3306 ssl  tbd2  SQL > select * from asignatura;
+--------------+--------------------------+----------+
| idasignatura | nombre                   | creditos |
+--------------+--------------------------+----------+
|            1 | Ecuaciones Diferenciales |        5 |
|            2 | Programacion Web         |        5 |
|            3 | Base de Datos            |        5 |
|            4 | Quimica                  |        3 |
|            5 | Fisica                   |        1 |
+--------------+--------------------------+----------+
5 rows in set (0.0019 sec)
 MySQL  localhost:3306 ssl  tbd2  SQL > delete from estudiante where idestudiante = 10;
ERROR: 1451 (23000): Cannot delete or update a parent row: a foreign key constraint fails (`tbd2`.`horario`, CONSTRAINT `horario_ibfk_1` FOREIGN KEY (`idestudiante`) REFERENCES `estudiante` (`idestudiante`) ON DELETE RESTRICT)
 MySQL  localhost:3306 ssl  tbd2  SQL > select * from estudiante;
+--------------+-----------------+------------+
| idestudiante | nombre          | fecha_nac  |
+--------------+-----------------+------------+
|            2 | michelle tellez | 2003-10-12 |
|            3 | sdfdfg          | 2001-12-12 |
|           10 | Luis Rivas      | 2003-12-29 |
+--------------+-----------------+------------+
3 rows in set (0.0012 sec)
 MySQL  localhost:3306 ssl  tbd2  SQL > select * from horario;
+-----------+--------------+
| idhorario | idestudiante |
+-----------+--------------+
|         2 |            2 |
|         3 |            3 |
|         5 |           10 |
+-----------+--------------+
3 rows in set (0.0011 sec)
 MySQL  localhost:3306 ssl  tbd2  SQL > select * from detallehorario;
+------------------+-----------+--------------+
| iddetallehorario | idhorario | idasignatura |
+------------------+-----------+--------------+
|                1 |         5 |            2 |
|                2 |         2 |            1 |
|                3 |         3 |            1 |
|                4 |         3 |            4 |
|                5 |         5 |            5 |
+------------------+-----------+--------------+
5 rows in set (0.0009 sec)
 MySQL  localhost:3306 ssl  tbd2  SQL > use sakila;
Default schema set to `sakila`.
Fetching global names, object names from `sakila` for auto-completion... Press ^C to stop.
 MySQL  localhost:3306 ssl  sakila  SQL > show tables;
+----------------------------+
| Tables_in_sakila           |
+----------------------------+
| actor                      |
| actor_info                 |
| address                    |
| category                   |
| city                       |
| country                    |
| customer                   |
| customer_list              |
| film                       |
| film_actor                 |
| film_category              |
| film_list                  |
| film_text                  |
| inventory                  |
| language                   |
| nicer_but_slower_film_list |
| payment                    |
| rental                     |
| sales_by_film_category     |
| sales_by_store             |
| staff                      |
| staff_list                 |
| store                      |
+----------------------------+
23 rows in set (0.0025 sec)
 MySQL  localhost:3306 ssl  sakila  SQL > use tb2;
MySQL Error 1049: Unknown database 'tb2'
 MySQL  localhost:3306 ssl  sakila  SQL > use tbd2;
Default schema set to `tbd2`.
Fetching global names, object names from `tbd2` for auto-completion... Press ^C to stop.
 MySQL  localhost:3306 ssl  tbd2  SQL > select * from venta;
+---------+------------+-----------+
| idventa | fecha      | idcliente |
+---------+------------+-----------+
|       2 | 2025-09-17 |         3 |
|       3 | 2025-09-17 |         2 |
+---------+------------+-----------+
2 rows in set (0.0457 sec)
 MySQL  localhost:3306 ssl  tbd2  SQL > select * from cliente;
+-----------+--------+---------+
| idcliente | nombre | rfc     |
+-----------+--------+---------+
|         2 | pepe   | sdfghth |
|         3 | pedro  | 4574tfg |
+-----------+--------+---------+
2 rows in set (0.0487 sec)
 MySQL  localhost:3306 ssl  tbd2  SQL > insert into cliente (nombre, rfc) value ("Juan","ASDADF");
Query OK, 1 row affected (0.0275 sec)
 MySQL  localhost:3306 ssl  tbd2  SQL > select * from cliente;
+-----------+--------+---------+
| idcliente | nombre | rfc     |
+-----------+--------+---------+
|         2 | pepe   | sdfghth |
|         3 | pedro  | 4574tfg |
|         4 | Juan   | ASDADF  |
+-----------+--------+---------+
3 rows in set (0.0009 sec)
 MySQL  localhost:3306 ssl  tbd2  SQL > select * from ventadetalle;
+----------------+---------+------------+----------+
| idventadetalle | idventa | idproducto | cantidad |
+----------------+---------+------------+----------+
|              1 |       2 |          1 |        5 |
|              2 |       3 |          2 |        1 |
|              3 |       2 |          3 |        3 |
+----------------+---------+------------+----------+
3 rows in set (0.0425 sec)
 MySQL  localhost:3306 ssl  tbd2  SQL > select * from venta;
+---------+------------+-----------+
| idventa | fecha      | idcliente |
+---------+------------+-----------+
|       2 | 2025-09-17 |         3 |
|       3 | 2025-09-17 |         2 |
+---------+------------+-----------+
2 rows in set (0.0008 sec)
 MySQL  localhost:3306 ssl  tbd2  SQL > select * cliente;
ERROR: 1064 (42000): You have an error in your SQL syntax; check the manual that corresponds to your MySQL server version for the right syntax to use near 'cliente' at line 1
 MySQL  localhost:3306 ssl  tbd2  SQL > select * from cliente;
+-----------+--------+---------+
| idcliente | nombre | rfc     |
+-----------+--------+---------+
|         2 | pepe   | sdfghth |
|         3 | pedro  | 4574tfg |
|         4 | Juan   | ASDADF  |
+-----------+--------+---------+
3 rows in set (0.0008 sec)
 MySQL  localhost:3306 ssl  tbd2  SQL > select * from cliente where idcliente in (select idcliente from venta);
+-----------+--------+---------+
| idcliente | nombre | rfc     |
+-----------+--------+---------+
|         2 | pepe   | sdfghth |
|         3 | pedro  | 4574tfg |
+-----------+--------+---------+
2 rows in set (0.0247 sec)
 MySQL  localhost:3306 ssl  tbd2  SQL > select idcliente from venta;
+-----------+
| idcliente |
+-----------+
|         2 |
|         3 |
+-----------+
2 rows in set (0.0015 sec)
 MySQL  localhost:3306 ssl  tbd2  SQL > select distinct idcliente from venta;
+-----------+
| idcliente |
+-----------+
|         2 |
|         3 |
+-----------+
2 rows in set (0.0243 sec)
 MySQL  localhost:3306 ssl  tbd2  SQL > select * from cliente where idcliente in (select distinct idcliente from venta);
+-----------+--------+---------+
| idcliente | nombre | rfc     |
+-----------+--------+---------+
|         2 | pepe   | sdfghth |
|         3 | pedro  | 4574tfg |
+-----------+--------+---------+
2 rows in set (0.0012 sec)
 MySQL  localhost:3306 ssl  tbd2  SQL > select * from cliente where idcliente not in (select idcliente from venta);
+-----------+--------+--------+
| idcliente | nombre | rfc    |
+-----------+--------+--------+
|         4 | Juan   | ASDADF |
+-----------+--------+--------+
1 row in set (0.0010 sec)
 MySQL  localhost:3306 ssl  tbd2  SQL > desc producto;
+------------+--------------+------+-----+---------+----------------+
| Field      | Type         | Null | Key | Default | Extra          |
+------------+--------------+------+-----+---------+----------------+
| idproducto | int          | NO   | PRI | NULL    | auto_increment |
| nombre     | varchar(50)  | NO   |     | NULL    |                |
| precio     | decimal(8,2) | NO   |     | NULL    |                |
+------------+--------------+------+-----+---------+----------------+
3 rows in set (0.0267 sec)
 MySQL  localhost:3306 ssl  tbd2  SQL > select * from producto where idproducto in (select distinct idproducto from ventadetalle);
+------------+---------+----------+
| idproducto | nombre  | precio   |
+------------+---------+----------+
|          1 | Celular |  1000.00 |
|          2 | TV      | 15234.44 |
|          3 | Laptop  | 32425.12 |
+------------+---------+----------+
3 rows in set (0.0481 sec)
 MySQL  localhost:3306 ssl  tbd2  SQL > select * from producto where idproducto not in (select distinct idproducto from ventadetalle);
Empty set (0.0011 sec)
 MySQL  localhost:3306 ssl  tbd2  SQL > select count(*) from producto where idproducto not in (select distinct idproducto from ventadetalle);
+----------+
| count(*) |
+----------+
|        0 |
+----------+
1 row in set (0.0030 sec)
 MySQL  localhost:3306 ssl  tbd2  SQL > select count(*) from producto where idproducto in (select distinct idproducto from ventadetalle);
+----------+
| count(*) |
+----------+
|        3 |
+----------+
1 row in set (0.0009 sec)
 MySQL  localhost:3306 ssl  tbd2  SQL >